[13:09:34] last: 
[13:12:46] last: 
[13:15:57] last: 
[13:19:08] last: 
[13:22:19] last: iter     1 | steps      32,768 | SPS      45 | r_p0 +1.000 r_p1 -1.000 | clip_frac 0.134 | KL 0.0106 | H_fire 0.036 H_ang 4.18 H_ship 2.63 | V_loss 0.0016 | LR 0.000100 | early_stop=0
[13:25:30] last: iter     2 | steps      65,536 | SPS      78 | r_p0 -0.778 r_p1 +0.778 | clip_frac 0.162 | KL 0.0128 | H_fire 0.094 H_ang 4.20 H_ship 2.64 | V_loss 0.0023 | LR 0.000100 | early_stop=0
[13:28:41] last: iter     2 | steps      65,536 | SPS      78 | r_p0 -0.778 r_p1 +0.778 | clip_frac 0.162 | KL 0.0128 | H_fire 0.094 H_ang 4.20 H_ship 2.64 | V_loss 0.0023 | LR 0.000100 | early_stop=0
[13:31:52] last: iter     2 | steps      65,536 | SPS      78 | r_p0 -0.778 r_p1 +0.778 | clip_frac 0.162 | KL 0.0128 | H_fire 0.094 H_ang 4.20 H_ship 2.64 | V_loss 0.0023 | LR 0.000100 | early_stop=0
[13:35:06] last: iter     4 | steps     131,072 | SPS      86 | r_p0 -1.000 r_p1 +1.000 | clip_frac 0.231 | KL 0.0187 | H_fire 0.265 H_ang 4.19 H_ship 2.64 | V_loss 0.0029 | LR 0.000100 | early_stop=0
[13:38:26] last: iter     7 | steps     229,376 | SPS     134 | r_p0 -0.950 r_p1 +0.950 | clip_frac 0.257 | KL 0.0296 | H_fire 0.233 H_ang 4.15 H_ship 2.45 | V_loss 0.0020 | LR 0.000100 | early_stop=0
[13:41:37] last: iter     7 | steps     229,376 | SPS     134 | r_p0 -0.950 r_p1 +0.950 | clip_frac 0.257 | KL 0.0296 | H_fire 0.233 H_ang 4.15 H_ship 2.45 | V_loss 0.0020 | LR 0.000100 | early_stop=0
[13:44:48] last: iter     7 | steps     229,376 | SPS     134 | r_p0 -0.950 r_p1 +0.950 | clip_frac 0.257 | KL 0.0296 | H_fire 0.233 H_ang 4.15 H_ship 2.45 | V_loss 0.0020 | LR 0.000100 | early_stop=0
[13:48:02] last: iter     7 | steps     229,376 | SPS     134 | r_p0 -0.950 r_p1 +0.950 | clip_frac 0.257 | KL 0.0296 | H_fire 0.233 H_ang 4.15 H_ship 2.45 | V_loss 0.0020 | LR 0.000100 | early_stop=0
[13:51:13] last: iter     7 | steps     229,376 | SPS     134 | r_p0 -0.950 r_p1 +0.950 | clip_frac 0.257 | KL 0.0296 | H_fire 0.233 H_ang 4.15 H_ship 2.45 | V_loss 0.0020 | LR 0.000100 | early_stop=0
[13:54:25] last: iter     7 | steps     229,376 | SPS     134 | r_p0 -0.950 r_p1 +0.950 | clip_frac 0.257 | KL 0.0296 | H_fire 0.233 H_ang 4.15 H_ship 2.45 | V_loss 0.0020 | LR 0.000100 | early_stop=0
[13:57:41] last: iter     9 | steps     294,912 | SPS     101 | r_p0 +0.310 r_p1 -0.310 | clip_frac 0.255 | KL 0.0150 | H_fire 0.118 H_ang 4.18 H_ship 2.58 | V_loss 0.0012 | LR 0.000100 | early_stop=0
[14:00:52] last: iter    10 | steps     327,680 | SPS     108 | r_p0 +0.340 r_p1 -0.340 | clip_frac 0.263 | KL 0.0476 | H_fire 0.255 H_ang 4.18 H_ship 2.59 | V_loss 0.0022 | LR 0.000100 | early_stop=1
[14:04:02] last: iter     1 | steps      32,768 | SPS     640 | r_p0 +0.000 r_p1 +0.000 | clip_frac 0.138 | KL 0.0112 | H_fire 0.036 H_ang 4.18 H_ship 2.63 | V_loss 0.0011 | LR 0.000100 | early_stop=0
[14:07:13] last: iter     5 | steps     163,840 | SPS     634 | r_p0 +0.238 r_p1 -0.238 | clip_frac 0.311 | KL 0.0251 | H_fire 0.394 H_ang 4.18 H_ship 2.57 | V_loss 0.0015 | LR 0.000100 | early_stop=0
[14:10:31] last: iter     8 | steps     262,144 | SPS     623 | r_p0 +0.260 r_p1 -0.260 | clip_frac 0.335 | KL 0.0239 | H_fire 0.164 H_ang 4.14 H_ship 2.44 | V_loss 0.0046 | LR 0.000100 | early_stop=0
[14:13:42] last: iter     9 | steps     294,912 | SPS     625 | r_p0 +0.250 r_p1 -0.250 | clip_frac 0.317 | KL 0.0144 | H_fire 0.072 H_ang 4.19 H_ship 2.65 | V_loss 0.0012 | LR 0.000100 | early_stop=0
[14:16:53] last: iter     9 | steps     294,912 | SPS     625 | r_p0 +0.250 r_p1 -0.250 | clip_frac 0.317 | KL 0.0144 | H_fire 0.072 H_ang 4.19 H_ship 2.65 | V_loss 0.0012 | LR 0.000100 | early_stop=0
[14:20:03] last: iter     9 | steps     294,912 | SPS     625 | r_p0 +0.250 r_p1 -0.250 | clip_frac 0.317 | KL 0.0144 | H_fire 0.072 H_ang 4.19 H_ship 2.65 | V_loss 0.0012 | LR 0.000100 | early_stop=0
[14:23:13] last: iter     9 | steps     294,912 | SPS     625 | r_p0 +0.250 r_p1 -0.250 | clip_frac 0.317 | KL 0.0144 | H_fire 0.072 H_ang 4.19 H_ship 2.65 | V_loss 0.0012 | LR 0.000100 | early_stop=0
[14:26:25] last: iter     9 | steps     294,912 | SPS     625 | r_p0 +0.250 r_p1 -0.250 | clip_frac 0.317 | KL 0.0144 | H_fire 0.072 H_ang 4.19 H_ship 2.65 | V_loss 0.0012 | LR 0.000100 | early_stop=0
[14:29:36] last: iter     9 | steps     294,912 | SPS     625 | r_p0 +0.250 r_p1 -0.250 | clip_frac 0.317 | KL 0.0144 | H_fire 0.072 H_ang 4.19 H_ship 2.65 | V_loss 0.0012 | LR 0.000100 | early_stop=0
[14:32:47] last: iter    10 | steps     327,680 | SPS     202 | r_p0 +0.240 r_p1 -0.240 | clip_frac 0.308 | KL 0.0163 | H_fire 0.164 H_ang 4.18 H_ship 2.61 | V_loss 0.0020 | LR 0.000100 | early_stop=0
[14:35:57] last: iter    10 | steps     327,680 | SPS     202 | r_p0 +0.240 r_p1 -0.240 | clip_frac 0.308 | KL 0.0163 | H_fire 0.164 H_ang 4.18 H_ship 2.61 | V_loss 0.0020 | LR 0.000100 | early_stop=0
[14:39:08] last: iter    10 | steps     327,680 | SPS     202 | r_p0 +0.240 r_p1 -0.240 | clip_frac 0.308 | KL 0.0163 | H_fire 0.164 H_ang 4.18 H_ship 2.61 | V_loss 0.0020 | LR 0.000100 | early_stop=0
[14:42:19] last: iter    10 | steps     327,680 | SPS     202 | r_p0 +0.240 r_p1 -0.240 | clip_frac 0.308 | KL 0.0163 | H_fire 0.164 H_ang 4.18 H_ship 2.61 | V_loss 0.0020 | LR 0.000100 | early_stop=0
[14:45:29] last: iter    10 | steps     327,680 | SPS     202 | r_p0 +0.240 r_p1 -0.240 | clip_frac 0.308 | KL 0.0163 | H_fire 0.164 H_ang 4.18 H_ship 2.61 | V_loss 0.0020 | LR 0.000100 | early_stop=0
[14:48:40] last: iter    10 | steps     327,680 | SPS     202 | r_p0 +0.240 r_p1 -0.240 | clip_frac 0.308 | KL 0.0163 | H_fire 0.164 H_ang 4.18 H_ship 2.61 | V_loss 0.0020 | LR 0.000100 | early_stop=0
[14:51:51] last: iter    11 | steps     360,448 | SPS     127 | r_p0 +0.240 r_p1 -0.240 | clip_frac 0.304 | KL 0.0143 | H_fire 0.236 H_ang 4.19 H_ship 2.60 | V_loss 0.0013 | LR 0.000100 | early_stop=0
[14:55:02] last: iter    11 | steps     360,448 | SPS     127 | r_p0 +0.240 r_p1 -0.240 | clip_frac 0.304 | KL 0.0143 | H_fire 0.236 H_ang 4.19 H_ship 2.60 | V_loss 0.0013 | LR 0.000100 | early_stop=0
[14:58:13] last: iter    11 | steps     360,448 | SPS     127 | r_p0 +0.240 r_p1 -0.240 | clip_frac 0.304 | KL 0.0143 | H_fire 0.236 H_ang 4.19 H_ship 2.60 | V_loss 0.0013 | LR 0.000100 | early_stop=0
[15:01:24] last: iter    11 | steps     360,448 | SPS     127 | r_p0 +0.240 r_p1 -0.240 | clip_frac 0.304 | KL 0.0143 | H_fire 0.236 H_ang 4.19 H_ship 2.60 | V_loss 0.0013 | LR 0.000100 | early_stop=0
[15:04:35] last: iter    11 | steps     360,448 | SPS     127 | r_p0 +0.240 r_p1 -0.240 | clip_frac 0.304 | KL 0.0143 | H_fire 0.236 H_ang 4.19 H_ship 2.60 | V_loss 0.0013 | LR 0.000100 | early_stop=0
[15:07:46] last: iter    13 | steps     425,984 | SPS     111 | r_p0 -0.140 r_p1 +0.140 | clip_frac 0.317 | KL 0.0377 | H_fire 0.285 H_ang 4.15 H_ship 2.51 | V_loss 0.0018 | LR 0.000100 | early_stop=0
[15:10:57] last: iter    17 | steps     557,056 | SPS     137 | r_p0 -0.660 r_p1 +0.660 | clip_frac 0.304 | KL 0.0129 | H_fire 0.108 H_ang 4.17 H_ship 2.62 | V_loss 0.0011 | LR 0.000100 | early_stop=0
[15:14:08] last: iter    20 | steps     655,360 | SPS     154 | r_p0 -0.100 r_p1 +0.100 | clip_frac 0.312 | KL 0.0221 | H_fire 0.314 H_ang 4.19 H_ship 2.62 | V_loss 0.0020 | LR 0.000100 | early_stop=0
[15:17:28] last: iter    23 | steps     753,664 | SPS     169 | r_p0 +0.780 r_p1 -0.780 | clip_frac 0.321 | KL 0.0239 | H_fire 0.275 H_ang 4.13 H_ship 2.42 | V_loss 0.0029 | LR 0.000100 | early_stop=0
[15:20:39] last: iter    25 | steps     819,200 | SPS     177 | r_p0 +0.100 r_p1 -0.100 | clip_frac 0.313 | KL 0.0136 | H_fire 0.113 H_ang 4.18 H_ship 2.63 | V_loss 0.0046 | LR 0.000100 | early_stop=0
[15:23:50] last: iter    26 | steps     851,968 | SPS     182 | r_p0 -0.510 r_p1 +0.510 | clip_frac 0.313 | KL 0.0200 | H_fire 0.283 H_ang 4.17 H_ship 2.61 | V_loss 0.0030 | LR 0.000100 | early_stop=0
[15:27:03] last: iter    26 | steps     851,968 | SPS     182 | r_p0 -0.510 r_p1 +0.510 | clip_frac 0.313 | KL 0.0200 | H_fire 0.283 H_ang 4.17 H_ship 2.61 | V_loss 0.0030 | LR 0.000100 | early_stop=0
[15:30:14] last: iter    26 | steps     851,968 | SPS     182 | r_p0 -0.510 r_p1 +0.510 | clip_frac 0.313 | KL 0.0200 | H_fire 0.283 H_ang 4.17 H_ship 2.61 | V_loss 0.0030 | LR 0.000100 | early_stop=0
[15:33:25] last: iter    26 | steps     851,968 | SPS     182 | r_p0 -0.510 r_p1 +0.510 | clip_frac 0.313 | KL 0.0200 | H_fire 0.283 H_ang 4.17 H_ship 2.61 | V_loss 0.0030 | LR 0.000100 | early_stop=0
ssh: connect to host 32.198.66.117 port 22: Operation timed out
rsync(50861): error: unexpected end of file
ssh: connect to host 32.198.66.117 port 22: Network is unreachable
rsync(51017): error: unexpected end of file
[15:36:35] last: iter    26 | steps     851,968 | SPS     182 | r_p0 -0.510 r_p1 +0.510 | clip_frac 0.313 | KL 0.0200 | H_fire 0.283 H_ang 4.17 H_ship 2.61 | V_loss 0.0030 | LR 0.000100 | early_stop=0
[15:39:46] last: iter    29 | steps     950,272 | SPS     165 | r_p0 -0.460 r_p1 +0.460 | clip_frac 0.318 | KL 0.0203 | H_fire 0.294 H_ang 4.17 H_ship 2.52 | V_loss 0.0015 | LR 0.000100 | early_stop=0
[15:43:31] last: iter    33 | steps   1,081,344 | SPS     180 | r_p0 +0.160 r_p1 -0.160 | clip_frac 0.315 | KL 0.0171 | H_fire 0.196 H_ang 4.17 H_ship 2.58 | V_loss 0.0014 | LR 0.000100 | early_stop=0
[15:46:42] last: iter    36 | steps   1,179,648 | SPS     189 | r_p0 +0.230 r_p1 -0.230 | clip_frac 0.317 | KL 0.0175 | H_fire 0.288 H_ang 4.17 H_ship 2.57 | V_loss 0.0024 | LR 0.000100 | early_stop=0
[15:49:53] last: iter    39 | steps   1,277,952 | SPS     199 | r_p0 +0.080 r_p1 -0.080 | clip_frac 0.322 | KL 0.0250 | H_fire 0.276 H_ang 4.14 H_ship 2.42 | V_loss 0.0047 | LR 0.000100 | early_stop=0
[15:53:05] last: iter    42 | steps   1,376,256 | SPS     209 | r_p0 +0.010 r_p1 -0.010 | clip_frac 0.319 | KL 0.0157 | H_fire 0.287 H_ang 4.17 H_ship 2.57 | V_loss 0.0020 | LR 0.000100 | early_stop=0
[15:56:17] last: iter    45 | steps   1,474,560 | SPS     217 | r_p0 +0.250 r_p1 -0.250 | clip_frac 0.324 | KL 0.0214 | H_fire 0.277 H_ang 4.16 H_ship 2.50 | V_loss 0.0028 | LR 0.000100 | early_stop=0
[15:59:28] last: iter    48 | steps   1,572,864 | SPS     225 | r_p0 +0.060 r_p1 -0.060 | clip_frac 0.324 | KL 0.0142 | H_fire 0.148 H_ang 4.18 H_ship 2.60 | V_loss 0.0021 | LR 0.000100 | early_stop=0
[16:02:40] last: iter    51 | steps   1,671,168 | SPS     233 | r_p0 -0.070 r_p1 +0.070 | clip_frac 0.331 | KL 0.0195 | H_fire 0.299 H_ang 4.19 H_ship 2.61 | V_loss 0.0025 | LR 0.000100 | early_stop=0
[16:05:51] last: iter    54 | steps   1,769,472 | SPS     240 | r_p0 +0.080 r_p1 -0.080 | clip_frac 0.336 | KL 0.0219 | H_fire 0.262 H_ang 4.16 H_ship 2.49 | V_loss 0.0024 | LR 0.000100 | early_stop=0
[16:09:02] last: iter    57 | steps   1,867,776 | SPS     248 | r_p0 +0.090 r_p1 -0.090 | clip_frac 0.331 | KL 0.0139 | H_fire 0.255 H_ang 4.18 H_ship 2.61 | V_loss 0.0022 | LR 0.000100 | early_stop=0
[16:12:13] last: iter    60 | steps   1,966,080 | SPS     256 | r_p0 +0.040 r_p1 -0.040 | clip_frac 0.342 | KL 0.0207 | H_fire 0.326 H_ang 4.16 H_ship 2.52 | V_loss 0.0024 | LR 0.000100 | early_stop=0
[16:15:25] last: iter    60 | steps   1,966,080 | SPS     256 | r_p0 +0.040 r_p1 -0.040 | clip_frac 0.342 | KL 0.0207 | H_fire 0.326 H_ang 4.16 H_ship 2.52 | V_loss 0.0024 | LR 0.000100 | early_stop=0
[16:18:36] last: iter    60 | steps   1,966,080 | SPS     256 | r_p0 +0.040 r_p1 -0.040 | clip_frac 0.342 | KL 0.0207 | H_fire 0.326 H_ang 4.16 H_ship 2.52 | V_loss 0.0024 | LR 0.000100 | early_stop=0
[16:21:48] last: iter    60 | steps   1,966,080 | SPS     256 | r_p0 +0.040 r_p1 -0.040 | clip_frac 0.342 | KL 0.0207 | H_fire 0.326 H_ang 4.16 H_ship 2.52 | V_loss 0.0024 | LR 0.000100 | early_stop=0
[16:24:59] last: iter    60 | steps   1,966,080 | SPS     256 | r_p0 +0.040 r_p1 -0.040 | clip_frac 0.342 | KL 0.0207 | H_fire 0.326 H_ang 4.16 H_ship 2.52 | V_loss 0.0024 | LR 0.000100 | early_stop=0
[16:28:10] last: iter    60 | steps   1,966,080 | SPS     256 | r_p0 +0.040 r_p1 -0.040 | clip_frac 0.342 | KL 0.0207 | H_fire 0.326 H_ang 4.16 H_ship 2.52 | V_loss 0.0024 | LR 0.000100 | early_stop=0
[16:31:21] last: iter    60 | steps   1,966,080 | SPS     256 | r_p0 +0.040 r_p1 -0.040 | clip_frac 0.342 | KL 0.0207 | H_fire 0.326 H_ang 4.16 H_ship 2.52 | V_loss 0.0024 | LR 0.000100 | early_stop=0
[16:34:32] last: iter    61 | steps   1,998,848 | SPS     221 | r_p0 +0.030 r_p1 -0.030 | clip_frac 0.344 | KL 0.0213 | H_fire 0.296 H_ang 4.15 H_ship 2.48 | V_loss 0.0047 | LR 0.000100 | early_stop=0
[16:38:01] last: iter    64 | steps   2,097,152 | SPS     227 | r_p0 +0.090 r_p1 -0.090 | clip_frac 0.339 | KL 0.0173 | H_fire 0.197 H_ang 4.17 H_ship 2.57 | V_loss 0.0013 | LR 0.000100 | early_stop=0
[16:41:15] last: iter    67 | steps   2,195,456 | SPS     232 | r_p0 -0.390 r_p1 +0.390 | clip_frac 0.346 | KL 0.0194 | H_fire 0.345 H_ang 4.18 H_ship 2.57 | V_loss 0.0027 | LR 0.000100 | early_stop=0
[16:44:26] last: iter    71 | steps   2,326,528 | SPS     241 | r_p0 +0.080 r_p1 -0.080 | clip_frac 0.344 | KL 0.0191 | H_fire 0.212 H_ang 4.18 H_ship 2.59 | V_loss 0.0044 | LR 0.000100 | early_stop=0
[16:47:37] last: iter    75 | steps   2,457,600 | SPS     249 | r_p0 +0.150 r_p1 -0.150 | clip_frac 0.349 | KL 0.0202 | H_fire 0.304 H_ang 4.18 H_ship 2.59 | V_loss 0.0030 | LR 0.000100 | early_stop=0
[16:50:49] last: iter    78 | steps   2,555,904 | SPS     255 | r_p0 +0.080 r_p1 -0.080 | clip_frac 0.353 | KL 0.0219 | H_fire 0.302 H_ang 4.17 H_ship 2.52 | V_loss 0.0058 | LR 0.000100 | early_stop=0
[16:54:00] last: iter    81 | steps   2,654,208 | SPS     260 | r_p0 +0.010 r_p1 -0.010 | clip_frac 0.353 | KL 0.0189 | H_fire 0.306 H_ang 4.18 H_ship 2.58 | V_loss 0.0020 | LR 0.000100 | early_stop=0
[16:57:13] last: iter    84 | steps   2,752,512 | SPS     263 | r_p0 -0.650 r_p1 +0.650 | clip_frac 0.359 | KL 0.0185 | H_fire 0.236 H_ang 4.19 H_ship 2.58 | V_loss 0.0027 | LR 0.000100 | early_stop=0
[17:00:25] last: iter    86 | steps   2,818,048 | SPS     267 | r_p0 -0.170 r_p1 +0.170 | clip_frac 0.357 | KL 0.0172 | H_fire 0.260 H_ang 4.17 H_ship 2.55 | V_loss 0.0029 | LR 0.000100 | early_stop=0
[17:03:36] last: iter    86 | steps   2,818,048 | SPS     267 | r_p0 -0.170 r_p1 +0.170 | clip_frac 0.357 | KL 0.0172 | H_fire 0.260 H_ang 4.17 H_ship 2.55 | V_loss 0.0029 | LR 0.000100 | early_stop=0
[17:06:47] last: iter    86 | steps   2,818,048 | SPS     267 | r_p0 -0.170 r_p1 +0.170 | clip_frac 0.357 | KL 0.0172 | H_fire 0.260 H_ang 4.17 H_ship 2.55 | V_loss 0.0029 | LR 0.000100 | early_stop=0
[17:09:58] last: iter    86 | steps   2,818,048 | SPS     267 | r_p0 -0.170 r_p1 +0.170 | clip_frac 0.357 | KL 0.0172 | H_fire 0.260 H_ang 4.17 H_ship 2.55 | V_loss 0.0029 | LR 0.000100 | early_stop=0
[17:13:11] last: iter    86 | steps   2,818,048 | SPS     267 | r_p0 -0.170 r_p1 +0.170 | clip_frac 0.357 | KL 0.0172 | H_fire 0.260 H_ang 4.17 H_ship 2.55 | V_loss 0.0029 | LR 0.000100 | early_stop=0
[17:16:22] last: iter    86 | steps   2,818,048 | SPS     267 | r_p0 -0.170 r_p1 +0.170 | clip_frac 0.357 | KL 0.0172 | H_fire 0.260 H_ang 4.17 H_ship 2.55 | V_loss 0.0029 | LR 0.000100 | early_stop=0
[17:19:33] last: iter    86 | steps   2,818,048 | SPS     267 | r_p0 -0.170 r_p1 +0.170 | clip_frac 0.357 | KL 0.0172 | H_fire 0.260 H_ang 4.17 H_ship 2.55 | V_loss 0.0029 | LR 0.000100 | early_stop=0
[17:22:44] last: iter    87 | steps   2,850,816 | SPS     239 | r_p0 -0.110 r_p1 +0.110 | clip_frac 0.355 | KL 0.0288 | H_fire 0.232 H_ang 4.19 H_ship 2.61 | V_loss 0.0024 | LR 0.000100 | early_stop=0
[17:25:55] last: iter    88 | steps   2,883,584 | SPS     240 | r_p0 -0.050 r_p1 +0.050 | clip_frac 0.355 | KL 0.0246 | H_fire 0.315 H_ang 4.18 H_ship 2.58 | V_loss 0.0032 | LR 0.000100 | early_stop=0
[17:29:08] last: iter    88 | steps   2,883,584 | SPS     240 | r_p0 -0.050 r_p1 +0.050 | clip_frac 0.355 | KL 0.0246 | H_fire 0.315 H_ang 4.18 H_ship 2.58 | V_loss 0.0032 | LR 0.000100 | early_stop=0
[17:32:20] last: iter    88 | steps   2,883,584 | SPS     240 | r_p0 -0.050 r_p1 +0.050 | clip_frac 0.355 | KL 0.0246 | H_fire 0.315 H_ang 4.18 H_ship 2.58 | V_loss 0.0032 | LR 0.000100 | early_stop=0
[17:35:31] last: iter    88 | steps   2,883,584 | SPS     240 | r_p0 -0.050 r_p1 +0.050 | clip_frac 0.355 | KL 0.0246 | H_fire 0.315 H_ang 4.18 H_ship 2.58 | V_loss 0.0032 | LR 0.000100 | early_stop=0
[17:38:42] last: iter    88 | steps   2,883,584 | SPS     240 | r_p0 -0.050 r_p1 +0.050 | clip_frac 0.355 | KL 0.0246 | H_fire 0.315 H_ang 4.18 H_ship 2.58 | V_loss 0.0032 | LR 0.000100 | early_stop=0
[17:41:53] last: iter    88 | steps   2,883,584 | SPS     240 | r_p0 -0.050 r_p1 +0.050 | clip_frac 0.355 | KL 0.0246 | H_fire 0.315 H_ang 4.18 H_ship 2.58 | V_loss 0.0032 | LR 0.000100 | early_stop=0
[17:45:04] last: iter    88 | steps   2,883,584 | SPS     240 | r_p0 -0.050 r_p1 +0.050 | clip_frac 0.355 | KL 0.0246 | H_fire 0.315 H_ang 4.18 H_ship 2.58 | V_loss 0.0032 | LR 0.000100 | early_stop=0
[17:48:15] last: iter    90 | steps   2,949,120 | SPS     219 | r_p0 -0.030 r_p1 +0.030 | clip_frac 0.359 | KL 0.0206 | H_fire 0.272 H_ang 4.17 H_ship 2.55 | V_loss 0.0021 | LR 0.000100 | early_stop=0
[17:51:43] last:   pool snapshot @ step 3,047,424
[17:54:55] last:   pool snapshot @ step 3,047,424
[17:58:05] last:   pool snapshot @ step 3,047,424
[18:01:17] last:   pool snapshot @ step 3,047,424
[18:04:28] last:   pool snapshot @ step 3,047,424
[18:07:38] last:   pool snapshot @ step 3,047,424
[18:10:50] last:   pool snapshot @ step 3,047,424
[18:14:01] last: iter    97 | steps   3,178,496 | SPS     211 | r_p0 +0.110 r_p1 -0.110 | clip_frac 0.360 | KL 0.0193 | H_fire 0.238 H_ang 4.17 H_ship 2.54 | V_loss 0.0015 | LR 0.000100 | early_stop=0
[18:17:12] last: iter    99 | steps   3,244,032 | SPS     213 | r_p0 -0.530 r_p1 +0.530 | clip_frac 0.364 | KL 0.0175 | H_fire 0.221 H_ang 4.17 H_ship 2.55 | V_loss 0.0038 | LR 0.000100 | early_stop=0
[18:20:23] last: iter   101 | steps   3,309,568 | SPS     215 | r_p0 -0.650 r_p1 +0.650 | clip_frac 0.362 | KL 0.0148 | H_fire 0.226 H_ang 4.17 H_ship 2.56 | V_loss 0.0043 | LR 0.000100 | early_stop=0
[18:23:34] last: iter   105 | steps   3,440,640 | SPS     220 | r_p0 -0.760 r_p1 +0.760 | clip_frac 0.355 | KL 0.0195 | H_fire 0.306 H_ang 4.17 H_ship 2.59 | V_loss 0.0016 | LR 0.000100 | early_stop=0
[18:26:49] last: iter   108 | steps   3,538,944 | SPS     224 | r_p0 -0.140 r_p1 +0.140 | clip_frac 0.357 | KL 0.0243 | H_fire 0.272 H_ang 4.16 H_ship 2.54 | V_loss 0.0052 | LR 0.000100 | early_stop=0
[18:30:00] last: iter   112 | steps   3,670,016 | SPS     229 | r_p0 +0.360 r_p1 -0.360 | clip_frac 0.353 | KL 0.0204 | H_fire 0.252 H_ang 4.17 H_ship 2.58 | V_loss 0.0021 | LR 0.000100 | early_stop=0
[18:33:11] last: iter   115 | steps   3,768,320 | SPS     233 | r_p0 +0.170 r_p1 -0.170 | clip_frac 0.363 | KL 0.0199 | H_fire 0.270 H_ang 4.16 H_ship 2.55 | V_loss 0.0022 | LR 0.000100 | early_stop=0
[18:36:22] last: iter   118 | steps   3,866,624 | SPS     237 | r_p0 +0.240 r_p1 -0.240 | clip_frac 0.366 | KL 0.0216 | H_fire 0.224 H_ang 4.17 H_ship 2.56 | V_loss 0.0021 | LR 0.000100 | early_stop=0
[18:39:33] last: iter   121 | steps   3,964,928 | SPS     239 | r_p0 -0.290 r_p1 +0.290 | clip_frac 0.366 | KL 0.0183 | H_fire 0.237 H_ang 4.17 H_ship 2.56 | V_loss 0.0029 | LR 0.000100 | early_stop=0
[18:42:52] last: iter   125 | steps   4,096,000 | SPS     244 | r_p0 -0.060 r_p1 +0.060 | clip_frac 0.368 | KL 0.0163 | H_fire 0.268 H_ang 4.16 H_ship 2.55 | V_loss 0.0029 | LR 0.000100 | early_stop=0
[18:46:03] last: iter   127 | steps   4,161,536 | SPS     246 | r_p0 -0.120 r_p1 +0.120 | clip_frac 0.366 | KL 0.0203 | H_fire 0.259 H_ang 4.16 H_ship 2.57 | V_loss 0.0019 | LR 0.000100 | early_stop=0
[18:49:14] last: iter   130 | steps   4,259,840 | SPS     249 | r_p0 -0.210 r_p1 +0.210 | clip_frac 0.368 | KL 0.0171 | H_fire 0.236 H_ang 4.17 H_ship 2.54 | V_loss 0.0027 | LR 0.000100 | early_stop=0
[18:52:25] last: iter   134 | steps   4,390,912 | SPS     253 | r_p0 -0.230 r_p1 +0.230 | clip_frac 0.366 | KL 0.0173 | H_fire 0.255 H_ang 4.18 H_ship 2.59 | V_loss 0.0016 | LR 0.000100 | early_stop=0
[18:55:36] last: iter   137 | steps   4,489,216 | SPS     256 | r_p0 -0.210 r_p1 +0.210 | clip_frac 0.372 | KL 0.0194 | H_fire 0.281 H_ang 4.17 H_ship 2.56 | V_loss 0.0026 | LR 0.000100 | early_stop=0
[18:58:47] last: iter   141 | steps   4,620,288 | SPS     260 | r_p0 +0.150 r_p1 -0.150 | clip_frac 0.371 | KL 0.0197 | H_fire 0.237 H_ang 4.19 H_ship 2.59 | V_loss 0.0031 | LR 0.000099 | early_stop=0
[19:01:58] last: iter   144 | steps   4,718,592 | SPS     264 | r_p0 +0.190 r_p1 -0.190 | clip_frac 0.375 | KL 0.0188 | H_fire 0.288 H_ang 4.17 H_ship 2.57 | V_loss 0.0023 | LR 0.000099 | early_stop=0
[19:05:09] last: iter   147 | steps   4,816,896 | SPS     266 | r_p0 +0.400 r_p1 -0.400 | clip_frac 0.379 | KL 0.0166 | H_fire 0.236 H_ang 4.17 H_ship 2.56 | V_loss 0.0023 | LR 0.000099 | early_stop=0
[19:08:20] last: iter   151 | steps   4,947,968 | SPS     270 | r_p0 +0.080 r_p1 -0.080 | clip_frac 0.383 | KL 0.0187 | H_fire 0.271 H_ang 4.17 H_ship 2.59 | V_loss 0.0024 | LR 0.000099 | early_stop=0
[19:11:31] last: iter   153 | steps   5,013,504 | SPS     271 | r_p0 +0.300 r_p1 -0.300 | clip_frac 0.391 | KL 0.0290 | H_fire 0.282 H_ang 4.17 H_ship 2.57 | V_loss 0.0070 | LR 0.000099 | early_stop=0
[19:14:42] last: iter   153 | steps   5,013,504 | SPS     271 | r_p0 +0.300 r_p1 -0.300 | clip_frac 0.391 | KL 0.0290 | H_fire 0.282 H_ang 4.17 H_ship 2.57 | V_loss 0.0070 | LR 0.000099 | early_stop=0
[19:18:12] last:   pool snapshot @ step 5,079,040
[19:21:23] last: iter   159 | steps   5,210,112 | SPS     273 | r_p0 +0.010 r_p1 -0.010 | clip_frac 0.393 | KL 0.0182 | H_fire 0.261 H_ang 4.18 H_ship 2.59 | V_loss 0.0021 | LR 0.000099 | early_stop=0
[19:24:34] last: iter   161 | steps   5,275,648 | SPS     274 | r_p0 +0.170 r_p1 -0.170 | clip_frac 0.398 | KL 0.0221 | H_fire 0.255 H_ang 4.18 H_ship 2.60 | V_loss 0.0040 | LR 0.000099 | early_stop=0
[19:27:45] last: iter   165 | steps   5,406,720 | SPS     278 | r_p0 +0.350 r_p1 -0.350 | clip_frac 0.394 | KL 0.0166 | H_fire 0.238 H_ang 4.19 H_ship 2.61 | V_loss 0.0016 | LR 0.000099 | early_stop=0
[19:30:57] last: iter   169 | steps   5,537,792 | SPS     281 | r_p0 +0.380 r_p1 -0.380 | clip_frac 0.394 | KL 0.0230 | H_fire 0.274 H_ang 4.17 H_ship 2.55 | V_loss 0.0024 | LR 0.000099 | early_stop=0
[19:34:08] last: iter   169 | steps   5,537,792 | SPS     281 | r_p0 +0.380 r_p1 -0.380 | clip_frac 0.394 | KL 0.0230 | H_fire 0.274 H_ang 4.17 H_ship 2.55 | V_loss 0.0024 | LR 0.000099 | early_stop=0
[19:37:19] last: iter   169 | steps   5,537,792 | SPS     281 | r_p0 +0.380 r_p1 -0.380 | clip_frac 0.394 | KL 0.0230 | H_fire 0.274 H_ang 4.17 H_ship 2.55 | V_loss 0.0024 | LR 0.000099 | early_stop=0
[19:40:30] last: iter   169 | steps   5,537,792 | SPS     281 | r_p0 +0.380 r_p1 -0.380 | clip_frac 0.394 | KL 0.0230 | H_fire 0.274 H_ang 4.17 H_ship 2.55 | V_loss 0.0024 | LR 0.000099 | early_stop=0
[19:43:41] last: iter   169 | steps   5,537,792 | SPS     281 | r_p0 +0.380 r_p1 -0.380 | clip_frac 0.394 | KL 0.0230 | H_fire 0.274 H_ang 4.17 H_ship 2.55 | V_loss 0.0024 | LR 0.000099 | early_stop=0
[19:46:52] last: iter   169 | steps   5,537,792 | SPS     281 | r_p0 +0.380 r_p1 -0.380 | clip_frac 0.394 | KL 0.0230 | H_fire 0.274 H_ang 4.17 H_ship 2.55 | V_loss 0.0024 | LR 0.000099 | early_stop=0
[19:50:03] last: iter   169 | steps   5,537,792 | SPS     281 | r_p0 +0.380 r_p1 -0.380 | clip_frac 0.394 | KL 0.0230 | H_fire 0.274 H_ang 4.17 H_ship 2.55 | V_loss 0.0024 | LR 0.000099 | early_stop=0
[19:53:13] last: iter   171 | steps   5,603,328 | SPS     267 | r_p0 +0.140 r_p1 -0.140 | clip_frac 0.393 | KL 0.0229 | H_fire 0.227 H_ang 4.17 H_ship 2.55 | V_loss 0.0027 | LR 0.000099 | early_stop=0
[19:56:25] last: iter   174 | steps   5,701,632 | SPS     269 | r_p0 +0.080 r_p1 -0.080 | clip_frac 0.390 | KL 0.0165 | H_fire 0.226 H_ang 4.17 H_ship 2.56 | V_loss 0.0013 | LR 0.000099 | early_stop=0
[19:59:36] last: iter   174 | steps   5,701,632 | SPS     269 | r_p0 +0.080 r_p1 -0.080 | clip_frac 0.390 | KL 0.0165 | H_fire 0.226 H_ang 4.17 H_ship 2.56 | V_loss 0.0013 | LR 0.000099 | early_stop=0
[20:02:47] last: iter   174 | steps   5,701,632 | SPS     269 | r_p0 +0.080 r_p1 -0.080 | clip_frac 0.390 | KL 0.0165 | H_fire 0.226 H_ang 4.17 H_ship 2.56 | V_loss 0.0013 | LR 0.000099 | early_stop=0
[20:05:58] last: iter   174 | steps   5,701,632 | SPS     269 | r_p0 +0.080 r_p1 -0.080 | clip_frac 0.390 | KL 0.0165 | H_fire 0.226 H_ang 4.17 H_ship 2.56 | V_loss 0.0013 | LR 0.000099 | early_stop=0
[20:09:09] last: iter   174 | steps   5,701,632 | SPS     269 | r_p0 +0.080 r_p1 -0.080 | clip_frac 0.390 | KL 0.0165 | H_fire 0.226 H_ang 4.17 H_ship 2.56 | V_loss 0.0013 | LR 0.000099 | early_stop=0
[20:12:24] last: iter   174 | steps   5,701,632 | SPS     269 | r_p0 +0.080 r_p1 -0.080 | clip_frac 0.390 | KL 0.0165 | H_fire 0.226 H_ang 4.17 H_ship 2.56 | V_loss 0.0013 | LR 0.000099 | early_stop=0
[20:15:35] last: iter   174 | steps   5,701,632 | SPS     269 | r_p0 +0.080 r_p1 -0.080 | clip_frac 0.390 | KL 0.0165 | H_fire 0.226 H_ang 4.17 H_ship 2.56 | V_loss 0.0013 | LR 0.000099 | early_stop=0
[20:18:53] last: iter   176 | steps   5,767,168 | SPS     256 | r_p0 +0.020 r_p1 -0.020 | clip_frac 0.391 | KL 0.0191 | H_fire 0.273 H_ang 4.18 H_ship 2.58 | V_loss 0.0021 | LR 0.000099 | early_stop=0
[20:22:11] last: iter   180 | steps   5,898,240 | SPS     259 | r_p0 +0.420 r_p1 -0.420 | clip_frac 0.388 | KL 0.0240 | H_fire 0.208 H_ang 4.17 H_ship 2.58 | V_loss 0.0019 | LR 0.000099 | early_stop=0
[20:25:29] last: iter   183 | steps   5,996,544 | SPS     262 | r_p0 +0.430 r_p1 -0.430 | clip_frac 0.388 | KL 0.0175 | H_fire 0.256 H_ang 4.17 H_ship 2.57 | V_loss 0.0021 | LR 0.000099 | early_stop=0
