Watching instance i-0ebc2d020a22781d3 at 54.173.24.124
Local sync target: /Users/saheb/home/kaggle-orbit-wars/gpu_run_artifacts
Polling every 3 min. Will terminate on detection of 'Training complete' or 'Early stop'.
---
[2026-05-23 09:30:04] iter 1  ckpts_local=8  last: iter     2 | steps      65,536 | SPS     658 | r_p0 +0.000 r_p1 +0.000 | clip_frac 0.131 | KL 0.0090 | H_fire 0.096 H_ang 4.16 H_ship 2.58 | V_loss 0.0012 | LR 0.000100 | early_stop=0
[2026-05-23 09:33:15] iter 2  ckpts_local=8  last: 
[2026-05-23 09:36:25] iter 3  ckpts_local=8  last: iter     7 | steps     229,376 | SPS   1,279 | r_p0 -0.083 r_p1 +0.083 | clip_frac 0.333 | KL 0.0500 | H_fire 0.331 H_ang 4.15 H_ship 2.55 | V_loss 0.0021 | LR 0.000100 | early_stop=1
[2026-05-23 09:39:37] iter 4  ckpts_local=8  last: iter    14 | steps     458,752 | SPS   1,222 | r_p0 +0.120 r_p1 -0.120 | clip_frac 0.331 | KL 0.0156 | H_fire 0.350 H_ang 4.15 H_ship 2.58 | V_loss 0.0022 | LR 0.000100 | early_stop=0
[2026-05-23 09:42:51] iter 5  ckpts_local=8  last: iter    21 | steps     688,128 | SPS   1,204 | r_p0 +0.270 r_p1 -0.270 | clip_frac 0.310 | KL 0.0152 | H_fire 0.361 H_ang 4.17 H_ship 2.60 | V_loss 0.0017 | LR 0.000100 | early_stop=0
[2026-05-23 09:46:08] iter 6  ckpts_local=8  last: iter    28 | steps     917,504 | SPS   1,194 | r_p0 +0.120 r_p1 -0.120 | clip_frac 0.295 | KL 0.0145 | H_fire 0.354 H_ang 4.17 H_ship 2.61 | V_loss 0.0017 | LR 0.000100 | early_stop=0
[2026-05-23 09:49:18] iter 7  ckpts_local=8  last: iter    35 | steps   1,146,880 | SPS   1,188 | r_p0 +0.270 r_p1 -0.270 | clip_frac 0.289 | KL 0.0133 | H_fire 0.302 H_ang 4.17 H_ship 2.59 | V_loss 0.0015 | LR 0.000100 | early_stop=0
[2026-05-23 09:52:28] iter 8  ckpts_local=8  last: iter    42 | steps   1,376,256 | SPS   1,185 | r_p0 +0.100 r_p1 -0.100 | clip_frac 0.286 | KL 0.0108 | H_fire 0.223 H_ang 4.17 H_ship 2.59 | V_loss 0.0019 | LR 0.000100 | early_stop=0
[2026-05-23 09:55:38] iter 9  ckpts_local=8  last: iter    48 | steps   1,572,864 | SPS   1,182 | r_p0 +0.220 r_p1 -0.220 | clip_frac 0.296 | KL 0.0104 | H_fire 0.085 H_ang 4.17 H_ship 2.58 | V_loss 0.0011 | LR 0.000100 | early_stop=0
[2026-05-23 09:58:48] iter 10  ckpts_local=8  last: iter    56 | steps   1,835,008 | SPS   1,180 | r_p0 +0.150 r_p1 -0.150 | clip_frac 0.300 | KL 0.0098 | H_fire 0.117 H_ang 4.17 H_ship 2.58 | V_loss 0.0013 | LR 0.000100 | early_stop=0
[2026-05-23 10:02:08] iter 11  ckpts_local=8  last: iter    62 | steps   2,031,616 | SPS   1,182 | r_p0 +0.200 r_p1 -0.200 | clip_frac 0.305 | KL 0.0177 | H_fire 0.221 H_ang 4.12 H_ship 2.51 | V_loss 0.0034 | LR 0.000100 | early_stop=0
[2026-05-23 10:05:18] iter 12  ckpts_local=8  last: iter    69 | steps   2,260,992 | SPS   1,180 | r_p0 +0.220 r_p1 -0.220 | clip_frac 0.305 | KL 0.0145 | H_fire 0.231 H_ang 4.12 H_ship 2.52 | V_loss 0.0025 | LR 0.000100 | early_stop=0
[2026-05-23 10:08:28] iter 13  ckpts_local=8  last: iter    76 | steps   2,490,368 | SPS   1,180 | r_p0 +0.090 r_p1 -0.090 | clip_frac 0.311 | KL 0.0151 | H_fire 0.248 H_ang 4.14 H_ship 2.54 | V_loss 0.0031 | LR 0.000100 | early_stop=0
[2026-05-23 10:11:39] iter 14  ckpts_local=8  last: iter    83 | steps   2,719,744 | SPS   1,179 | r_p0 +0.070 r_p1 -0.070 | clip_frac 0.319 | KL 0.0119 | H_fire 0.264 H_ang 4.15 H_ship 2.57 | V_loss 0.0031 | LR 0.000100 | early_stop=0
[2026-05-23 10:14:49] iter 15  ckpts_local=8  last: iter    90 | steps   2,949,120 | SPS   1,178 | r_p0 +0.120 r_p1 -0.120 | clip_frac 0.331 | KL 0.0122 | H_fire 0.266 H_ang 4.16 H_ship 2.59 | V_loss 0.0022 | LR 0.000100 | early_stop=0
[2026-05-23 10:18:00] iter 16  ckpts_local=8  last: iter    96 | steps   3,145,728 | SPS   1,177 | r_p0 +0.090 r_p1 -0.090 | clip_frac 0.329 | KL 0.0141 | H_fire 0.210 H_ang 4.16 H_ship 2.59 | V_loss 0.0019 | LR 0.000100 | early_stop=0
[2026-05-23 10:21:10] iter 17  ckpts_local=8  last: iter   103 | steps   3,375,104 | SPS   1,176 | r_p0 +0.020 r_p1 -0.020 | clip_frac 0.331 | KL 0.0123 | H_fire 0.171 H_ang 4.17 H_ship 2.59 | V_loss 0.0016 | LR 0.000100 | early_stop=0
[2026-05-23 10:24:20] iter 18  ckpts_local=8  last: iter   110 | steps   3,604,480 | SPS   1,176 | r_p0 +0.000 r_p1 +0.000 | clip_frac 0.337 | KL 0.0115 | H_fire 0.159 H_ang 4.17 H_ship 2.58 | V_loss 0.0025 | LR 0.000100 | early_stop=0
[2026-05-23 10:27:31] iter 19  ckpts_local=8  last: iter   117 | steps   3,833,856 | SPS   1,175 | r_p0 +0.210 r_p1 -0.210 | clip_frac 0.345 | KL 0.0147 | H_fire 0.198 H_ang 4.15 H_ship 2.53 | V_loss 0.0033 | LR 0.000100 | early_stop=0
[2026-05-23 10:30:41] iter 20  ckpts_local=8  last: iter   124 | steps   4,063,232 | SPS   1,176 | r_p0 +0.090 r_p1 -0.090 | clip_frac 0.351 | KL 0.0145 | H_fire 0.226 H_ang 4.15 H_ship 2.54 | V_loss 0.0034 | LR 0.000100 | early_stop=0
[2026-05-23 10:33:52] iter 21  ckpts_local=8  last: iter   130 | steps   4,259,840 | SPS   1,175 | r_p0 +0.150 r_p1 -0.150 | clip_frac 0.355 | KL 0.0156 | H_fire 0.237 H_ang 4.16 H_ship 2.56 | V_loss 0.0031 | LR 0.000100 | early_stop=0
[2026-05-23 10:37:03] iter 22  ckpts_local=8  last: iter   137 | steps   4,489,216 | SPS   1,175 | r_p0 +0.080 r_p1 -0.080 | clip_frac 0.353 | KL 0.0155 | H_fire 0.240 H_ang 4.16 H_ship 2.54 | V_loss 0.0020 | LR 0.000100 | early_stop=0
[2026-05-23 10:40:13] iter 23  ckpts_local=8  last: iter   144 | steps   4,718,592 | SPS   1,175 | r_p0 +0.180 r_p1 -0.180 | clip_frac 0.348 | KL 0.0147 | H_fire 0.243 H_ang 4.16 H_ship 2.55 | V_loss 0.0020 | LR 0.000099 | early_stop=0
[2026-05-23 10:43:23] iter 24  ckpts_local=8  last: iter   151 | steps   4,947,968 | SPS   1,175 | r_p0 +0.140 r_p1 -0.140 | clip_frac 0.345 | KL 0.0119 | H_fire 0.223 H_ang 4.17 H_ship 2.56 | V_loss 0.0017 | LR 0.000099 | early_stop=0
[2026-05-23 10:46:33] iter 25  ckpts_local=8  last: iter   158 | steps   5,177,344 | SPS   1,171 | r_p0 +0.120 r_p1 -0.120 | clip_frac 0.343 | KL 0.0123 | H_fire 0.210 H_ang 4.17 H_ship 2.57 | V_loss 0.0018 | LR 0.000099 | early_stop=0
[2026-05-23 10:50:16] iter 26  ckpts_local=8  last: iter   165 | steps   5,406,720 | SPS   1,171 | r_p0 +0.120 r_p1 -0.120 | clip_frac 0.343 | KL 0.0119 | H_fire 0.209 H_ang 4.17 H_ship 2.57 | V_loss 0.0019 | LR 0.000099 | early_stop=0
[2026-05-23 10:53:27] iter 27  ckpts_local=8  last: iter   172 | steps   5,636,096 | SPS   1,171 | r_p0 +0.200 r_p1 -0.200 | clip_frac 0.346 | KL 0.0124 | H_fire 0.202 H_ang 4.17 H_ship 2.55 | V_loss 0.0026 | LR 0.000099 | early_stop=0
[2026-05-23 10:56:37] iter 28  ckpts_local=8  last:   ★ best updated: reward=+0.380
[2026-05-23 10:59:53] iter 29  ckpts_local=8  last: iter   186 | steps   6,094,848 | SPS   1,171 | r_p0 +0.060 r_p1 -0.060 | clip_frac 0.345 | KL 0.0116 | H_fire 0.220 H_ang 4.17 H_ship 2.54 | V_loss 0.0020 | LR 0.000099 | early_stop=0
[2026-05-23 11:03:07] iter 30  ckpts_local=8  last: iter   193 | steps   6,324,224 | SPS   1,171 | r_p0 +0.000 r_p1 +0.000 | clip_frac 0.342 | KL 0.0152 | H_fire 0.228 H_ang 4.18 H_ship 2.55 | V_loss 0.0030 | LR 0.000099 | early_stop=0
[2026-05-23 11:06:17] iter 31  ckpts_local=8  last: iter   199 | steps   6,520,832 | SPS   1,171 | r_p0 +0.190 r_p1 -0.190 | clip_frac 0.339 | KL 0.0155 | H_fire 0.226 H_ang 4.17 H_ship 2.54 | V_loss 0.0029 | LR 0.000099 | early_stop=0
[2026-05-23 11:09:27] iter 32  ckpts_local=8  last: iter   206 | steps   6,750,208 | SPS   1,171 | r_p0 +0.080 r_p1 -0.080 | clip_frac 0.336 | KL 0.0152 | H_fire 0.226 H_ang 4.18 H_ship 2.54 | V_loss 0.0025 | LR 0.000099 | early_stop=0
[2026-05-23 11:12:38] iter 33  ckpts_local=8  last: iter   213 | steps   6,979,584 | SPS   1,171 | r_p0 +0.130 r_p1 -0.130 | clip_frac 0.334 | KL 0.0137 | H_fire 0.212 H_ang 4.17 H_ship 2.55 | V_loss 0.0021 | LR 0.000099 | early_stop=0
[2026-05-23 11:15:48] iter 34  ckpts_local=8  last: iter   220 | steps   7,208,960 | SPS   1,171 | r_p0 -0.060 r_p1 +0.060 | clip_frac 0.332 | KL 0.0158 | H_fire 0.223 H_ang 4.17 H_ship 2.55 | V_loss 0.0025 | LR 0.000099 | early_stop=0
[2026-05-23 11:19:00] iter 35  ckpts_local=8  last: iter   227 | steps   7,438,336 | SPS   1,171 | r_p0 +0.220 r_p1 -0.220 | clip_frac 0.328 | KL 0.0123 | H_fire 0.219 H_ang 4.18 H_ship 2.56 | V_loss 0.0024 | LR 0.000099 | early_stop=0
[2026-05-23 11:22:10] iter 36  ckpts_local=8  last: iter   233 | steps   7,634,944 | SPS   1,171 | r_p0 +0.150 r_p1 -0.150 | clip_frac 0.328 | KL 0.0129 | H_fire 0.221 H_ang 4.17 H_ship 2.55 | V_loss 0.0018 | LR 0.000099 | early_stop=0
[2026-05-23 11:25:20] iter 37  ckpts_local=8  last: iter   240 | steps   7,864,320 | SPS   1,171 | r_p0 +0.020 r_p1 -0.020 | clip_frac 0.331 | KL 0.0138 | H_fire 0.231 H_ang 4.17 H_ship 2.56 | V_loss 0.0027 | LR 0.000098 | early_stop=0
[2026-05-23 11:28:31] iter 38  ckpts_local=8  last: iter   247 | steps   8,093,696 | SPS   1,171 | r_p0 +0.100 r_p1 -0.100 | clip_frac 0.336 | KL 0.0151 | H_fire 0.234 H_ang 4.18 H_ship 2.57 | V_loss 0.0034 | LR 0.000098 | early_stop=0
[2026-05-23 11:31:41] iter 39  ckpts_local=8  last: iter   254 | steps   8,323,072 | SPS   1,171 | r_p0 +0.180 r_p1 -0.180 | clip_frac 0.338 | KL 0.0144 | H_fire 0.235 H_ang 4.17 H_ship 2.55 | V_loss 0.0022 | LR 0.000098 | early_stop=0
[2026-05-23 11:34:52] iter 40  ckpts_local=8  last: iter   261 | steps   8,552,448 | SPS   1,171 | r_p0 +0.100 r_p1 -0.100 | clip_frac 0.334 | KL 0.0123 | H_fire 0.221 H_ang 4.17 H_ship 2.54 | V_loss 0.0028 | LR 0.000098 | early_stop=0
[2026-05-23 11:38:03] iter 41  ckpts_local=8  last: iter   268 | steps   8,781,824 | SPS   1,171 | r_p0 +0.080 r_p1 -0.080 | clip_frac 0.330 | KL 0.0131 | H_fire 0.218 H_ang 4.17 H_ship 2.55 | V_loss 0.0019 | LR 0.000098 | early_stop=0
[2026-05-23 11:41:13] iter 42  ckpts_local=8  last: iter   274 | steps   8,978,432 | SPS   1,171 | r_p0 +0.140 r_p1 -0.140 | clip_frac 0.325 | KL 0.0103 | H_fire 0.222 H_ang 4.18 H_ship 2.56 | V_loss 0.0020 | LR 0.000098 | early_stop=0
[2026-05-23 11:44:23] iter 43  ckpts_local=8  last: iter   281 | steps   9,207,808 | SPS   1,171 | r_p0 +0.070 r_p1 -0.070 | clip_frac 0.324 | KL 0.0140 | H_fire 0.216 H_ang 4.18 H_ship 2.54 | V_loss 0.0017 | LR 0.000098 | early_stop=0
[2026-05-23 11:47:33] iter 44  ckpts_local=8  last: iter   288 | steps   9,437,184 | SPS   1,171 | r_p0 +0.150 r_p1 -0.150 | clip_frac 0.324 | KL 0.0119 | H_fire 0.215 H_ang 4.16 H_ship 2.54 | V_loss 0.0021 | LR 0.000098 | early_stop=0
[2026-05-23 11:50:43] iter 45  ckpts_local=8  last: iter   295 | steps   9,666,560 | SPS   1,171 | r_p0 +0.160 r_p1 -0.160 | clip_frac 0.327 | KL 0.0118 | H_fire 0.223 H_ang 4.17 H_ship 2.54 | V_loss 0.0020 | LR 0.000098 | early_stop=0
[2026-05-23 11:53:54] iter 46  ckpts_local=8  last: iter   301 | steps   9,863,168 | SPS   1,171 | r_p0 +0.090 r_p1 -0.090 | clip_frac 0.322 | KL 0.0113 | H_fire 0.228 H_ang 4.16 H_ship 2.53 | V_loss 0.0019 | LR 0.000098 | early_stop=0
[2026-05-23 11:57:04] iter 47  ckpts_local=8  last: iter   306 | steps  10,027,008 | SPS   1,171 | r_p0 +0.100 r_p1 -0.100 | clip_frac 0.319 | KL 0.0142 | H_fire 0.235 H_ang 4.17 H_ship 2.53 | V_loss 0.0022 | LR 0.000098 | early_stop=0
[2026-05-23 12:00:15] iter 48  ckpts_local=8  last: iter   307 | steps  10,059,776 | SPS   1,140 | r_p0 +0.080 r_p1 -0.080 | clip_frac 0.318 | KL 0.0132 | H_fire 0.243 H_ang 4.17 H_ship 2.54 | V_loss 0.0016 | LR 0.000098 | early_stop=0
[2026-05-23 12:03:30] iter 49  ckpts_local=8  last: iter   314 | steps  10,289,152 | SPS   1,141 | r_p0 +0.170 r_p1 -0.170 | clip_frac 0.316 | KL 0.0126 | H_fire 0.232 H_ang 4.17 H_ship 2.55 | V_loss 0.0024 | LR 0.000097 | early_stop=0
[2026-05-23 12:06:40] iter 50  ckpts_local=8  last: iter   321 | steps  10,518,528 | SPS   1,142 | r_p0 +0.260 r_p1 -0.260 | clip_frac 0.314 | KL 0.0112 | H_fire 0.224 H_ang 4.17 H_ship 2.54 | V_loss 0.0016 | LR 0.000097 | early_stop=0
[2026-05-23 12:09:50] iter 51  ckpts_local=8  last: iter   327 | steps  10,715,136 | SPS   1,142 | r_p0 +0.150 r_p1 -0.150 | clip_frac 0.316 | KL 0.0107 | H_fire 0.236 H_ang 4.17 H_ship 2.54 | V_loss 0.0016 | LR 0.000097 | early_stop=0
[2026-05-23 12:13:00] iter 52  ckpts_local=8  last: iter   334 | steps  10,944,512 | SPS   1,143 | r_p0 +0.150 r_p1 -0.150 | clip_frac 0.311 | KL 0.0128 | H_fire 0.228 H_ang 4.17 H_ship 2.55 | V_loss 0.0014 | LR 0.000097 | early_stop=0
[2026-05-23 12:16:10] iter 53  ckpts_local=8  last: iter   341 | steps  11,173,888 | SPS   1,143 | r_p0 +0.190 r_p1 -0.190 | clip_frac 0.297 | KL 0.0120 | H_fire 0.224 H_ang 4.17 H_ship 2.55 | V_loss 0.0016 | LR 0.000097 | early_stop=0
[2026-05-23 12:19:20] iter 54  ckpts_local=8  last: iter   348 | steps  11,403,264 | SPS   1,144 | r_p0 +0.230 r_p1 -0.230 | clip_frac 0.288 | KL 0.0132 | H_fire 0.218 H_ang 4.17 H_ship 2.57 | V_loss 0.0019 | LR 0.000097 | early_stop=0
[2026-05-23 12:22:30] iter 55  ckpts_local=8  last: iter   355 | steps  11,632,640 | SPS   1,144 | r_p0 +0.270 r_p1 -0.270 | clip_frac 0.289 | KL 0.0108 | H_fire 0.214 H_ang 4.17 H_ship 2.56 | V_loss 0.0025 | LR 0.000097 | early_stop=0
[2026-05-23 12:25:40] iter 56  ckpts_local=8  last: iter   361 | steps  11,829,248 | SPS   1,145 | r_p0 +0.070 r_p1 -0.070 | clip_frac 0.286 | KL 0.0123 | H_fire 0.211 H_ang 4.17 H_ship 2.56 | V_loss 0.0029 | LR 0.000097 | early_stop=0
[2026-05-23 12:28:50] iter 57  ckpts_local=8  last: iter   368 | steps  12,058,624 | SPS   1,145 | r_p0 +0.180 r_p1 -0.180 | clip_frac 0.280 | KL 0.0125 | H_fire 0.198 H_ang 4.17 H_ship 2.55 | V_loss 0.0027 | LR 0.000096 | early_stop=0
[2026-05-23 12:32:01] iter 58  ckpts_local=8  last: iter   375 | steps  12,288,000 | SPS   1,146 | r_p0 +0.130 r_p1 -0.130 | clip_frac 0.270 | KL 0.0117 | H_fire 0.203 H_ang 4.17 H_ship 2.57 | V_loss 0.0025 | LR 0.000096 | early_stop=0
[2026-05-23 12:35:11] iter 59  ckpts_local=8  last: iter   382 | steps  12,517,376 | SPS   1,146 | r_p0 -0.010 r_p1 +0.010 | clip_frac 0.261 | KL 0.0127 | H_fire 0.204 H_ang 4.17 H_ship 2.57 | V_loss 0.0030 | LR 0.000096 | early_stop=0
[2026-05-23 12:38:21] iter 60  ckpts_local=8  last: iter   389 | steps  12,746,752 | SPS   1,147 | r_p0 +0.040 r_p1 -0.040 | clip_frac 0.256 | KL 0.0133 | H_fire 0.205 H_ang 4.17 H_ship 2.58 | V_loss 0.0018 | LR 0.000096 | early_stop=0
[2026-05-23 12:41:31] iter 61  ckpts_local=8  last: iter   395 | steps  12,943,360 | SPS   1,147 | r_p0 +0.240 r_p1 -0.240 | clip_frac 0.253 | KL 0.0165 | H_fire 0.215 H_ang 4.17 H_ship 2.59 | V_loss 0.0030 | LR 0.000096 | early_stop=0
[2026-05-23 12:44:42] iter 62  ckpts_local=8  last:   ★ best updated: reward=+0.410
[2026-05-23 12:47:54] iter 63  ckpts_local=8  last: iter   409 | steps  13,402,112 | SPS   1,148 | r_p0 +0.200 r_p1 -0.200 | clip_frac 0.252 | KL 0.0147 | H_fire 0.196 H_ang 4.18 H_ship 2.59 | V_loss 0.0024 | LR 0.000096 | early_stop=0
[2026-05-23 12:51:04] iter 64  ckpts_local=8  last: iter   416 | steps  13,631,488 | SPS   1,148 | r_p0 +0.060 r_p1 -0.060 | clip_frac 0.258 | KL 0.0136 | H_fire 0.195 H_ang 4.18 H_ship 2.59 | V_loss 0.0042 | LR 0.000095 | early_stop=0
[2026-05-23 12:54:15] iter 65  ckpts_local=8  last: iter   423 | steps  13,860,864 | SPS   1,148 | r_p0 +0.030 r_p1 -0.030 | clip_frac 0.271 | KL 0.0151 | H_fire 0.201 H_ang 4.18 H_ship 2.59 | V_loss 0.0035 | LR 0.000095 | early_stop=0
[2026-05-23 12:57:25] iter 66  ckpts_local=8  last: iter   429 | steps  14,057,472 | SPS   1,149 | r_p0 +0.110 r_p1 -0.110 | clip_frac 0.284 | KL 0.0142 | H_fire 0.209 H_ang 4.18 H_ship 2.58 | V_loss 0.0026 | LR 0.000095 | early_stop=0
[2026-05-23 13:00:35] iter 67  ckpts_local=8  last: iter   436 | steps  14,286,848 | SPS   1,149 | r_p0 +0.120 r_p1 -0.120 | clip_frac 0.299 | KL 0.0140 | H_fire 0.205 H_ang 4.18 H_ship 2.58 | V_loss 0.0020 | LR 0.000095 | early_stop=0
[2026-05-23 13:03:45] iter 68  ckpts_local=8  last: iter   443 | steps  14,516,224 | SPS   1,149 | r_p0 +0.220 r_p1 -0.220 | clip_frac 0.309 | KL 0.0139 | H_fire 0.203 H_ang 4.18 H_ship 2.59 | V_loss 0.0024 | LR 0.000095 | early_stop=0
[2026-05-23 13:06:55] iter 69  ckpts_local=8  last: iter   450 | steps  14,745,600 | SPS   1,150 | r_p0 +0.160 r_p1 -0.160 | clip_frac 0.316 | KL 0.0130 | H_fire 0.180 H_ang 4.18 H_ship 2.59 | V_loss 0.0024 | LR 0.000095 | early_stop=0
[2026-05-23 13:10:06] iter 70  ckpts_local=8  last: iter   457 | steps  14,974,976 | SPS   1,150 | r_p0 +0.110 r_p1 -0.110 | clip_frac 0.322 | KL 0.0138 | H_fire 0.184 H_ang 4.18 H_ship 2.59 | V_loss 0.0022 | LR 0.000095 | early_stop=0
[2026-05-23 13:13:15] iter 71  ckpts_local=8  last: iter   459 | steps  15,040,512 | SPS   1,150 | r_p0 +0.110 r_p1 -0.110 | clip_frac 0.325 | KL 0.0151 | H_fire 0.186 H_ang 4.18 H_ship 2.58 | V_loss 0.0023 | LR 0.000095 | early_stop=0
[2026-05-23 13:16:32] iter 72  ckpts_local=8  last: iter   461 | steps  15,106,048 | SPS   1,127 | r_p0 +0.260 r_p1 -0.260 | clip_frac 0.326 | KL 0.0153 | H_fire 0.182 H_ang 4.18 H_ship 2.58 | V_loss 0.0029 | LR 0.000094 | early_stop=0
[2026-05-23 13:19:42] iter 73  ckpts_local=8  last: iter   467 | steps  15,302,656 | SPS   1,127 | r_p0 -0.010 r_p1 +0.010 | clip_frac 0.328 | KL 0.0117 | H_fire 0.189 H_ang 4.17 H_ship 2.59 | V_loss 0.0025 | LR 0.000094 | early_stop=0
[2026-05-23 13:22:52] iter 74  ckpts_local=8  last: iter   474 | steps  15,532,032 | SPS   1,128 | r_p0 +0.100 r_p1 -0.100 | clip_frac 0.326 | KL 0.0134 | H_fire 0.180 H_ang 4.17 H_ship 2.57 | V_loss 0.0024 | LR 0.000094 | early_stop=0
[2026-05-23 13:26:02] iter 75  ckpts_local=8  last: iter   481 | steps  15,761,408 | SPS   1,129 | r_p0 +0.240 r_p1 -0.240 | clip_frac 0.322 | KL 0.0125 | H_fire 0.189 H_ang 4.16 H_ship 2.56 | V_loss 0.0026 | LR 0.000094 | early_stop=0
[2026-05-23 13:29:11] iter 76  ckpts_local=8  last: iter   488 | steps  15,990,784 | SPS   1,129 | r_p0 +0.120 r_p1 -0.120 | clip_frac 0.320 | KL 0.0141 | H_fire 0.195 H_ang 4.17 H_ship 2.57 | V_loss 0.0028 | LR 0.000094 | early_stop=0
[2026-05-23 13:32:21] iter 77  ckpts_local=8  last: iter   495 | steps  16,220,160 | SPS   1,130 | r_p0 +0.130 r_p1 -0.130 | clip_frac 0.319 | KL 0.0137 | H_fire 0.195 H_ang 4.17 H_ship 2.57 | V_loss 0.0022 | LR 0.000094 | early_stop=0
[2026-05-23 13:35:31] iter 78  ckpts_local=8  last: iter   501 | steps  16,416,768 | SPS   1,130 | r_p0 +0.200 r_p1 -0.200 | clip_frac 0.320 | KL 0.0142 | H_fire 0.195 H_ang 4.17 H_ship 2.55 | V_loss 0.0024 | LR 0.000094 | early_stop=0
[2026-05-23 13:38:41] iter 79  ckpts_local=8  last: iter   508 | steps  16,646,144 | SPS   1,131 | r_p0 -0.060 r_p1 +0.060 | clip_frac 0.323 | KL 0.0135 | H_fire 0.184 H_ang 4.18 H_ship 2.56 | V_loss 0.0024 | LR 0.000093 | early_stop=0
[2026-05-23 13:41:51] iter 80  ckpts_local=8  last: iter   515 | steps  16,875,520 | SPS   1,131 | r_p0 -0.060 r_p1 +0.060 | clip_frac 0.329 | KL 0.0147 | H_fire 0.174 H_ang 4.18 H_ship 2.56 | V_loss 0.0030 | LR 0.000093 | early_stop=0
[2026-05-23 13:45:00] iter 81  ckpts_local=8  last: iter   522 | steps  17,104,896 | SPS   1,132 | r_p0 +0.020 r_p1 -0.020 | clip_frac 0.335 | KL 0.0139 | H_fire 0.181 H_ang 4.17 H_ship 2.55 | V_loss 0.0025 | LR 0.000093 | early_stop=0
[2026-05-23 13:48:10] iter 82  ckpts_local=8  last: iter   528 | steps  17,301,504 | SPS   1,132 | r_p0 +0.200 r_p1 -0.200 | clip_frac 0.338 | KL 0.0136 | H_fire 0.186 H_ang 4.18 H_ship 2.56 | V_loss 0.0024 | LR 0.000093 | early_stop=0
[2026-05-23 13:51:21] iter 83  ckpts_local=8  last: iter   535 | steps  17,530,880 | SPS   1,132 | r_p0 +0.100 r_p1 -0.100 | clip_frac 0.337 | KL 0.0130 | H_fire 0.200 H_ang 4.18 H_ship 2.55 | V_loss 0.0034 | LR 0.000093 | early_stop=0
[2026-05-23 13:54:30] iter 84  ckpts_local=8  last: iter   542 | steps  17,760,256 | SPS   1,133 | r_p0 +0.030 r_p1 -0.020 | clip_frac 0.333 | KL 0.0115 | H_fire 0.207 H_ang 4.18 H_ship 2.54 | V_loss 0.0025 | LR 0.000092 | early_stop=0
[2026-05-23 13:57:40] iter 85  ckpts_local=8  last: iter   549 | steps  17,989,632 | SPS   1,133 | r_p0 -0.050 r_p1 +0.050 | clip_frac 0.328 | KL 0.0111 | H_fire 0.210 H_ang 4.18 H_ship 2.55 | V_loss 0.0027 | LR 0.000092 | early_stop=0
[2026-05-23 14:00:50] iter 86  ckpts_local=8  last: iter   555 | steps  18,186,240 | SPS   1,134 | r_p0 +0.090 r_p1 -0.090 | clip_frac 0.319 | KL 0.0122 | H_fire 0.209 H_ang 4.17 H_ship 2.54 | V_loss 0.0021 | LR 0.000092 | early_stop=0
[2026-05-23 14:04:00] iter 87  ckpts_local=8  last: iter   562 | steps  18,415,616 | SPS   1,134 | r_p0 +0.090 r_p1 -0.090 | clip_frac 0.310 | KL 0.0126 | H_fire 0.192 H_ang 4.16 H_ship 2.52 | V_loss 0.0028 | LR 0.000092 | early_stop=0
[2026-05-23 14:07:10] iter 88  ckpts_local=8  last: iter   569 | steps  18,644,992 | SPS   1,134 | r_p0 -0.070 r_p1 +0.070 | clip_frac 0.300 | KL 0.0131 | H_fire 0.213 H_ang 4.18 H_ship 2.54 | V_loss 0.0035 | LR 0.000092 | early_stop=0
[2026-05-23 14:10:20] iter 89  ckpts_local=8  last: iter   576 | steps  18,874,368 | SPS   1,135 | r_p0 -0.030 r_p1 +0.030 | clip_frac 0.292 | KL 0.0149 | H_fire 0.207 H_ang 4.18 H_ship 2.55 | V_loss 0.0031 | LR 0.000091 | early_stop=0
[2026-05-23 14:13:30] iter 90  ckpts_local=8  last: iter   583 | steps  19,103,744 | SPS   1,135 | r_p0 -0.190 r_p1 +0.190 | clip_frac 0.287 | KL 0.0133 | H_fire 0.210 H_ang 4.18 H_ship 2.55 | V_loss 0.0024 | LR 0.000091 | early_stop=0
[2026-05-23 14:16:40] iter 91  ckpts_local=8  last: iter   589 | steps  19,300,352 | SPS   1,136 | r_p0 +0.060 r_p1 -0.060 | clip_frac 0.288 | KL 0.0133 | H_fire 0.232 H_ang 4.18 H_ship 2.55 | V_loss 0.0029 | LR 0.000091 | early_stop=0
[2026-05-23 14:19:49] iter 92  ckpts_local=8  last: iter   596 | steps  19,529,728 | SPS   1,136 | r_p0 +0.010 r_p1 -0.010 | clip_frac 0.286 | KL 0.0120 | H_fire 0.218 H_ang 4.18 H_ship 2.55 | V_loss 0.0020 | LR 0.000091 | early_stop=0
[2026-05-23 14:22:59] iter 93  ckpts_local=8  last: iter   603 | steps  19,759,104 | SPS   1,136 | r_p0 +0.110 r_p1 -0.110 | clip_frac 0.285 | KL 0.0118 | H_fire 0.202 H_ang 4.18 H_ship 2.54 | V_loss 0.0019 | LR 0.000091 | early_stop=0
[2026-05-23 14:26:08] iter 94  ckpts_local=8  last: iter   610 | steps  19,988,480 | SPS   1,137 | r_p0 +0.050 r_p1 -0.050 | clip_frac 0.287 | KL 0.0126 | H_fire 0.205 H_ang 4.18 H_ship 2.55 | V_loss 0.0019 | LR 0.000090 | early_stop=0
[2026-05-23 14:29:18] iter 95  ckpts_local=8  last: iter   612 | steps  20,054,016 | SPS   1,137 | r_p0 +0.040 r_p1 -0.040 | clip_frac 0.288 | KL 0.0137 | H_fire 0.208 H_ang 4.17 H_ship 2.50 | V_loss 0.0019 | LR 0.000090 | early_stop=0
[2026-05-23 14:32:38] iter 96  ckpts_local=8  last: iter   613 | steps  20,086,784 | SPS   1,118 | r_p0 +0.040 r_p1 -0.040 | clip_frac 0.288 | KL 0.0165 | H_fire 0.202 H_ang 4.17 H_ship 2.50 | V_loss 0.0021 | LR 0.000090 | early_stop=0
[2026-05-23 14:35:48] iter 97  ckpts_local=8  last: iter   619 | steps  20,283,392 | SPS   1,118 | r_p0 -0.020 r_p1 +0.020 | clip_frac 0.291 | KL 0.0178 | H_fire 0.195 H_ang 4.18 H_ship 2.54 | V_loss 0.0023 | LR 0.000090 | early_stop=0
[2026-05-23 14:38:57] iter 98  ckpts_local=8  last: iter   626 | steps  20,512,768 | SPS   1,119 | r_p0 +0.110 r_p1 -0.110 | clip_frac 0.295 | KL 0.0128 | H_fire 0.189 H_ang 4.17 H_ship 2.53 | V_loss 0.0025 | LR 0.000090 | early_stop=0
[2026-05-23 14:42:07] iter 99  ckpts_local=8  last: iter   633 | steps  20,742,144 | SPS   1,119 | r_p0 -0.050 r_p1 +0.050 | clip_frac 0.294 | KL 0.0133 | H_fire 0.196 H_ang 4.16 H_ship 2.52 | V_loss 0.0020 | LR 0.000090 | early_stop=0
[2026-05-23 14:45:16] iter 100  ckpts_local=8  last: iter   640 | steps  20,971,520 | SPS   1,120 | r_p0 -0.020 r_p1 +0.020 | clip_frac 0.296 | KL 0.0115 | H_fire 0.198 H_ang 4.16 H_ship 2.52 | V_loss 0.0022 | LR 0.000090 | early_stop=0
[2026-05-23 14:48:26] iter 101  ckpts_local=8  last: iter   647 | steps  21,200,896 | SPS   1,120 | r_p0 +0.120 r_p1 -0.120 | clip_frac 0.297 | KL 0.0113 | H_fire 0.195 H_ang 4.17 H_ship 2.52 | V_loss 0.0025 | LR 0.000089 | early_stop=0
[2026-05-23 14:51:36] iter 102  ckpts_local=8  last: iter   653 | steps  21,397,504 | SPS   1,121 | r_p0 +0.090 r_p1 -0.090 | clip_frac 0.298 | KL 0.0123 | H_fire 0.195 H_ang 4.17 H_ship 2.53 | V_loss 0.0018 | LR 0.000089 | early_stop=0
[2026-05-23 14:54:46] iter 103  ckpts_local=8  last: iter   660 | steps  21,626,880 | SPS   1,121 | r_p0 +0.080 r_p1 -0.080 | clip_frac 0.301 | KL 0.0170 | H_fire 0.206 H_ang 4.16 H_ship 2.52 | V_loss 0.0025 | LR 0.000089 | early_stop=0
[2026-05-23 14:57:57] iter 104  ckpts_local=8  last: iter   667 | steps  21,856,256 | SPS   1,122 | r_p0 +0.080 r_p1 -0.080 | clip_frac 0.303 | KL 0.0130 | H_fire 0.198 H_ang 4.17 H_ship 2.54 | V_loss 0.0018 | LR 0.000089 | early_stop=0
[2026-05-23 15:01:06] iter 105  ckpts_local=8  last: iter   674 | steps  22,085,632 | SPS   1,122 | r_p0 +0.060 r_p1 -0.060 | clip_frac 0.301 | KL 0.0123 | H_fire 0.202 H_ang 4.17 H_ship 2.55 | V_loss 0.0014 | LR 0.000088 | early_stop=0
[2026-05-23 15:04:17] iter 106  ckpts_local=8  last: iter   680 | steps  22,282,240 | SPS   1,123 | r_p0 +0.050 r_p1 -0.050 | clip_frac 0.303 | KL 0.0132 | H_fire 0.193 H_ang 4.17 H_ship 2.56 | V_loss 0.0018 | LR 0.000088 | early_stop=0
[2026-05-23 15:07:26] iter 107  ckpts_local=8  last: iter   687 | steps  22,511,616 | SPS   1,123 | r_p0 +0.070 r_p1 -0.070 | clip_frac 0.302 | KL 0.0125 | H_fire 0.186 H_ang 4.17 H_ship 2.55 | V_loss 0.0022 | LR 0.000088 | early_stop=0
[2026-05-23 15:10:37] iter 108  ckpts_local=8  last: iter   694 | steps  22,740,992 | SPS   1,124 | r_p0 -0.010 r_p1 +0.010 | clip_frac 0.300 | KL 0.0112 | H_fire 0.199 H_ang 4.17 H_ship 2.55 | V_loss 0.0017 | LR 0.000088 | early_stop=0
[2026-05-23 15:13:47] iter 109  ckpts_local=8  last: iter   701 | steps  22,970,368 | SPS   1,124 | r_p0 +0.090 r_p1 -0.090 | clip_frac 0.296 | KL 0.0119 | H_fire 0.178 H_ang 4.17 H_ship 2.54 | V_loss 0.0014 | LR 0.000088 | early_stop=0
[2026-05-23 15:16:57] iter 110  ckpts_local=8  last: iter   708 | steps  23,199,744 | SPS   1,125 | r_p0 -0.010 r_p1 +0.010 | clip_frac 0.294 | KL 0.0110 | H_fire 0.183 H_ang 4.16 H_ship 2.52 | V_loss 0.0014 | LR 0.000087 | early_stop=0
[2026-05-23 15:20:08] iter 111  ckpts_local=8  last: iter   714 | steps  23,396,352 | SPS   1,125 | r_p0 -0.090 r_p1 +0.090 | clip_frac 0.286 | KL 0.0122 | H_fire 0.187 H_ang 4.16 H_ship 2.51 | V_loss 0.0013 | LR 0.000087 | early_stop=0
[2026-05-23 15:23:18] iter 112  ckpts_local=8  last: iter   721 | steps  23,625,728 | SPS   1,125 | r_p0 +0.030 r_p1 -0.030 | clip_frac 0.277 | KL 0.0103 | H_fire 0.196 H_ang 4.16 H_ship 2.52 | V_loss 0.0017 | LR 0.000087 | early_stop=0
[2026-05-23 15:26:29] iter 113  ckpts_local=8  last: iter   728 | steps  23,855,104 | SPS   1,126 | r_p0 +0.060 r_p1 -0.060 | clip_frac 0.275 | KL 0.0169 | H_fire 0.197 H_ang 4.16 H_ship 2.51 | V_loss 0.0023 | LR 0.000087 | early_stop=0
[2026-05-23 15:29:39] iter 114  ckpts_local=8  last: iter   735 | steps  24,084,480 | SPS   1,126 | r_p0 +0.240 r_p1 -0.240 | clip_frac 0.277 | KL 0.0107 | H_fire 0.200 H_ang 4.16 H_ship 2.52 | V_loss 0.0017 | LR 0.000086 | early_stop=0
[2026-05-23 15:32:49] iter 115  ckpts_local=8  last: iter   742 | steps  24,313,856 | SPS   1,127 | r_p0 +0.150 r_p1 -0.150 | clip_frac 0.279 | KL 0.0140 | H_fire 0.188 H_ang 4.16 H_ship 2.54 | V_loss 0.0014 | LR 0.000086 | early_stop=0
[2026-05-23 15:36:00] iter 116  ckpts_local=8  last: iter   748 | steps  24,510,464 | SPS   1,127 | r_p0 +0.100 r_p1 -0.100 | clip_frac 0.283 | KL 0.0110 | H_fire 0.172 H_ang 4.16 H_ship 2.53 | V_loss 0.0015 | LR 0.000086 | early_stop=0
[2026-05-23 15:39:10] iter 117  ckpts_local=8  last: iter   755 | steps  24,739,840 | SPS   1,127 | r_p0 +0.040 r_p1 -0.040 | clip_frac 0.284 | KL 0.0114 | H_fire 0.167 H_ang 4.16 H_ship 2.51 | V_loss 0.0020 | LR 0.000086 | early_stop=0
[2026-05-23 15:42:20] iter 118  ckpts_local=8  last: iter   762 | steps  24,969,216 | SPS   1,128 | r_p0 +0.080 r_p1 -0.080 | clip_frac 0.284 | KL 0.0107 | H_fire 0.163 H_ang 4.16 H_ship 2.48 | V_loss 0.0019 | LR 0.000085 | early_stop=0
[2026-05-23 15:45:31] iter 119  ckpts_local=8  last: iter   765 | steps  25,067,520 | SPS   1,128 | r_p0 +0.140 r_p1 -0.140 | clip_frac 0.284 | KL 0.0144 | H_fire 0.165 H_ang 4.16 H_ship 2.50 | V_loss 0.0019 | LR 0.000085 | early_stop=0
[2026-05-23 15:48:50] iter 120  ckpts_local=8  last: iter   765 | steps  25,067,520 | SPS   1,128 | r_p0 +0.140 r_p1 -0.140 | clip_frac 0.284 | KL 0.0144 | H_fire 0.165 H_ang 4.16 H_ship 2.50 | V_loss 0.0019 | LR 0.000085 | early_stop=0
[2026-05-23 15:52:01] iter 121  ckpts_local=8  last: iter   769 | steps  25,198,592 | SPS   1,109 | r_p0 +0.020 r_p1 -0.020 | clip_frac 0.287 | KL 0.0117 | H_fire 0.163 H_ang 4.16 H_ship 2.49 | V_loss 0.0020 | LR 0.000085 | early_stop=0
[2026-05-23 15:55:17] iter 122  ckpts_local=8  last: iter   776 | steps  25,427,968 | SPS   1,109 | r_p0 -0.030 r_p1 +0.030 | clip_frac 0.290 | KL 0.0127 | H_fire 0.159 H_ang 4.16 H_ship 2.50 | V_loss 0.0021 | LR 0.000085 | early_stop=0
[2026-05-23 15:58:27] iter 123  ckpts_local=8  last: iter   783 | steps  25,657,344 | SPS   1,110 | r_p0 +0.070 r_p1 -0.070 | clip_frac 0.286 | KL 0.0107 | H_fire 0.152 H_ang 4.16 H_ship 2.50 | V_loss 0.0022 | LR 0.000085 | early_stop=0
[2026-05-23 16:01:38] iter 124  ckpts_local=8  last: iter   790 | steps  25,886,720 | SPS   1,110 | r_p0 -0.080 r_p1 +0.080 | clip_frac 0.283 | KL 0.0117 | H_fire 0.162 H_ang 4.16 H_ship 2.49 | V_loss 0.0017 | LR 0.000084 | early_stop=0
[2026-05-23 16:04:48] iter 125  ckpts_local=8  last: iter   796 | steps  26,083,328 | SPS   1,111 | r_p0 +0.000 r_p1 +0.000 | clip_frac 0.281 | KL 0.0117 | H_fire 0.150 H_ang 4.16 H_ship 2.50 | V_loss 0.0015 | LR 0.000084 | early_stop=0
[2026-05-23 16:07:59] iter 126  ckpts_local=8  last: iter   803 | steps  26,312,704 | SPS   1,111 | r_p0 +0.080 r_p1 -0.080 | clip_frac 0.278 | KL 0.0119 | H_fire 0.153 H_ang 4.16 H_ship 2.49 | V_loss 0.0023 | LR 0.000084 | early_stop=0
[2026-05-23 16:11:09] iter 127  ckpts_local=8  last: iter   810 | steps  26,542,080 | SPS   1,112 | r_p0 +0.050 r_p1 -0.050 | clip_frac 0.277 | KL 0.0134 | H_fire 0.150 H_ang 4.16 H_ship 2.49 | V_loss 0.0016 | LR 0.000084 | early_stop=0
[2026-05-23 16:14:19] iter 128  ckpts_local=8  last: iter   817 | steps  26,771,456 | SPS   1,112 | r_p0 +0.070 r_p1 -0.070 | clip_frac 0.275 | KL 0.0119 | H_fire 0.148 H_ang 4.16 H_ship 2.47 | V_loss 0.0019 | LR 0.000083 | early_stop=0
[2026-05-23 16:17:30] iter 129  ckpts_local=8  last: iter   824 | steps  27,000,832 | SPS   1,113 | r_p0 +0.090 r_p1 -0.090 | clip_frac 0.271 | KL 0.0153 | H_fire 0.152 H_ang 4.16 H_ship 2.47 | V_loss 0.0023 | LR 0.000083 | early_stop=0
[2026-05-23 16:20:40] iter 130  ckpts_local=8  last: iter   830 | steps  27,197,440 | SPS   1,113 | r_p0 -0.110 r_p1 +0.110 | clip_frac 0.269 | KL 0.0117 | H_fire 0.148 H_ang 4.15 H_ship 2.47 | V_loss 0.0018 | LR 0.000083 | early_stop=0
[2026-05-23 16:23:51] iter 131  ckpts_local=8  last: iter   837 | steps  27,426,816 | SPS   1,114 | r_p0 +0.090 r_p1 -0.090 | clip_frac 0.270 | KL 0.0132 | H_fire 0.154 H_ang 4.15 H_ship 2.48 | V_loss 0.0021 | LR 0.000083 | early_stop=0
[2026-05-23 16:27:01] iter 132  ckpts_local=8  last: iter   844 | steps  27,656,192 | SPS   1,114 | r_p0 +0.000 r_p1 +0.000 | clip_frac 0.272 | KL 0.0126 | H_fire 0.157 H_ang 4.16 H_ship 2.50 | V_loss 0.0016 | LR 0.000082 | early_stop=0
[2026-05-23 16:30:11] iter 133  ckpts_local=8  last: iter   851 | steps  27,885,568 | SPS   1,114 | r_p0 +0.090 r_p1 -0.090 | clip_frac 0.279 | KL 0.0114 | H_fire 0.153 H_ang 4.16 H_ship 2.50 | V_loss 0.0016 | LR 0.000082 | early_stop=0
[2026-05-23 16:33:22] iter 134  ckpts_local=8  last: iter   858 | steps  28,114,944 | SPS   1,115 | r_p0 +0.130 r_p1 -0.130 | clip_frac 0.287 | KL 0.0107 | H_fire 0.149 H_ang 4.16 H_ship 2.49 | V_loss 0.0016 | LR 0.000082 | early_stop=0
[2026-05-23 16:36:32] iter 135  ckpts_local=8  last: iter   864 | steps  28,311,552 | SPS   1,115 | r_p0 +0.020 r_p1 -0.020 | clip_frac 0.294 | KL 0.0111 | H_fire 0.154 H_ang 4.17 H_ship 2.50 | V_loss 0.0013 | LR 0.000082 | early_stop=0
[2026-05-23 16:39:43] iter 136  ckpts_local=8  last: iter   871 | steps  28,540,928 | SPS   1,116 | r_p0 -0.050 r_p1 +0.050 | clip_frac 0.295 | KL 0.0103 | H_fire 0.149 H_ang 4.16 H_ship 2.48 | V_loss 0.0016 | LR 0.000081 | early_stop=0
[2026-05-23 16:42:53] iter 137  ckpts_local=8  last: iter   878 | steps  28,770,304 | SPS   1,116 | r_p0 +0.000 r_p1 +0.000 | clip_frac 0.294 | KL 0.0118 | H_fire 0.150 H_ang 4.16 H_ship 2.47 | V_loss 0.0014 | LR 0.000081 | early_stop=0
[2026-05-23 16:46:03] iter 138  ckpts_local=8  last: iter   885 | steps  28,999,680 | SPS   1,116 | r_p0 +0.000 r_p1 +0.000 | clip_frac 0.289 | KL 0.0119 | H_fire 0.151 H_ang 4.16 H_ship 2.46 | V_loss 0.0020 | LR 0.000081 | early_stop=0
[2026-05-23 16:49:14] iter 139  ckpts_local=8  last: iter   892 | steps  29,229,056 | SPS   1,117 | r_p0 +0.200 r_p1 -0.200 | clip_frac 0.284 | KL 0.0127 | H_fire 0.159 H_ang 4.16 H_ship 2.47 | V_loss 0.0015 | LR 0.000080 | early_stop=0
[2026-05-23 16:52:24] iter 140  ckpts_local=8  last: iter   898 | steps  29,425,664 | SPS   1,117 | r_p0 +0.070 r_p1 -0.070 | clip_frac 0.278 | KL 0.0117 | H_fire 0.153 H_ang 4.16 H_ship 2.47 | V_loss 0.0015 | LR 0.000080 | early_stop=0
[2026-05-23 16:55:34] iter 141  ckpts_local=8  last: iter   905 | steps  29,655,040 | SPS   1,118 | r_p0 +0.070 r_p1 -0.070 | clip_frac 0.271 | KL 0.0097 | H_fire 0.154 H_ang 4.16 H_ship 2.46 | V_loss 0.0013 | LR 0.000080 | early_stop=0
[2026-05-23 16:58:44] iter 142  ckpts_local=8  last: iter   912 | steps  29,884,416 | SPS   1,118 | r_p0 +0.030 r_p1 -0.030 | clip_frac 0.264 | KL 0.0088 | H_fire 0.146 H_ang 4.16 H_ship 2.49 | V_loss 0.0010 | LR 0.000080 | early_stop=0
[2026-05-23 17:01:56] iter 143  ckpts_local=9  last: iter   918 | steps  30,081,024 | SPS   1,118 | r_p0 +0.050 r_p1 -0.050 | clip_frac 0.262 | KL 0.0118 | H_fire 0.155 H_ang 4.16 H_ship 2.46 | V_loss 0.0016 | LR 0.000079 | early_stop=0
[2026-05-23 17:05:12] iter 144  ckpts_local=9  last: iter   918 | steps  30,081,024 | SPS   1,118 | r_p0 +0.050 r_p1 -0.050 | clip_frac 0.262 | KL 0.0118 | H_fire 0.155 H_ang 4.16 H_ship 2.46 | V_loss 0.0016 | LR 0.000079 | early_stop=0
[2026-05-23 17:08:24] iter 145  ckpts_local=9  last: iter   920 | steps  30,146,560 | SPS   1,104 | r_p0 +0.080 r_p1 -0.080 | clip_frac 0.261 | KL 0.0108 | H_fire 0.150 H_ang 4.16 H_ship 2.49 | V_loss 0.0016 | LR 0.000079 | early_stop=0
[2026-05-23 17:11:35] iter 146  ckpts_local=9  last: iter   927 | steps  30,375,936 | SPS   1,105 | r_p0 -0.130 r_p1 +0.130 | clip_frac 0.263 | KL 0.0101 | H_fire 0.144 H_ang 4.17 H_ship 2.50 | V_loss 0.0020 | LR 0.000079 | early_stop=0
[2026-05-23 17:14:45] iter 147  ckpts_local=9  last: iter   934 | steps  30,605,312 | SPS   1,105 | r_p0 +0.020 r_p1 -0.020 | clip_frac 0.261 | KL 0.0096 | H_fire 0.148 H_ang 4.16 H_ship 2.48 | V_loss 0.0014 | LR 0.000079 | early_stop=0
[2026-05-23 17:17:56] iter 148  ckpts_local=9  last: iter   941 | steps  30,834,688 | SPS   1,106 | r_p0 -0.010 r_p1 +0.010 | clip_frac 0.259 | KL 0.0114 | H_fire 0.156 H_ang 4.16 H_ship 2.50 | V_loss 0.0013 | LR 0.000078 | early_stop=0
[2026-05-23 17:21:06] iter 149  ckpts_local=9  last: iter   947 | steps  31,031,296 | SPS   1,106 | r_p0 +0.150 r_p1 -0.150 | clip_frac 0.257 | KL 0.0108 | H_fire 0.158 H_ang 4.16 H_ship 2.49 | V_loss 0.0011 | LR 0.000078 | early_stop=0
[2026-05-23 17:24:16] iter 150  ckpts_local=9  last: iter   954 | steps  31,260,672 | SPS   1,106 | r_p0 +0.110 r_p1 -0.110 | clip_frac 0.254 | KL 0.0106 | H_fire 0.157 H_ang 4.16 H_ship 2.49 | V_loss 0.0012 | LR 0.000078 | early_stop=0
[2026-05-23 17:27:26] iter 151  ckpts_local=9  last: iter   961 | steps  31,490,048 | SPS   1,107 | r_p0 -0.040 r_p1 +0.040 | clip_frac 0.250 | KL 0.0110 | H_fire 0.150 H_ang 4.16 H_ship 2.50 | V_loss 0.0014 | LR 0.000077 | early_stop=0
[2026-05-23 17:30:37] iter 152  ⚠ SYNC FAILED  ckpt_rc=255  log_rc=255
    ckpt_err: ssh: connect to host 54.173.24.124 port 22: Network is unreachable
rsync(54540): error: unexpected end of file
    log_err:  ssh: connect to host 54.173.24.124 port 22: Network is unreachable
rsync(54543): error: unexpected end of file
[2026-05-23 17:33:37] iter 153  ckpts_local=9  last: iter   974 | steps  31,916,032 | SPS   1,108 | r_p0 +0.090 r_p1 -0.090 | clip_frac 0.244 | KL 0.0105 | H_fire 0.133 H_ang 4.17 H_ship 2.50 | V_loss 0.0017 | LR 0.000077 | early_stop=0
[2026-05-23 17:36:47] iter 154  ckpts_local=9  last: iter   981 | steps  32,145,408 | SPS   1,108 | r_p0 +0.110 r_p1 -0.110 | clip_frac 0.243 | KL 0.0097 | H_fire 0.136 H_ang 4.17 H_ship 2.50 | V_loss 0.0010 | LR 0.000077 | early_stop=0
[2026-05-23 17:39:58] iter 155  ckpts_local=9  last: iter   988 | steps  32,374,784 | SPS   1,108 | r_p0 +0.170 r_p1 -0.170 | clip_frac 0.242 | KL 0.0099 | H_fire 0.143 H_ang 4.17 H_ship 2.49 | V_loss 0.0017 | LR 0.000076 | early_stop=0
[2026-05-23 17:43:08] iter 156  ckpts_local=9  last: iter   995 | steps  32,604,160 | SPS   1,109 | r_p0 +0.100 r_p1 -0.100 | clip_frac 0.240 | KL 0.0107 | H_fire 0.147 H_ang 4.16 H_ship 2.50 | V_loss 0.0015 | LR 0.000076 | early_stop=0
[2026-05-23 17:46:18] iter 157  ckpts_local=9  last: iter  1001 | steps  32,800,768 | SPS   1,109 | r_p0 +0.150 r_p1 -0.150 | clip_frac 0.237 | KL 0.0091 | H_fire 0.145 H_ang 4.17 H_ship 2.50 | V_loss 0.0016 | LR 0.000076 | early_stop=0
[2026-05-23 17:49:28] iter 158  ckpts_local=9  last: iter  1008 | steps  33,030,144 | SPS   1,110 | r_p0 +0.200 r_p1 -0.200 | clip_frac 0.235 | KL 0.0123 | H_fire 0.144 H_ang 4.16 H_ship 2.50 | V_loss 0.0017 | LR 0.000075 | early_stop=0
[2026-05-23 17:52:41] iter 159  ckpts_local=9  last: iter  1015 | steps  33,259,520 | SPS   1,110 | r_p0 +0.220 r_p1 -0.220 | clip_frac 0.237 | KL 0.0105 | H_fire 0.140 H_ang 4.17 H_ship 2.50 | V_loss 0.0018 | LR 0.000075 | early_stop=0
[2026-05-23 17:55:51] iter 160  ckpts_local=9  last: iter  1022 | steps  33,488,896 | SPS   1,110 | r_p0 +0.160 r_p1 -0.160 | clip_frac 0.237 | KL 0.0103 | H_fire 0.130 H_ang 4.17 H_ship 2.51 | V_loss 0.0022 | LR 0.000075 | early_stop=0
[2026-05-23 17:59:02] iter 161  ckpts_local=9  last: iter  1029 | steps  33,718,272 | SPS   1,111 | r_p0 +0.250 r_p1 -0.250 | clip_frac 0.238 | KL 0.0088 | H_fire 0.125 H_ang 4.18 H_ship 2.50 | V_loss 0.0012 | LR 0.000074 | early_stop=0
[2026-05-23 18:02:12] iter 162  ckpts_local=9  last: iter  1035 | steps  33,914,880 | SPS   1,111 | r_p0 +0.240 r_p1 -0.240 | clip_frac 0.241 | KL 0.0101 | H_fire 0.139 H_ang 4.17 H_ship 2.48 | V_loss 0.0016 | LR 0.000074 | early_stop=0
[2026-05-23 18:05:22] iter 163  ckpts_local=9  last: iter  1042 | steps  34,144,256 | SPS   1,111 | r_p0 +0.140 r_p1 -0.140 | clip_frac 0.246 | KL 0.0083 | H_fire 0.139 H_ang 4.18 H_ship 2.49 | V_loss 0.0012 | LR 0.000074 | early_stop=0
[2026-05-23 18:08:33] iter 164  ckpts_local=9  last: iter  1049 | steps  34,373,632 | SPS   1,112 | r_p0 +0.140 r_p1 -0.140 | clip_frac 0.251 | KL 0.0131 | H_fire 0.141 H_ang 4.18 H_ship 2.49 | V_loss 0.0017 | LR 0.000074 | early_stop=0
[2026-05-23 18:11:43] iter 165  ckpts_local=9  last: iter  1056 | steps  34,603,008 | SPS   1,112 | r_p0 +0.190 r_p1 -0.190 | clip_frac 0.256 | KL 0.0109 | H_fire 0.142 H_ang 4.18 H_ship 2.48 | V_loss 0.0013 | LR 0.000073 | early_stop=0
[2026-05-23 18:14:53] iter 166  ckpts_local=9  last: iter  1062 | steps  34,799,616 | SPS   1,112 | r_p0 +0.220 r_p1 -0.220 | clip_frac 0.257 | KL 0.0096 | H_fire 0.140 H_ang 4.16 H_ship 2.45 | V_loss 0.0020 | LR 0.000073 | early_stop=0
[2026-05-23 18:18:02] iter 167  ckpts_local=9  last: iter  1069 | steps  35,028,992 | SPS   1,113 | r_p0 +0.100 r_p1 -0.100 | clip_frac 0.258 | KL 0.0124 | H_fire 0.139 H_ang 4.17 H_ship 2.46 | V_loss 0.0012 | LR 0.000073 | early_stop=0
[2026-05-23 18:21:12] iter 168  ckpts_local=10  last: iter  1071 | steps  35,094,528 | SPS   1,113 | r_p0 +0.160 r_p1 -0.160 | clip_frac 0.260 | KL 0.0114 | H_fire 0.140 H_ang 4.16 H_ship 2.46 | V_loss 0.0016 | LR 0.000073 | early_stop=0
[2026-05-23 18:24:46] iter 169  ckpts_local=10  last: iter  1071 | steps  35,094,528 | SPS   1,113 | r_p0 +0.160 r_p1 -0.160 | clip_frac 0.260 | KL 0.0114 | H_fire 0.140 H_ang 4.16 H_ship 2.46 | V_loss 0.0016 | LR 0.000073 | early_stop=0
[2026-05-23 18:27:56] iter 170  ckpts_local=10  last: iter  1074 | steps  35,192,832 | SPS   1,097 | r_p0 +0.130 r_p1 -0.130 | clip_frac 0.260 | KL 0.0103 | H_fire 0.135 H_ang 4.17 H_ship 2.48 | V_loss 0.0015 | LR 0.000072 | early_stop=0
[2026-05-23 18:31:12] iter 171  ckpts_local=10  last: iter  1081 | steps  35,422,208 | SPS   1,098 | r_p0 +0.130 r_p1 -0.130 | clip_frac 0.259 | KL 0.0106 | H_fire 0.134 H_ang 4.17 H_ship 2.46 | V_loss 0.0011 | LR 0.000072 | early_stop=0
[2026-05-23 18:34:22] iter 172  ckpts_local=10  last: iter  1088 | steps  35,651,584 | SPS   1,098 | r_p0 +0.240 r_p1 -0.240 | clip_frac 0.255 | KL 0.0102 | H_fire 0.138 H_ang 4.17 H_ship 2.47 | V_loss 0.0012 | LR 0.000072 | early_stop=0
[2026-05-23 18:37:34] iter 173  ckpts_local=10  last: iter  1095 | steps  35,880,960 | SPS   1,099 | r_p0 +0.110 r_p1 -0.110 | clip_frac 0.247 | KL 0.0102 | H_fire 0.138 H_ang 4.16 H_ship 2.46 | V_loss 0.0014 | LR 0.000071 | early_stop=0
[2026-05-23 18:40:45] iter 174  ckpts_local=10  last: iter  1102 | steps  36,110,336 | SPS   1,099 | r_p0 +0.140 r_p1 -0.140 | clip_frac 0.238 | KL 0.0088 | H_fire 0.138 H_ang 4.17 H_ship 2.48 | V_loss 0.0013 | LR 0.000071 | early_stop=0
[2026-05-23 18:43:55] iter 175  ckpts_local=10  last: iter  1108 | steps  36,306,944 | SPS   1,099 | r_p0 +0.280 r_p1 -0.280 | clip_frac 0.232 | KL 0.0095 | H_fire 0.123 H_ang 4.17 H_ship 2.48 | V_loss 0.0017 | LR 0.000071 | early_stop=0
[2026-05-23 18:47:05] iter 176  ckpts_local=10  last: iter  1115 | steps  36,536,320 | SPS   1,100 | r_p0 +0.160 r_p1 -0.160 | clip_frac 0.229 | KL 0.0097 | H_fire 0.113 H_ang 4.17 H_ship 2.49 | V_loss 0.0018 | LR 0.000071 | early_stop=0
[2026-05-23 18:50:15] iter 177  ckpts_local=10  last: iter  1122 | steps  36,765,696 | SPS   1,100 | r_p0 +0.140 r_p1 -0.140 | clip_frac 0.223 | KL 0.0117 | H_fire 0.117 H_ang 4.18 H_ship 2.50 | V_loss 0.0013 | LR 0.000070 | early_stop=0
[2026-05-23 18:53:24] iter 178  ckpts_local=10  last: iter  1129 | steps  36,995,072 | SPS   1,101 | r_p0 +0.230 r_p1 -0.230 | clip_frac 0.219 | KL 0.0107 | H_fire 0.121 H_ang 4.17 H_ship 2.49 | V_loss 0.0014 | LR 0.000070 | early_stop=0
[2026-05-23 18:56:35] iter 179  ckpts_local=10  last: iter  1136 | steps  37,224,448 | SPS   1,101 | r_p0 +0.280 r_p1 -0.280 | clip_frac 0.214 | KL 0.0100 | H_fire 0.126 H_ang 4.17 H_ship 2.49 | V_loss 0.0014 | LR 0.000070 | early_stop=0
[2026-05-23 18:59:45] iter 180  ckpts_local=10  last: iter  1142 | steps  37,421,056 | SPS   1,101 | r_p0 +0.230 r_p1 -0.230 | clip_frac 0.211 | KL 0.0100 | H_fire 0.123 H_ang 4.17 H_ship 2.48 | V_loss 0.0014 | LR 0.000069 | early_stop=0
[2026-05-23 19:02:56] iter 181  ckpts_local=10  last: iter  1149 | steps  37,650,432 | SPS   1,102 | r_p0 +0.040 r_p1 -0.040 | clip_frac 0.209 | KL 0.0107 | H_fire 0.119 H_ang 4.17 H_ship 2.50 | V_loss 0.0011 | LR 0.000069 | early_stop=0
[2026-05-23 19:06:06] iter 182  ckpts_local=10  last: iter  1156 | steps  37,879,808 | SPS   1,102 | r_p0 +0.200 r_p1 -0.200 | clip_frac 0.207 | KL 0.0082 | H_fire 0.117 H_ang 4.17 H_ship 2.48 | V_loss 0.0013 | LR 0.000069 | early_stop=0
[2026-05-23 19:09:19] iter 183  ckpts_local=10  last: iter  1163 | steps  38,109,184 | SPS   1,103 | r_p0 +0.200 r_p1 -0.200 | clip_frac 0.200 | KL 0.0097 | H_fire 0.112 H_ang 4.17 H_ship 2.49 | V_loss 0.0014 | LR 0.000068 | early_stop=0
[2026-05-23 19:12:29] iter 184  ckpts_local=10  last: iter  1170 | steps  38,338,560 | SPS   1,103 | r_p0 +0.150 r_p1 -0.150 | clip_frac 0.195 | KL 0.0096 | H_fire 0.116 H_ang 4.17 H_ship 2.50 | V_loss 0.0015 | LR 0.000068 | early_stop=0
[2026-05-23 19:15:39] iter 185  ckpts_local=10  last: iter  1176 | steps  38,535,168 | SPS   1,103 | r_p0 +0.070 r_p1 -0.070 | clip_frac 0.191 | KL 0.0097 | H_fire 0.114 H_ang 4.17 H_ship 2.51 | V_loss 0.0015 | LR 0.000068 | early_stop=0
[2026-05-23 19:18:49] iter 186  ckpts_local=10  last: iter  1183 | steps  38,764,544 | SPS   1,104 | r_p0 +0.140 r_p1 -0.140 | clip_frac 0.192 | KL 0.0108 | H_fire 0.115 H_ang 4.17 H_ship 2.49 | V_loss 0.0016 | LR 0.000067 | early_stop=0
[2026-05-23 19:22:00] iter 187  ckpts_local=10  last: iter  1190 | steps  38,993,920 | SPS   1,104 | r_p0 +0.110 r_p1 -0.110 | clip_frac 0.192 | KL 0.0089 | H_fire 0.118 H_ang 4.17 H_ship 2.51 | V_loss 0.0010 | LR 0.000067 | early_stop=0
[2026-05-23 19:25:10] iter 188  ckpts_local=10  last: iter  1197 | steps  39,223,296 | SPS   1,104 | r_p0 +0.100 r_p1 -0.100 | clip_frac 0.189 | KL 0.0079 | H_fire 0.112 H_ang 4.17 H_ship 2.53 | V_loss 0.0014 | LR 0.000067 | early_stop=0
[2026-05-23 19:28:20] iter 189  ckpts_local=10  last: iter  1204 | steps  39,452,672 | SPS   1,105 | r_p0 +0.030 r_p1 -0.030 | clip_frac 0.189 | KL 0.0078 | H_fire 0.118 H_ang 4.17 H_ship 2.52 | V_loss 0.0019 | LR 0.000066 | early_stop=0
[2026-05-23 19:31:30] iter 190  ckpts_local=10  last: iter  1211 | steps  39,682,048 | SPS   1,105 | r_p0 +0.010 r_p1 -0.010 | clip_frac 0.190 | KL 0.0093 | H_fire 0.116 H_ang 4.17 H_ship 2.52 | V_loss 0.0014 | LR 0.000066 | early_stop=0
[2026-05-23 19:34:40] iter 191  ckpts_local=10  last: iter  1217 | steps  39,878,656 | SPS   1,105 | r_p0 +0.060 r_p1 -0.060 | clip_frac 0.189 | KL 0.0087 | H_fire 0.115 H_ang 4.17 H_ship 2.54 | V_loss 0.0014 | LR 0.000066 | early_stop=0
[2026-05-23 19:37:51] iter 192  ckpts_local=11  last: iter  1224 | steps  40,108,032 | SPS   1,106 | r_p0 -0.010 r_p1 +0.010 | clip_frac 0.185 | KL 0.0085 | H_fire 0.112 H_ang 4.17 H_ship 2.53 | V_loss 0.0017 | LR 0.000065 | early_stop=0
[2026-05-23 19:41:13] iter 193  ckpts_local=11  last: iter  1224 | steps  40,108,032 | SPS   1,106 | r_p0 -0.010 r_p1 +0.010 | clip_frac 0.185 | KL 0.0085 | H_fire 0.112 H_ang 4.17 H_ship 2.53 | V_loss 0.0017 | LR 0.000065 | early_stop=0
[2026-05-23 19:44:23] iter 194  ckpts_local=11  last: iter  1225 | steps  40,140,800 | SPS   1,095 | r_p0 +0.010 r_p1 -0.010 | clip_frac 0.184 | KL 0.0077 | H_fire 0.115 H_ang 4.18 H_ship 2.53 | V_loss 0.0015 | LR 0.000065 | early_stop=0
[2026-05-23 19:47:33] iter 195  ckpts_local=11  last: iter  1232 | steps  40,370,176 | SPS   1,095 | r_p0 +0.220 r_p1 -0.220 | clip_frac 0.180 | KL 0.0080 | H_fire 0.107 H_ang 4.17 H_ship 2.54 | V_loss 0.0016 | LR 0.000065 | early_stop=0
[2026-05-23 19:50:43] iter 196  ckpts_local=11  last: iter  1239 | steps  40,599,552 | SPS   1,096 | r_p0 +0.030 r_p1 -0.030 | clip_frac 0.178 | KL 0.0079 | H_fire 0.111 H_ang 4.16 H_ship 2.55 | V_loss 0.0014 | LR 0.000065 | early_stop=0
[2026-05-23 19:53:53] iter 197  ckpts_local=11  last: iter  1246 | steps  40,828,928 | SPS   1,096 | r_p0 +0.050 r_p1 -0.050 | clip_frac 0.176 | KL 0.0081 | H_fire 0.111 H_ang 4.17 H_ship 2.55 | V_loss 0.0013 | LR 0.000064 | early_stop=0
[2026-05-23 19:57:03] iter 198  ckpts_local=11  last: iter  1252 | steps  41,025,536 | SPS   1,096 | r_p0 +0.120 r_p1 -0.120 | clip_frac 0.174 | KL 0.0075 | H_fire 0.111 H_ang 4.16 H_ship 2.55 | V_loss 0.0016 | LR 0.000064 | early_stop=0
[2026-05-23 20:00:13] iter 199  ckpts_local=11  last: iter  1259 | steps  41,254,912 | SPS   1,097 | r_p0 +0.010 r_p1 -0.010 | clip_frac 0.171 | KL 0.0086 | H_fire 0.119 H_ang 4.17 H_ship 2.54 | V_loss 0.0021 | LR 0.000064 | early_stop=0
[2026-05-23 20:03:23] iter 200  ckpts_local=11  last: iter  1266 | steps  41,484,288 | SPS   1,097 | r_p0 -0.060 r_p1 +0.060 | clip_frac 0.171 | KL 0.0073 | H_fire 0.116 H_ang 4.16 H_ship 2.55 | V_loss 0.0014 | LR 0.000063 | early_stop=0
[2026-05-23 20:06:34] iter 201  ckpts_local=11  last: iter  1273 | steps  41,713,664 | SPS   1,098 | r_p0 -0.040 r_p1 +0.040 | clip_frac 0.173 | KL 0.0102 | H_fire 0.117 H_ang 4.16 H_ship 2.56 | V_loss 0.0020 | LR 0.000063 | early_stop=0
[2026-05-23 20:09:44] iter 202  ckpts_local=11  last: iter  1280 | steps  41,943,040 | SPS   1,098 | r_p0 -0.090 r_p1 +0.090 | clip_frac 0.176 | KL 0.0083 | H_fire 0.113 H_ang 4.16 H_ship 2.55 | V_loss 0.0025 | LR 0.000063 | early_stop=0
[2026-05-23 20:12:54] iter 203  ckpts_local=11  last: iter  1286 | steps  42,139,648 | SPS   1,098 | r_p0 +0.030 r_p1 -0.030 | clip_frac 0.178 | KL 0.0084 | H_fire 0.110 H_ang 4.16 H_ship 2.55 | V_loss 0.0023 | LR 0.000062 | early_stop=0
[2026-05-23 20:16:04] iter 204  ckpts_local=11  last: iter  1293 | steps  42,369,024 | SPS   1,099 | r_p0 -0.080 r_p1 +0.080 | clip_frac 0.181 | KL 0.0076 | H_fire 0.103 H_ang 4.16 H_ship 2.54 | V_loss 0.0014 | LR 0.000062 | early_stop=0
[2026-05-23 20:19:15] iter 205  ckpts_local=11  last: iter  1300 | steps  42,598,400 | SPS   1,099 | r_p0 +0.050 r_p1 -0.050 | clip_frac 0.185 | KL 0.0077 | H_fire 0.112 H_ang 4.16 H_ship 2.52 | V_loss 0.0020 | LR 0.000062 | early_stop=0
[2026-05-23 20:22:31] iter 206  ckpts_local=11  last: iter  1307 | steps  42,827,776 | SPS   1,099 | r_p0 +0.050 r_p1 -0.050 | clip_frac 0.190 | KL 0.0073 | H_fire 0.114 H_ang 4.15 H_ship 2.53 | V_loss 0.0023 | LR 0.000061 | early_stop=0
