Found 200 target episodes across 1 datasets
  [1/200] 77192953.json already exists, skipping
  [2/200] 77192300.json already exists, skipping
  [3/200] 77192286.json already exists, skipping
  [4/200] 77192278.json already exists, skipping
  [5/200] 77192276.json already exists, skipping
Dataset URL: https://www.kaggle.com/datasets/kaggle/orbit-wars-episodes-2026-05-20
  [6/200] Downloaded 77191937.json
Dataset URL: https://www.kaggle.com/datasets/kaggle/orbit-wars-episodes-2026-05-20
  [7/200] Downloaded 77191909.json
Dataset URL: https://www.kaggle.com/datasets/kaggle/orbit-wars-episodes-2026-05-20
  [8/200] Downloaded 77191900.json
Dataset URL: https://www.kaggle.com/datasets/kaggle/orbit-wars-episodes-2026-05-20
  [9/200] Downloaded 77191465.json
Dataset URL: https://www.kaggle.com/datasets/kaggle/orbit-wars-episodes-2026-05-20
  [10/200] Downloaded 77191238.json
Dataset URL: https://www.kaggle.com/datasets/kaggle/orbit-wars-episodes-2026-05-20
  [11/200] Downloaded 77191015.json
Dataset URL: https://www.kaggle.com/datasets/kaggle/orbit-wars-episodes-2026-05-20
  [12/200] Downloaded 77190996.json
Dataset URL: https://www.kaggle.com/datasets/kaggle/orbit-wars-episodes-2026-05-20
  [13/200] Downloaded 77190994.json
Dataset URL: https://www.kaggle.com/datasets/kaggle/orbit-wars-episodes-2026-05-20
  [14/200] Downloaded 77190983.json
Dataset URL: https://www.kaggle.com/datasets/kaggle/orbit-wars-episodes-2026-05-20
  [15/200] Downloaded 77190981.json
Dataset URL: https://www.kaggle.com/datasets/kaggle/orbit-wars-episodes-2026-05-20
  [16/200] Downloaded 77190979.json
Dataset URL: https://www.kaggle.com/datasets/kaggle/orbit-wars-episodes-2026-05-20
  [17/200] Downloaded 77190974.json
Dataset URL: https://www.kaggle.com/datasets/kaggle/orbit-wars-episodes-2026-05-20
  [18/200] Downloaded 77190971.json
Dataset URL: https://www.kaggle.com/datasets/kaggle/orbit-wars-episodes-2026-05-20
  [19/200] Downloaded 77190636.json
Dataset URL: https://www.kaggle.com/datasets/kaggle/orbit-wars-episodes-2026-05-20
  [20/200] Downloaded 77190631.json
Dataset URL: https://www.kaggle.com/datasets/kaggle/orbit-wars-episodes-2026-05-20
  [21/200] Downloaded 77190615.json
Dataset URL: https://www.kaggle.com/datasets/kaggle/orbit-wars-episodes-2026-05-20
  [22/200] Downloaded 77190608.json
Dataset URL: https://www.kaggle.com/datasets/kaggle/orbit-wars-episodes-2026-05-20
  [23/200] Downloaded 77190595.json
Dataset URL: https://www.kaggle.com/datasets/kaggle/orbit-wars-episodes-2026-05-20
  [24/200] Downloaded 77190520.json
Dataset URL: https://www.kaggle.com/datasets/kaggle/orbit-wars-episodes-2026-05-20
  [25/200] Downloaded 77190253.json
Dataset URL: https://www.kaggle.com/datasets/kaggle/orbit-wars-episodes-2026-05-20
  [26/200] Downloaded 77190249.json
Dataset URL: https://www.kaggle.com/datasets/kaggle/orbit-wars-episodes-2026-05-20
  [27/200] Downloaded 77190247.json
Dataset URL: https://www.kaggle.com/datasets/kaggle/orbit-wars-episodes-2026-05-20
  [28/200] Downloaded 77190231.json
Dataset URL: https://www.kaggle.com/datasets/kaggle/orbit-wars-episodes-2026-05-20
  [29/200] Downloaded 77189548.json
Dataset URL: https://www.kaggle.com/datasets/kaggle/orbit-wars-episodes-2026-05-20
  [30/200] Downloaded 77189542.json
Dataset URL: https://www.kaggle.com/datasets/kaggle/orbit-wars-episodes-2026-05-20
  [31/200] Downloaded 77189129.json
Dataset URL: https://www.kaggle.com/datasets/kaggle/orbit-wars-episodes-2026-05-20
  [32/200] Downloaded 77188860.json
Dataset URL: https://www.kaggle.com/datasets/kaggle/orbit-wars-episodes-2026-05-20
  [33/200] Downloaded 77188585.json
Dataset URL: https://www.kaggle.com/datasets/kaggle/orbit-wars-episodes-2026-05-20
  [34/200] Downloaded 77188368.json
Dataset URL: https://www.kaggle.com/datasets/kaggle/orbit-wars-episodes-2026-05-20
  [35/200] Downloaded 77188315.json
Dataset URL: https://www.kaggle.com/datasets/kaggle/orbit-wars-episodes-2026-05-20
  [36/200] Downloaded 77188108.json
Dataset URL: https://www.kaggle.com/datasets/kaggle/orbit-wars-episodes-2026-05-20
  [37/200] Downloaded 77188107.json
Dataset URL: https://www.kaggle.com/datasets/kaggle/orbit-wars-episodes-2026-05-20
  [38/200] Downloaded 77188098.json
Dataset URL: https://www.kaggle.com/datasets/kaggle/orbit-wars-episodes-2026-05-20
  [39/200] Downloaded 77188087.json
Dataset URL: https://www.kaggle.com/datasets/kaggle/orbit-wars-episodes-2026-05-20
  [40/200] Downloaded 77188073.json
Dataset URL: https://www.kaggle.com/datasets/kaggle/orbit-wars-episodes-2026-05-20
  [41/200] Downloaded 77188071.json
Dataset URL: https://www.kaggle.com/datasets/kaggle/orbit-wars-episodes-2026-05-20
  [42/200] Downloaded 77188068.json
Dataset URL: https://www.kaggle.com/datasets/kaggle/orbit-wars-episodes-2026-05-20
  [43/200] Downloaded 77187461.json
Dataset URL: https://www.kaggle.com/datasets/kaggle/orbit-wars-episodes-2026-05-20
  [44/200] Downloaded 77187458.json
Dataset URL: https://www.kaggle.com/datasets/kaggle/orbit-wars-episodes-2026-05-20
  [45/200] Downloaded 77187435.json
Dataset URL: https://www.kaggle.com/datasets/kaggle/orbit-wars-episodes-2026-05-20
  [46/200] Downloaded 77187430.json
Dataset URL: https://www.kaggle.com/datasets/kaggle/orbit-wars-episodes-2026-05-20
  [47/200] Downloaded 77187428.json
Dataset URL: https://www.kaggle.com/datasets/kaggle/orbit-wars-episodes-2026-05-20
  [48/200] Downloaded 77187427.json
Dataset URL: https://www.kaggle.com/datasets/kaggle/orbit-wars-episodes-2026-05-20
  [49/200] Downloaded 77187423.json
Dataset URL: https://www.kaggle.com/datasets/kaggle/orbit-wars-episodes-2026-05-20
  [50/200] Downloaded 77187421.json
Dataset URL: https://www.kaggle.com/datasets/kaggle/orbit-wars-episodes-2026-05-20
  [51/200] Downloaded 77187287.json
Dataset URL: https://www.kaggle.com/datasets/kaggle/orbit-wars-episodes-2026-05-20
  [52/200] Downloaded 77187084.json
Dataset URL: https://www.kaggle.com/datasets/kaggle/orbit-wars-episodes-2026-05-20
  [53/200] Downloaded 77186771.json
Dataset URL: https://www.kaggle.com/datasets/kaggle/orbit-wars-episodes-2026-05-20
  [54/200] Downloaded 77186757.json
Dataset URL: https://www.kaggle.com/datasets/kaggle/orbit-wars-episodes-2026-05-20
  [55/200] Downloaded 77186752.json
Dataset URL: https://www.kaggle.com/datasets/kaggle/orbit-wars-episodes-2026-05-20
  [56/200] Downloaded 77186742.json
Dataset URL: https://www.kaggle.com/datasets/kaggle/orbit-wars-episodes-2026-05-20
  [57/200] Downloaded 77186738.json
Dataset URL: https://www.kaggle.com/datasets/kaggle/orbit-wars-episodes-2026-05-20
  [58/200] Downloaded 77186737.json
Dataset URL: https://www.kaggle.com/datasets/kaggle/orbit-wars-episodes-2026-05-20
  [59/200] Downloaded 77186731.json
Dataset URL: https://www.kaggle.com/datasets/kaggle/orbit-wars-episodes-2026-05-20
  [60/200] Downloaded 77186402.json
Dataset URL: https://www.kaggle.com/datasets/kaggle/orbit-wars-episodes-2026-05-20
  [61/200] Downloaded 77186395.json
Dataset URL: https://www.kaggle.com/datasets/kaggle/orbit-wars-episodes-2026-05-20
  [62/200] Downloaded 77186389.json
Dataset URL: https://www.kaggle.com/datasets/kaggle/orbit-wars-episodes-2026-05-20
  [63/200] Downloaded 77186373.json
Dataset URL: https://www.kaggle.com/datasets/kaggle/orbit-wars-episodes-2026-05-20
  [64/200] Downloaded 77186371.json
Dataset URL: https://www.kaggle.com/datasets/kaggle/orbit-wars-episodes-2026-05-20
  [65/200] Downloaded 77186368.json
Dataset URL: https://www.kaggle.com/datasets/kaggle/orbit-wars-episodes-2026-05-20
  [66/200] Downloaded 77186358.json
Dataset URL: https://www.kaggle.com/datasets/kaggle/orbit-wars-episodes-2026-05-20
  [67/200] Downloaded 77186354.json
Dataset URL: https://www.kaggle.com/datasets/kaggle/orbit-wars-episodes-2026-05-20
  [68/200] Downloaded 77186282.json
Dataset URL: https://www.kaggle.com/datasets/kaggle/orbit-wars-episodes-2026-05-20
  [69/200] Downloaded 77185740.json
Dataset URL: https://www.kaggle.com/datasets/kaggle/orbit-wars-episodes-2026-05-20
  [70/200] Downloaded 77185737.json
Dataset URL: https://www.kaggle.com/datasets/kaggle/orbit-wars-episodes-2026-05-20
  [71/200] Downloaded 77185736.json
Dataset URL: https://www.kaggle.com/datasets/kaggle/orbit-wars-episodes-2026-05-20
  [72/200] Downloaded 77185728.json
Dataset URL: https://www.kaggle.com/datasets/kaggle/orbit-wars-episodes-2026-05-20
  [73/200] Downloaded 77185727.json
Dataset URL: https://www.kaggle.com/datasets/kaggle/orbit-wars-episodes-2026-05-20
  [74/200] Downloaded 77185721.json
Dataset URL: https://www.kaggle.com/datasets/kaggle/orbit-wars-episodes-2026-05-20
  [75/200] Downloaded 77185717.json
Dataset URL: https://www.kaggle.com/datasets/kaggle/orbit-wars-episodes-2026-05-20
  [76/200] Downloaded 77185386.json
Dataset URL: https://www.kaggle.com/datasets/kaggle/orbit-wars-episodes-2026-05-20
  [77/200] Downloaded 77185381.json
Dataset URL: https://www.kaggle.com/datasets/kaggle/orbit-wars-episodes-2026-05-20
  [78/200] Downloaded 77185380.json
Dataset URL: https://www.kaggle.com/datasets/kaggle/orbit-wars-episodes-2026-05-20
  [79/200] Downloaded 77185358.json
Dataset URL: https://www.kaggle.com/datasets/kaggle/orbit-wars-episodes-2026-05-20
  [80/200] Downloaded 77185350.json
Dataset URL: https://www.kaggle.com/datasets/kaggle/orbit-wars-episodes-2026-05-20
  [81/200] Downloaded 77185338.json
Dataset URL: https://www.kaggle.com/datasets/kaggle/orbit-wars-episodes-2026-05-20
  [82/200] Downloaded 77185334.json
Dataset URL: https://www.kaggle.com/datasets/kaggle/orbit-wars-episodes-2026-05-20
  [83/200] Downloaded 77184979.json
Dataset URL: https://www.kaggle.com/datasets/kaggle/orbit-wars-episodes-2026-05-20
  [84/200] Downloaded 77184972.json
Dataset URL: https://www.kaggle.com/datasets/kaggle/orbit-wars-episodes-2026-05-20
  [85/200] Downloaded 77184971.json
Dataset URL: https://www.kaggle.com/datasets/kaggle/orbit-wars-episodes-2026-05-20
  [86/200] Downloaded 77184966.json
Dataset URL: https://www.kaggle.com/datasets/kaggle/orbit-wars-episodes-2026-05-20
  [87/200] Downloaded 77184957.json
Dataset URL: https://www.kaggle.com/datasets/kaggle/orbit-wars-episodes-2026-05-20
  [88/200] Downloaded 77184949.json
Dataset URL: https://www.kaggle.com/datasets/kaggle/orbit-wars-episodes-2026-05-20
  [89/200] Downloaded 77184615.json
Dataset URL: https://www.kaggle.com/datasets/kaggle/orbit-wars-episodes-2026-05-20
  [90/200] Downloaded 77184606.json
Dataset URL: https://www.kaggle.com/datasets/kaggle/orbit-wars-episodes-2026-05-20
  [91/200] Downloaded 77184600.json
Dataset URL: https://www.kaggle.com/datasets/kaggle/orbit-wars-episodes-2026-05-20
  [92/200] Downloaded 77184589.json
Dataset URL: https://www.kaggle.com/datasets/kaggle/orbit-wars-episodes-2026-05-20
  [93/200] Downloaded 77183636.json
Dataset URL: https://www.kaggle.com/datasets/kaggle/orbit-wars-episodes-2026-05-20
  [94/200] Downloaded 77183377.json
Dataset URL: https://www.kaggle.com/datasets/kaggle/orbit-wars-episodes-2026-05-20
  [95/200] Downloaded 77183364.json
Dataset URL: https://www.kaggle.com/datasets/kaggle/orbit-wars-episodes-2026-05-20
  [96/200] Downloaded 77183352.json
Dataset URL: https://www.kaggle.com/datasets/kaggle/orbit-wars-episodes-2026-05-20
  [97/200] Downloaded 77183345.json
Dataset URL: https://www.kaggle.com/datasets/kaggle/orbit-wars-episodes-2026-05-20
  [98/200] Downloaded 77183324.json
Dataset URL: https://www.kaggle.com/datasets/kaggle/orbit-wars-episodes-2026-05-20
  [99/200] Downloaded 77183163.json
Dataset URL: https://www.kaggle.com/datasets/kaggle/orbit-wars-episodes-2026-05-20
  [100/200] Downloaded 77181911.json
Dataset URL: https://www.kaggle.com/datasets/kaggle/orbit-wars-episodes-2026-05-20
  [101/200] Downloaded 77181906.json
Dataset URL: https://www.kaggle.com/datasets/kaggle/orbit-wars-episodes-2026-05-20
  [102/200] Downloaded 77181891.json
Dataset URL: https://www.kaggle.com/datasets/kaggle/orbit-wars-episodes-2026-05-20
  [103/200] Downloaded 77181871.json
Dataset URL: https://www.kaggle.com/datasets/kaggle/orbit-wars-episodes-2026-05-20
  [104/200] Downloaded 77181858.json
Dataset URL: https://www.kaggle.com/datasets/kaggle/orbit-wars-episodes-2026-05-20
  [105/200] Downloaded 77181857.json
Dataset URL: https://www.kaggle.com/datasets/kaggle/orbit-wars-episodes-2026-05-20
  [106/200] Downloaded 77181853.json
Dataset URL: https://www.kaggle.com/datasets/kaggle/orbit-wars-episodes-2026-05-20
  [107/200] Downloaded 77181840.json
Dataset URL: https://www.kaggle.com/datasets/kaggle/orbit-wars-episodes-2026-05-20
  [108/200] Downloaded 77180678.json
Dataset URL: https://www.kaggle.com/datasets/kaggle/orbit-wars-episodes-2026-05-20
  [109/200] Downloaded 77180671.json
Dataset URL: https://www.kaggle.com/datasets/kaggle/orbit-wars-episodes-2026-05-20
  [110/200] Downloaded 77180646.json
Dataset URL: https://www.kaggle.com/datasets/kaggle/orbit-wars-episodes-2026-05-20
  [111/200] Downloaded 77180632.json
Dataset URL: https://www.kaggle.com/datasets/kaggle/orbit-wars-episodes-2026-05-20
  [112/200] Downloaded 77180631.json
Dataset URL: https://www.kaggle.com/datasets/kaggle/orbit-wars-episodes-2026-05-20
  [113/200] Downloaded 77180630.json
Dataset URL: https://www.kaggle.com/datasets/kaggle/orbit-wars-episodes-2026-05-20
  [114/200] Downloaded 77180628.json
Dataset URL: https://www.kaggle.com/datasets/kaggle/orbit-wars-episodes-2026-05-20
  [115/200] Downloaded 77180627.json
Dataset URL: https://www.kaggle.com/datasets/kaggle/orbit-wars-episodes-2026-05-20
  [116/200] Downloaded 77180609.json
Dataset URL: https://www.kaggle.com/datasets/kaggle/orbit-wars-episodes-2026-05-20
  [117/200] Downloaded 77180605.json
Dataset URL: https://www.kaggle.com/datasets/kaggle/orbit-wars-episodes-2026-05-20
  [118/200] Downloaded 77180030.json
Dataset URL: https://www.kaggle.com/datasets/kaggle/orbit-wars-episodes-2026-05-20
  [119/200] Downloaded 77180019.json
Dataset URL: https://www.kaggle.com/datasets/kaggle/orbit-wars-episodes-2026-05-20
  [120/200] Downloaded 77180018.json
Dataset URL: https://www.kaggle.com/datasets/kaggle/orbit-wars-episodes-2026-05-20
  [121/200] Downloaded 77180016.json
Dataset URL: https://www.kaggle.com/datasets/kaggle/orbit-wars-episodes-2026-05-20
  [122/200] Downloaded 77179968.json
Dataset URL: https://www.kaggle.com/datasets/kaggle/orbit-wars-episodes-2026-05-20
  [123/200] Downloaded 77179967.json
Dataset URL: https://www.kaggle.com/datasets/kaggle/orbit-wars-episodes-2026-05-20
  [124/200] Downloaded 77179959.json
Dataset URL: https://www.kaggle.com/datasets/kaggle/orbit-wars-episodes-2026-05-20
  [125/200] Downloaded 77179957.json
Dataset URL: https://www.kaggle.com/datasets/kaggle/orbit-wars-episodes-2026-05-20
  [126/200] Downloaded 77179950.json
Dataset URL: https://www.kaggle.com/datasets/kaggle/orbit-wars-episodes-2026-05-20
  [127/200] Downloaded 77179637.json
Dataset URL: https://www.kaggle.com/datasets/kaggle/orbit-wars-episodes-2026-05-20
  [128/200] Downloaded 77179590.json
Dataset URL: https://www.kaggle.com/datasets/kaggle/orbit-wars-episodes-2026-05-20
  [129/200] Downloaded 77179586.json
Dataset URL: https://www.kaggle.com/datasets/kaggle/orbit-wars-episodes-2026-05-20
  [130/200] Downloaded 77179583.json
Dataset URL: https://www.kaggle.com/datasets/kaggle/orbit-wars-episodes-2026-05-20
  [131/200] Downloaded 77179572.json
Dataset URL: https://www.kaggle.com/datasets/kaggle/orbit-wars-episodes-2026-05-20
  [132/200] Downloaded 77179551.json
Dataset URL: https://www.kaggle.com/datasets/kaggle/orbit-wars-episodes-2026-05-20
  [133/200] Downloaded 77179249.json
Dataset URL: https://www.kaggle.com/datasets/kaggle/orbit-wars-episodes-2026-05-20
  [134/200] Downloaded 77179229.json
Dataset URL: https://www.kaggle.com/datasets/kaggle/orbit-wars-episodes-2026-05-20
  [135/200] Downloaded 77179213.json
Dataset URL: https://www.kaggle.com/datasets/kaggle/orbit-wars-episodes-2026-05-20
  [136/200] Downloaded 77179210.json
Dataset URL: https://www.kaggle.com/datasets/kaggle/orbit-wars-episodes-2026-05-20
  [137/200] Downloaded 77179209.json
Dataset URL: https://www.kaggle.com/datasets/kaggle/orbit-wars-episodes-2026-05-20
  [138/200] Downloaded 77179195.json
Dataset URL: https://www.kaggle.com/datasets/kaggle/orbit-wars-episodes-2026-05-20
  [139/200] Downloaded 77179189.json
Dataset URL: https://www.kaggle.com/datasets/kaggle/orbit-wars-episodes-2026-05-20
  [140/200] Downloaded 77179168.json
Dataset URL: https://www.kaggle.com/datasets/kaggle/orbit-wars-episodes-2026-05-20
  [141/200] Downloaded 77178326.json
Dataset URL: https://www.kaggle.com/datasets/kaggle/orbit-wars-episodes-2026-05-20
  [142/200] Downloaded 77178325.json
Dataset URL: https://www.kaggle.com/datasets/kaggle/orbit-wars-episodes-2026-05-20
  [143/200] Downloaded 77178286.json
Dataset URL: https://www.kaggle.com/datasets/kaggle/orbit-wars-episodes-2026-05-20
  [144/200] Downloaded 77176502.json
Dataset URL: https://www.kaggle.com/datasets/kaggle/orbit-wars-episodes-2026-05-20
  [145/200] Downloaded 77176497.json
Dataset URL: https://www.kaggle.com/datasets/kaggle/orbit-wars-episodes-2026-05-20
  [146/200] Downloaded 77176488.json
Dataset URL: https://www.kaggle.com/datasets/kaggle/orbit-wars-episodes-2026-05-20
  [147/200] Downloaded 77176486.json
Dataset URL: https://www.kaggle.com/datasets/kaggle/orbit-wars-episodes-2026-05-20
  [148/200] Downloaded 77176474.json
Dataset URL: https://www.kaggle.com/datasets/kaggle/orbit-wars-episodes-2026-05-20
  [149/200] Downloaded 77176456.json
Dataset URL: https://www.kaggle.com/datasets/kaggle/orbit-wars-episodes-2026-05-20
  [150/200] Downloaded 77176425.json
Dataset URL: https://www.kaggle.com/datasets/kaggle/orbit-wars-episodes-2026-05-20
  [151/200] Downloaded 77175850.json
Dataset URL: https://www.kaggle.com/datasets/kaggle/orbit-wars-episodes-2026-05-20
  [152/200] Downloaded 77175607.json
Dataset URL: https://www.kaggle.com/datasets/kaggle/orbit-wars-episodes-2026-05-20
  [153/200] Downloaded 77175337.json
Dataset URL: https://www.kaggle.com/datasets/kaggle/orbit-wars-episodes-2026-05-20
  [154/200] Downloaded 77175303.json
Dataset URL: https://www.kaggle.com/datasets/kaggle/orbit-wars-episodes-2026-05-20
  [155/200] Downloaded 77175295.json
Dataset URL: https://www.kaggle.com/datasets/kaggle/orbit-wars-episodes-2026-05-20
  [156/200] Downloaded 77175283.json
Dataset URL: https://www.kaggle.com/datasets/kaggle/orbit-wars-episodes-2026-05-20
  [157/200] Downloaded 77175268.json
Dataset URL: https://www.kaggle.com/datasets/kaggle/orbit-wars-episodes-2026-05-20
  [158/200] Downloaded 77175262.json
Dataset URL: https://www.kaggle.com/datasets/kaggle/orbit-wars-episodes-2026-05-20
  [159/200] Downloaded 77175242.json
Dataset URL: https://www.kaggle.com/datasets/kaggle/orbit-wars-episodes-2026-05-20
  [160/200] Downloaded 77175225.json
Dataset URL: https://www.kaggle.com/datasets/kaggle/orbit-wars-episodes-2026-05-20
  [161/200] Downloaded 77174646.json
Dataset URL: https://www.kaggle.com/datasets/kaggle/orbit-wars-episodes-2026-05-20
  [162/200] Downloaded 77174362.json
Dataset URL: https://www.kaggle.com/datasets/kaggle/orbit-wars-episodes-2026-05-20
  [163/200] Downloaded 77174360.json
Dataset URL: https://www.kaggle.com/datasets/kaggle/orbit-wars-episodes-2026-05-20
  [164/200] Downloaded 77174359.json
Dataset URL: https://www.kaggle.com/datasets/kaggle/orbit-wars-episodes-2026-05-20
  [165/200] Downloaded 77174356.json
Dataset URL: https://www.kaggle.com/datasets/kaggle/orbit-wars-episodes-2026-05-20
  [166/200] Downloaded 77174344.json
Dataset URL: https://www.kaggle.com/datasets/kaggle/orbit-wars-episodes-2026-05-20
  [167/200] Downloaded 77174328.json
Dataset URL: https://www.kaggle.com/datasets/kaggle/orbit-wars-episodes-2026-05-20
  [168/200] Downloaded 77174321.json
Dataset URL: https://www.kaggle.com/datasets/kaggle/orbit-wars-episodes-2026-05-20
  [169/200] Downloaded 77174299.json
Dataset URL: https://www.kaggle.com/datasets/kaggle/orbit-wars-episodes-2026-05-20
  [170/200] Downloaded 77174288.json
Dataset URL: https://www.kaggle.com/datasets/kaggle/orbit-wars-episodes-2026-05-20
  [171/200] Downloaded 77174269.json
Dataset URL: https://www.kaggle.com/datasets/kaggle/orbit-wars-episodes-2026-05-20
  [172/200] Downloaded 77173700.json
Dataset URL: https://www.kaggle.com/datasets/kaggle/orbit-wars-episodes-2026-05-20
  [173/200] Downloaded 77173693.json
Dataset URL: https://www.kaggle.com/datasets/kaggle/orbit-wars-episodes-2026-05-20
  [174/200] Downloaded 77173673.json
Dataset URL: https://www.kaggle.com/datasets/kaggle/orbit-wars-episodes-2026-05-20
  [175/200] Downloaded 77173646.json
Dataset URL: https://www.kaggle.com/datasets/kaggle/orbit-wars-episodes-2026-05-20
  [176/200] Downloaded 77173643.json
Dataset URL: https://www.kaggle.com/datasets/kaggle/orbit-wars-episodes-2026-05-20
  [177/200] Downloaded 77173590.json
Dataset URL: https://www.kaggle.com/datasets/kaggle/orbit-wars-episodes-2026-05-20
  [178/200] Downloaded 77173315.json
Dataset URL: https://www.kaggle.com/datasets/kaggle/orbit-wars-episodes-2026-05-20
  [179/200] Downloaded 77173306.json
Dataset URL: https://www.kaggle.com/datasets/kaggle/orbit-wars-episodes-2026-05-20
  [180/200] Downloaded 77173277.json
Dataset URL: https://www.kaggle.com/datasets/kaggle/orbit-wars-episodes-2026-05-20
  [181/200] Downloaded 77173217.json
Dataset URL: https://www.kaggle.com/datasets/kaggle/orbit-wars-episodes-2026-05-20
  [182/200] Downloaded 77172926.json
Dataset URL: https://www.kaggle.com/datasets/kaggle/orbit-wars-episodes-2026-05-20
  [183/200] Downloaded 77172379.json
Dataset URL: https://www.kaggle.com/datasets/kaggle/orbit-wars-episodes-2026-05-20
  [184/200] Downloaded 77172062.json
Dataset URL: https://www.kaggle.com/datasets/kaggle/orbit-wars-episodes-2026-05-20
  [185/200] Downloaded 77172058.json
Dataset URL: https://www.kaggle.com/datasets/kaggle/orbit-wars-episodes-2026-05-20
  [186/200] Downloaded 77172049.json
Dataset URL: https://www.kaggle.com/datasets/kaggle/orbit-wars-episodes-2026-05-20
  [187/200] Downloaded 77172036.json
Dataset URL: https://www.kaggle.com/datasets/kaggle/orbit-wars-episodes-2026-05-20
  [188/200] Downloaded 77172030.json
Dataset URL: https://www.kaggle.com/datasets/kaggle/orbit-wars-episodes-2026-05-20
  [189/200] Downloaded 77172026.json
Dataset URL: https://www.kaggle.com/datasets/kaggle/orbit-wars-episodes-2026-05-20
  [190/200] Downloaded 77172018.json
Dataset URL: https://www.kaggle.com/datasets/kaggle/orbit-wars-episodes-2026-05-20
  [191/200] Downloaded 77172006.json
Dataset URL: https://www.kaggle.com/datasets/kaggle/orbit-wars-episodes-2026-05-20
  [192/200] Downloaded 77171967.json
Dataset URL: https://www.kaggle.com/datasets/kaggle/orbit-wars-episodes-2026-05-20
  [193/200] Downloaded 77171683.json
Dataset URL: https://www.kaggle.com/datasets/kaggle/orbit-wars-episodes-2026-05-20
  [194/200] Downloaded 77171410.json
Dataset URL: https://www.kaggle.com/datasets/kaggle/orbit-wars-episodes-2026-05-20
  [195/200] Downloaded 77171393.json
Dataset URL: https://www.kaggle.com/datasets/kaggle/orbit-wars-episodes-2026-05-20
  [196/200] Downloaded 77171374.json
Dataset URL: https://www.kaggle.com/datasets/kaggle/orbit-wars-episodes-2026-05-20
  [197/200] Downloaded 77171372.json
Dataset URL: https://www.kaggle.com/datasets/kaggle/orbit-wars-episodes-2026-05-20
  [198/200] Downloaded 77171365.json
Dataset URL: https://www.kaggle.com/datasets/kaggle/orbit-wars-episodes-2026-05-20
  [199/200] Downloaded 77171355.json
Dataset URL: https://www.kaggle.com/datasets/kaggle/orbit-wars-episodes-2026-05-20
  [200/200] Downloaded 77171307.json

Downloaded 200/200 files to top_agent_replays
Loading environment cabt failed: dlopen(/Users/saheb/home/kaggle-orbit-wars/orbit_wars_rl/.venv/lib/python3.14/site-packages/kaggle_environments/envs/cabt/cg/libcg.so, 0x0006): tried: '/Users/saheb/home/kaggle-orbit-wars/orbit_wars_rl/.venv/lib/python3.14/site-packages/kaggle_environments/envs/cabt/cg/libcg.so' (slice is not valid mach-o file), '/System/Volumes/Preboot/Cryptexes/OS/Users/saheb/home/kaggle-orbit-wars/orbit_wars_rl/.venv/lib/python3.14/site-packages/kaggle_environments/envs/cabt/cg/libcg.so' (no such file), '/Users/saheb/home/kaggle-orbit-wars/orbit_wars_rl/.venv/lib/python3.14/site-packages/kaggle_environments/envs/cabt/cg/libcg.so' (slice is not valid mach-o file)
[kaggle_environments.envs.open_spiel_env.open_spiel_env] INFO: Successfully loaded OpenSpiel environments: 23.
[kaggle_environments.envs.open_spiel_env.open_spiel_env] INFO:    open_spiel_amazons
[kaggle_environments.envs.open_spiel_env.open_spiel_env] INFO:    open_spiel_backgammon
[kaggle_environments.envs.open_spiel_env.open_spiel_env] INFO:    open_spiel_checkers
[kaggle_environments.envs.open_spiel_env.open_spiel_env] INFO:    open_spiel_chess
[kaggle_environments.envs.open_spiel_env.open_spiel_env] INFO:    open_spiel_clobber
[kaggle_environments.envs.open_spiel_env.open_spiel_env] INFO:    open_spiel_coin_game
[kaggle_environments.envs.open_spiel_env.open_spiel_env] INFO:    open_spiel_connect_four
[kaggle_environments.envs.open_spiel_env.open_spiel_env] INFO:    open_spiel_dark_hex
[kaggle_environments.envs.open_spiel_env.open_spiel_env] INFO:    open_spiel_gin_rummy
[kaggle_environments.envs.open_spiel_env.open_spiel_env] INFO:    open_spiel_go
[kaggle_environments.envs.open_spiel_env.open_spiel_env] INFO:    open_spiel_goofspiel
[kaggle_environments.envs.open_spiel_env.open_spiel_env] INFO:    open_spiel_hearts
[kaggle_environments.envs.open_spiel_env.open_spiel_env] INFO:    open_spiel_hex
[kaggle_environments.envs.open_spiel_env.open_spiel_env] INFO:    open_spiel_lines_of_action
[kaggle_environments.envs.open_spiel_env.open_spiel_env] INFO:    open_spiel_matching_pennies_3p
[kaggle_environments.envs.open_spiel_env.open_spiel_env] INFO:    open_spiel_oshi_zumo
[kaggle_environments.envs.open_spiel_env.open_spiel_env] INFO:    open_spiel_othello
[kaggle_environments.envs.open_spiel_env.open_spiel_env] INFO:    open_spiel_repeated_game
[kaggle_environments.envs.open_spiel_env.open_spiel_env] INFO:    open_spiel_tic_tac_toe
[kaggle_environments.envs.open_spiel_env.open_spiel_env] INFO:    open_spiel_y
[kaggle_environments.envs.open_spiel_env.open_spiel_env] INFO:    open_spiel_universal_poker
[kaggle_environments.envs.open_spiel_env.open_spiel_env] INFO:    open_spiel_repeated_poker
[kaggle_environments.envs.open_spiel_env.open_spiel_env] INFO:    open_spiel_python_repeated_pokerkit
[kaggle_environments.envs.open_spiel_env.open_spiel_env] INFO: OpenSpiel games skipped: 1.
[kaggle_environments.envs.open_spiel_env.open_spiel_env] INFO:    snake
  Processing 77192953.json (1/200)... 174 samples (total: 174)
  Processing 77192300.json (2/200)... 293 samples (total: 467)
  Processing 77192286.json (3/200)... 124 samples (total: 591)
  Processing 77192278.json (4/200)... 244 samples (total: 835)
  Processing 77192276.json (5/200)... 173 samples (total: 1008)
  Processing 77191937.json (6/200)... 241 samples (total: 1249)
  Processing 77191909.json (7/200)... 192 samples (total: 1441)
  Processing 77191900.json (8/200)... 499 samples (total: 1940)
  Processing 77191465.json (9/200)... 158 samples (total: 2098)
  Processing 77191238.json (10/200)... 102 samples (total: 2200)
  Processing 77191015.json (11/200)... 166 samples (total: 2366)
  Processing 77190996.json (12/200)... 189 samples (total: 2555)
  Processing 77190994.json (13/200)... 179 samples (total: 2734)
  Processing 77190983.json (14/200)... 187 samples (total: 2921)
  Processing 77190981.json (15/200)... 218 samples (total: 3139)
  Processing 77190979.json (16/200)... 138 samples (total: 3277)
  Processing 77190974.json (17/200)... 217 samples (total: 3494)
  Processing 77190971.json (18/200)... 226 samples (total: 3720)
  Processing 77190636.json (19/200)... 176 samples (total: 3896)
  Processing 77190631.json (20/200)... 100 samples (total: 3996)
  Processing 77190615.json (21/200)... 499 samples (total: 4495)
  Processing 77190608.json (22/200)... 200 samples (total: 4695)
  Processing 77190595.json (23/200)... 152 samples (total: 4847)
  Processing 77190520.json (24/200)... 161 samples (total: 5008)
  Processing 77190253.json (25/200)... 127 samples (total: 5135)
  Processing 77190249.json (26/200)... 184 samples (total: 5319)
  Processing 77190247.json (27/200)... 243 samples (total: 5562)
  Processing 77190231.json (28/200)... 122 samples (total: 5684)
  Processing 77189548.json (29/200)... 115 samples (total: 5799)
  Processing 77189542.json (30/200)... 145 samples (total: 5944)
  Processing 77189129.json (31/200)... 499 samples (total: 6443)
  Processing 77188860.json (32/200)... 384 samples (total: 6827)
  Processing 77188585.json (33/200)... 260 samples (total: 7087)
  Processing 77188368.json (34/200)... 499 samples (total: 7586)
  Processing 77188315.json (35/200)... 271 samples (total: 7857)
  Processing 77188108.json (36/200)... 140 samples (total: 7997)
  Processing 77188107.json (37/200)... 152 samples (total: 8149)
  Processing 77188098.json (38/200)... 126 samples (total: 8275)
  Processing 77188087.json (39/200)... 499 samples (total: 8774)
  Processing 77188073.json (40/200)... 265 samples (total: 9039)
  Processing 77188071.json (41/200)... 281 samples (total: 9320)
  Processing 77188068.json (42/200)... 176 samples (total: 9496)
  Processing 77187461.json (43/200)... 112 samples (total: 9608)
  Processing 77187458.json (44/200)... 162 samples (total: 9770)
  Processing 77187435.json (45/200)... 109 samples (total: 9879)
  Processing 77187430.json (46/200)... 196 samples (total: 10075)
  Processing 77187428.json (47/200)... 162 samples (total: 10237)
  Processing 77187427.json (48/200)... 152 samples (total: 10389)
  Processing 77187423.json (49/200)... 113 samples (total: 10502)
  Processing 77187421.json (50/200)... 176 samples (total: 10678)
  Processing 77187287.json (51/200)... 271 samples (total: 10949)
  Processing 77187084.json (52/200)... 260 samples (total: 11209)
  Processing 77186771.json (53/200)... 113 samples (total: 11322)
  Processing 77186757.json (54/200)... 172 samples (total: 11494)
  Processing 77186752.json (55/200)... 499 samples (total: 11993)
  Processing 77186742.json (56/200)... 210 samples (total: 12203)
  Processing 77186738.json (57/200)... 179 samples (total: 12382)
  Processing 77186737.json (58/200)... 105 samples (total: 12487)
  Processing 77186731.json (59/200)... 200 samples (total: 12687)
  Processing 77186402.json (60/200)... 128 samples (total: 12815)
  Processing 77186395.json (61/200)... 499 samples (total: 13314)
  Processing 77186389.json (62/200)... 111 samples (total: 13425)
  Processing 77186373.json (63/200)... 229 samples (total: 13654)
  Processing 77186371.json (64/200)... 246 samples (total: 13900)
  Processing 77186368.json (65/200)... 344 samples (total: 14244)
  Processing 77186358.json (66/200)... 196 samples (total: 14440)
  Processing 77186354.json (67/200)... 258 samples (total: 14698)
  Processing 77186282.json (68/200)... 123 samples (total: 14821)
  Processing 77185740.json (69/200)... 248 samples (total: 15069)
  Processing 77185737.json (70/200)... 150 samples (total: 15219)
  Processing 77185736.json (71/200)... 169 samples (total: 15388)
  Processing 77185728.json (72/200)... 309 samples (total: 15697)
  Processing 77185727.json (73/200)... 130 samples (total: 15827)
  Processing 77185721.json (74/200)... 248 samples (total: 16075)
  Processing 77185717.json (75/200)... 101 samples (total: 16176)
  Processing 77185386.json (76/200)... 125 samples (total: 16301)
  Processing 77185381.json (77/200)... 139 samples (total: 16440)
  Processing 77185380.json (78/200)... 139 samples (total: 16579)
  Processing 77185358.json (79/200)... 213 samples (total: 16792)
  Processing 77185350.json (80/200)... 145 samples (total: 16937)
  Processing 77185338.json (81/200)... 138 samples (total: 17075)
  Processing 77185334.json (82/200)... 157 samples (total: 17232)
  Processing 77184979.json (83/200)... 115 samples (total: 17347)
  Processing 77184972.json (84/200)... 235 samples (total: 17582)
  Processing 77184971.json (85/200)... 328 samples (total: 17910)
  Processing 77184966.json (86/200)... 108 samples (total: 18018)
  Processing 77184957.json (87/200)... 147 samples (total: 18165)
  Processing 77184949.json (88/200)... 226 samples (total: 18391)
  Processing 77184615.json (89/200)... 499 samples (total: 18890)
  Processing 77184606.json (90/200)... 146 samples (total: 19036)
  Processing 77184600.json (91/200)... 499 samples (total: 19535)
  Processing 77184589.json (92/200)... 118 samples (total: 19653)
  Processing 77183636.json (93/200)... 138 samples (total: 19791)
  Processing 77183377.json (94/200)... 134 samples (total: 19925)
  Processing 77183364.json (95/200)... 116 samples (total: 20041)
  Processing 77183352.json (96/200)... 211 samples (total: 20252)
  Processing 77183345.json (97/200)... 112 samples (total: 20364)
  Processing 77183324.json (98/200)... 175 samples (total: 20539)
  Processing 77183163.json (99/200)... 123 samples (total: 20662)
  Processing 77181911.json (100/200)... 419 samples (total: 21081)
  Processing 77181906.json (101/200)... 154 samples (total: 21235)
  Processing 77181891.json (102/200)... 123 samples (total: 21358)
  Processing 77181871.json (103/200)... 170 samples (total: 21528)
  Processing 77181858.json (104/200)... 237 samples (total: 21765)
  Processing 77181857.json (105/200)... 111 samples (total: 21876)
  Processing 77181853.json (106/200)... 98 samples (total: 21974)
  Processing 77181840.json (107/200)... 166 samples (total: 22140)
  Processing 77180678.json (108/200)... 138 samples (total: 22278)
  Processing 77180671.json (109/200)... 241 samples (total: 22519)
  Processing 77180646.json (110/200)... 224 samples (total: 22743)
  Processing 77180632.json (111/200)... 115 samples (total: 22858)
  Processing 77180631.json (112/200)... 171 samples (total: 23029)
  Processing 77180630.json (113/200)... 156 samples (total: 23185)
  Processing 77180628.json (114/200)... 124 samples (total: 23309)
  Processing 77180627.json (115/200)... 120 samples (total: 23429)
  Processing 77180609.json (116/200)... 149 samples (total: 23578)
  Processing 77180605.json (117/200)... 195 samples (total: 23773)
  Processing 77180030.json (118/200)... 131 samples (total: 23904)
  Processing 77180019.json (119/200)... 99 samples (total: 24003)
  Processing 77180018.json (120/200)... 178 samples (total: 24181)
  Processing 77180016.json (121/200)... 197 samples (total: 24378)
  Processing 77179968.json (122/200)... 249 samples (total: 24627)
  Processing 77179967.json (123/200)... 184 samples (total: 24811)
  Processing 77179959.json (124/200)... 146 samples (total: 24957)
  Processing 77179957.json (125/200)... 166 samples (total: 25123)
  Processing 77179950.json (126/200)... 160 samples (total: 25283)
  Processing 77179637.json (127/200)... 499 samples (total: 25782)
  Processing 77179590.json (128/200)... 175 samples (total: 25957)
  Processing 77179586.json (129/200)... 109 samples (total: 26066)
  Processing 77179583.json (130/200)... 199 samples (total: 26265)
  Processing 77179572.json (131/200)... 155 samples (total: 26420)
  Processing 77179551.json (132/200)... 149 samples (total: 26569)
  Processing 77179249.json (133/200)... 499 samples (total: 27068)
  Processing 77179229.json (134/200)... 152 samples (total: 27220)
  Processing 77179213.json (135/200)... 106 samples (total: 27326)
  Processing 77179210.json (136/200)... 253 samples (total: 27579)
  Processing 77179209.json (137/200)... 181 samples (total: 27760)
  Processing 77179195.json (138/200)... 133 samples (total: 27893)
  Processing 77179189.json (139/200)... 138 samples (total: 28031)
  Processing 77179168.json (140/200)... 130 samples (total: 28161)
  Processing 77178326.json (141/200)... 499 samples (total: 28660)
  Processing 77178325.json (142/200)... 170 samples (total: 28830)
  Processing 77178286.json (143/200)... 114 samples (total: 28944)
  Processing 77176502.json (144/200)... 499 samples (total: 29443)
  Processing 77176497.json (145/200)... 117 samples (total: 29560)
  Processing 77176488.json (146/200)... 131 samples (total: 29691)
  Processing 77176486.json (147/200)... 129 samples (total: 29820)
  Processing 77176474.json (148/200)... 213 samples (total: 30033)
  Processing 77176456.json (149/200)... 271 samples (total: 30304)
  Processing 77176425.json (150/200)... 83 samples (total: 30387)
  Processing 77175850.json (151/200)... 195 samples (total: 30582)
  Processing 77175607.json (152/200)... 499 samples (total: 31081)
  Processing 77175337.json (153/200)... 179 samples (total: 31260)
  Processing 77175303.json (154/200)... 125 samples (total: 31385)
  Processing 77175295.json (155/200)... 105 samples (total: 31490)
  Processing 77175283.json (156/200)... 138 samples (total: 31628)
  Processing 77175268.json (157/200)... 111 samples (total: 31739)
  Processing 77175262.json (158/200)... 197 samples (total: 31936)
  Processing 77175242.json (159/200)... 120 samples (total: 32056)
  Processing 77175225.json (160/200)... 95 samples (total: 32151)
  Processing 77174646.json (161/200)... 165 samples (total: 32316)
  Processing 77174362.json (162/200)... 213 samples (total: 32529)
  Processing 77174360.json (163/200)... 151 samples (total: 32680)
  Processing 77174359.json (164/200)... 100 samples (total: 32780)
  Processing 77174356.json (165/200)... 235 samples (total: 33015)
  Processing 77174344.json (166/200)... 499 samples (total: 33514)
  Processing 77174328.json (167/200)... 196 samples (total: 33710)
  Processing 77174321.json (168/200)... 164 samples (total: 33874)
  Processing 77174299.json (169/200)... 147 samples (total: 34021)
  Processing 77174288.json (170/200)... 499 samples (total: 34520)
  Processing 77174269.json (171/200)... 202 samples (total: 34722)
  Processing 77173700.json (172/200)... 499 samples (total: 35221)
  Processing 77173693.json (173/200)... 169 samples (total: 35390)
  Processing 77173673.json (174/200)... 189 samples (total: 35579)
  Processing 77173646.json (175/200)... 215 samples (total: 35794)
  Processing 77173643.json (176/200)... 120 samples (total: 35914)
  Processing 77173590.json (177/200)... 499 samples (total: 36413)
  Processing 77173315.json (178/200)... 141 samples (total: 36554)
  Processing 77173306.json (179/200)... 251 samples (total: 36805)
  Processing 77173277.json (180/200)... 182 samples (total: 36987)
  Processing 77173217.json (181/200)... 499 samples (total: 37486)
  Processing 77172926.json (182/200)... 499 samples (total: 37985)
  Processing 77172379.json (183/200)... 223 samples (total: 38208)
  Processing 77172062.json (184/200)... 499 samples (total: 38707)
  Processing 77172058.json (185/200)... 185 samples (total: 38892)
  Processing 77172049.json (186/200)... 296 samples (total: 39188)
  Processing 77172036.json (187/200)... 121 samples (total: 39309)
  Processing 77172030.json (188/200)... 168 samples (total: 39477)
  Processing 77172026.json (189/200)... 124 samples (total: 39601)
  Processing 77172018.json (190/200)... 499 samples (total: 40100)
  Processing 77172006.json (191/200)... 498 samples (total: 40598)
  Processing 77171967.json (192/200)... 192 samples (total: 40790)
  Processing 77171683.json (193/200)... 160 samples (total: 40950)
  Processing 77171410.json (194/200)... 499 samples (total: 41449)
  Processing 77171393.json (195/200)... 114 samples (total: 41563)
  Processing 77171374.json (196/200)... 154 samples (total: 41717)
  Processing 77171372.json (197/200)... 177 samples (total: 41894)
  Processing 77171365.json (198/200)... 120 samples (total: 42014)
  Processing 77171355.json (199/200)... 173 samples (total: 42187)
  Processing 77171307.json (200/200)... 210 samples (total: 42397)

Total samples: 42397
Saved → bc_top_agents.pkl  (540.4 MB)
