Loading environment cabt failed: dlopen(/Users/saheb/home/kaggle-orbit-wars/orbit_wars_rl/.venv/lib/python3.14/site-packages/kaggle_environments/envs/cabt/cg/libcg.so, 0x0006): tried: '/Users/saheb/home/kaggle-orbit-wars/orbit_wars_rl/.venv/lib/python3.14/site-packages/kaggle_environments/envs/cabt/cg/libcg.so' (slice is not valid mach-o file), '/System/Volumes/Preboot/Cryptexes/OS/Users/saheb/home/kaggle-orbit-wars/orbit_wars_rl/.venv/lib/python3.14/site-packages/kaggle_environments/envs/cabt/cg/libcg.so' (no such file), '/Users/saheb/home/kaggle-orbit-wars/orbit_wars_rl/.venv/lib/python3.14/site-packages/kaggle_environments/envs/cabt/cg/libcg.so' (slice is not valid mach-o file)
[kaggle_environments.envs.open_spiel_env.open_spiel_env] INFO: Successfully loaded OpenSpiel environments: 23.
[kaggle_environments.envs.open_spiel_env.open_spiel_env] INFO:    open_spiel_amazons
[kaggle_environments.envs.open_spiel_env.open_spiel_env] INFO:    open_spiel_backgammon
[kaggle_environments.envs.open_spiel_env.open_spiel_env] INFO:    open_spiel_checkers
[kaggle_environments.envs.open_spiel_env.open_spiel_env] INFO:    open_spiel_chess
[kaggle_environments.envs.open_spiel_env.open_spiel_env] INFO:    open_spiel_clobber
[kaggle_environments.envs.open_spiel_env.open_spiel_env] INFO:    open_spiel_coin_game
[kaggle_environments.envs.open_spiel_env.open_spiel_env] INFO:    open_spiel_connect_four
[kaggle_environments.envs.open_spiel_env.open_spiel_env] INFO:    open_spiel_dark_hex
[kaggle_environments.envs.open_spiel_env.open_spiel_env] INFO:    open_spiel_gin_rummy
[kaggle_environments.envs.open_spiel_env.open_spiel_env] INFO:    open_spiel_go
[kaggle_environments.envs.open_spiel_env.open_spiel_env] INFO:    open_spiel_goofspiel
[kaggle_environments.envs.open_spiel_env.open_spiel_env] INFO:    open_spiel_hearts
[kaggle_environments.envs.open_spiel_env.open_spiel_env] INFO:    open_spiel_hex
[kaggle_environments.envs.open_spiel_env.open_spiel_env] INFO:    open_spiel_lines_of_action
[kaggle_environments.envs.open_spiel_env.open_spiel_env] INFO:    open_spiel_matching_pennies_3p
[kaggle_environments.envs.open_spiel_env.open_spiel_env] INFO:    open_spiel_oshi_zumo
[kaggle_environments.envs.open_spiel_env.open_spiel_env] INFO:    open_spiel_othello
[kaggle_environments.envs.open_spiel_env.open_spiel_env] INFO:    open_spiel_repeated_game
[kaggle_environments.envs.open_spiel_env.open_spiel_env] INFO:    open_spiel_tic_tac_toe
[kaggle_environments.envs.open_spiel_env.open_spiel_env] INFO:    open_spiel_y
[kaggle_environments.envs.open_spiel_env.open_spiel_env] INFO:    open_spiel_universal_poker
[kaggle_environments.envs.open_spiel_env.open_spiel_env] INFO:    open_spiel_repeated_poker
[kaggle_environments.envs.open_spiel_env.open_spiel_env] INFO:    open_spiel_python_repeated_pokerkit
[kaggle_environments.envs.open_spiel_env.open_spiel_env] INFO: OpenSpiel games skipped: 1.
[kaggle_environments.envs.open_spiel_env.open_spiel_env] INFO:    snake
Training on device: mps
Model params: 307,482
Resumed model weights from /Users/saheb/home/kaggle-orbit-wars/checkpoints/step_2000896/checkpoint.pt
Loaded 21928 replay BC samples from bc_from_replays.pkl
Total BC samples: 21928

Starting training: 2,000,000 env steps
Batch size: 2048, Minibatches: 4
Self-play pool: 8 snapshots
Shaping coef: 0.01
Parallel envs: 1
Opponent policy: random
Env backend: fast
Rollout inference device: cpu
Uniform exploration epsilon: 0.1 -> 0.02
BC regularization: coef=0.02 samples=21928 agent=none
Loaded self-play opponent from /Users/saheb/home/kaggle-orbit-wars/checkpoints/step_2000896/checkpoint.pt
Self-play prob: 0.5

Episode     5 | Steps      2,495 | SPS      32 | Reward  +1.00 | Clip 0.086 | KL 2.2744 | V_loss 0.0024 | LR 0.000001
Episode    10 | Steps      4,990 | SPS      33 | Reward  +1.00 | Clip 0.093 | KL 2.6480 | V_loss 0.0025 | LR 0.000002
Episode    15 | Steps      7,485 | SPS      32 | Reward  +1.00 | Clip 0.094 | KL 2.6791 | V_loss 0.0019 | LR 0.000003
Episode    20 | Steps      9,980 | SPS      33 | Reward  +1.00 | Clip 0.099 | KL 2.8142 | V_loss 0.0022 | LR 0.000004
Episode    25 | Steps     12,261 | SPS      36 | Reward  +1.00 | Clip 0.102 | KL 2.6759 | V_loss 0.0027 | LR 0.000005
Episode    30 | Steps     14,756 | SPS      38 | Reward  +1.00 | Clip 0.103 | KL 2.7078 | V_loss 0.0016 | LR 0.000006
Episode    35 | Steps     17,251 | SPS      40 | Reward  +1.00 | Clip 0.105 | KL 2.8926 | V_loss 0.0017 | LR 0.000007
Episode    40 | Steps     19,746 | SPS      42 | Reward  +1.00 | Clip 0.105 | KL 2.3383 | V_loss 0.0048 | LR 0.000008
Episode    45 | Steps     22,241 | SPS      43 | Reward  +1.00 | Clip 0.105 | KL 2.6048 | V_loss 0.0010 | LR 0.000009
Episode    50 | Steps     24,736 | SPS      44 | Reward  +1.00 | Clip 0.105 | KL 2.5279 | V_loss 0.0011 | LR 0.000010
Episode    55 | Steps     27,231 | SPS      44 | Reward  +1.00 | Clip 0.108 | KL 2.6814 | V_loss 0.0014 | LR 0.000011
Episode    60 | Steps     29,726 | SPS      45 | Reward  +1.00 | Clip 0.108 | KL 2.5854 | V_loss 0.0009 | LR 0.000012
Episode    65 | Steps     32,221 | SPS      46 | Reward  +1.00 | Clip 0.108 | KL 2.6033 | V_loss 0.0012 | LR 0.000012
Episode    70 | Steps     34,716 | SPS      47 | Reward  +1.00 | Clip 0.109 | KL 2.8016 | V_loss 0.0025 | LR 0.000013
Episode    75 | Steps     37,211 | SPS      48 | Reward  +1.00 | Clip 0.109 | KL 2.7010 | V_loss 0.0021 | LR 0.000014
Episode    80 | Steps     39,528 | SPS      49 | Reward  +1.00 | Clip 0.110 | KL 2.3733 | V_loss 0.0038 | LR 0.000015
Episode    85 | Steps     42,023 | SPS      50 | Reward  +1.00 | Clip 0.110 | KL 2.3122 | V_loss 0.0015 | LR 0.000016
Episode    90 | Steps     44,518 | SPS      50 | Reward  +1.00 | Clip 0.110 | KL 2.6439 | V_loss 0.0012 | LR 0.000017
Episode    95 | Steps     47,013 | SPS      51 | Reward  +1.00 | Clip 0.110 | KL 2.3778 | V_loss 0.0025 | LR 0.000018
Episode   100 | Steps     49,508 | SPS      52 | Reward  +1.00 | Clip 0.110 | KL 2.4626 | V_loss 0.0010 | LR 0.000019
Episode   105 | Steps     52,003 | SPS      52 | Reward  +1.00 | Clip 0.111 | KL 2.2604 | V_loss 0.0007 | LR 0.000020
Episode   110 | Steps     54,498 | SPS      53 | Reward  +1.00 | Clip 0.112 | KL 2.5882 | V_loss 0.0006 | LR 0.000021
Episode   115 | Steps     56,993 | SPS      53 | Reward  +1.00 | Clip 0.111 | KL 2.3359 | V_loss 0.0010 | LR 0.000022
Episode   120 | Steps     59,488 | SPS      54 | Reward  +1.00 | Clip 0.112 | KL 2.4930 | V_loss 0.0024 | LR 0.000023
Episode   125 | Steps     61,983 | SPS      54 | Reward  +1.00 | Clip 0.113 | KL 2.2766 | V_loss 0.0018 | LR 0.000024
Episode   130 | Steps     64,478 | SPS      55 | Reward  +1.00 | Clip 0.113 | KL 2.3696 | V_loss 0.0024 | LR 0.000025
Episode   135 | Steps     66,973 | SPS      55 | Reward  +0.98 | Clip 0.114 | KL 2.4088 | V_loss 0.0035 | LR 0.000026
Episode   140 | Steps     69,468 | SPS      55 | Reward  +0.98 | Clip 0.114 | KL 2.6527 | V_loss 0.0012 | LR 0.000027
Episode   145 | Steps     71,963 | SPS      56 | Reward  +0.96 | Clip 0.114 | KL 2.0960 | V_loss 0.0056 | LR 0.000028
Episode   150 | Steps     74,458 | SPS      56 | Reward  +0.96 | Clip 0.115 | KL 2.5902 | V_loss 0.0008 | LR 0.000029
Episode   155 | Steps     76,953 | SPS      57 | Reward  +0.94 | Clip 0.115 | KL 2.0836 | V_loss 0.0076 | LR 0.000030
Episode   160 | Steps     79,448 | SPS      57 | Reward  +0.94 | Clip 0.116 | KL 2.5415 | V_loss 0.0008 | LR 0.000031
Episode   165 | Steps     81,943 | SPS      57 | Reward  +0.94 | Clip 0.116 | KL 2.3881 | V_loss 0.0023 | LR 0.000032
Episode   170 | Steps     84,438 | SPS      57 | Reward  +0.94 | Clip 0.116 | KL 2.2953 | V_loss 0.0008 | LR 0.000033
Episode   175 | Steps     86,933 | SPS      58 | Reward  +0.94 | Clip 0.117 | KL 2.4080 | V_loss 0.0007 | LR 0.000034
Episode   180 | Steps     89,428 | SPS      58 | Reward  +0.94 | Clip 0.117 | KL 2.1613 | V_loss 0.0017 | LR 0.000035
Episode   185 | Steps     91,923 | SPS      58 | Reward  +0.94 | Clip 0.118 | KL 2.1786 | V_loss 0.0006 | LR 0.000036
Episode   190 | Steps     94,418 | SPS      58 | Reward  +0.94 | Clip 0.119 | KL 2.5423 | V_loss 0.0013 | LR 0.000036
Episode   195 | Steps     96,913 | SPS      58 | Reward  +0.94 | Clip 0.119 | KL 2.5660 | V_loss 0.0007 | LR 0.000037
Episode   200 | Steps     99,408 | SPS      58 | Reward  +0.94 | Clip 0.119 | KL 2.4784 | V_loss 0.0013 | LR 0.000038
Episode   205 | Steps    101,903 | SPS      58 | Reward  +0.94 | Clip 0.119 | KL 2.0979 | V_loss 0.0008 | LR 0.000039
Episode   210 | Steps    104,398 | SPS      59 | Reward  +0.94 | Clip 0.119 | KL 2.6763 | V_loss 0.0012 | LR 0.000040
Episode   215 | Steps    106,893 | SPS      58 | Reward  +0.94 | Clip 0.119 | KL 2.4913 | V_loss 0.0009 | LR 0.000041
Episode   220 | Steps    109,388 | SPS      58 | Reward  +0.94 | Clip 0.118 | KL 2.0650 | V_loss 0.0013 | LR 0.000042
Episode   225 | Steps    111,883 | SPS      58 | Reward  +0.94 | Clip 0.119 | KL 2.6317 | V_loss 0.0007 | LR 0.000043
Episode   230 | Steps    114,378 | SPS      58 | Reward  +0.94 | Clip 0.119 | KL 2.5420 | V_loss 0.0007 | LR 0.000044
Episode   235 | Steps    116,873 | SPS      58 | Reward  +0.96 | Clip 0.119 | KL 2.1915 | V_loss 0.0011 | LR 0.000045
Episode   240 | Steps    119,368 | SPS      58 | Reward  +0.96 | Clip 0.119 | KL 2.6651 | V_loss 0.0008 | LR 0.000046
Episode   245 | Steps    121,863 | SPS      58 | Reward  +0.98 | Clip 0.120 | KL 2.4380 | V_loss 0.0010 | LR 0.000047
Episode   250 | Steps    124,358 | SPS      58 | Reward  +0.98 | Clip 0.120 | KL 2.3281 | V_loss 0.0021 | LR 0.000048
Episode   255 | Steps    126,853 | SPS      58 | Reward  +1.00 | Clip 0.120 | KL 2.4680 | V_loss 0.0007 | LR 0.000049
Episode   260 | Steps    129,348 | SPS      57 | Reward  +1.00 | Clip 0.120 | KL 2.4512 | V_loss 0.0007 | LR 0.000050
Episode   265 | Steps    131,843 | SPS      57 | Reward  +1.00 | Clip 0.121 | KL 2.2131 | V_loss 0.0010 | LR 0.000051
Episode   270 | Steps    134,338 | SPS      58 | Reward  +1.00 | Clip 0.121 | KL 2.0792 | V_loss 0.0013 | LR 0.000052
Episode   275 | Steps    136,833 | SPS      57 | Reward  +1.00 | Clip 0.122 | KL 2.4889 | V_loss 0.0007 | LR 0.000053
Episode   280 | Steps    139,328 | SPS      56 | Reward  +1.00 | Clip 0.122 | KL 2.1621 | V_loss 0.0011 | LR 0.000054
Episode   285 | Steps    141,823 | SPS      56 | Reward  +1.00 | Clip 0.122 | KL 2.1550 | V_loss 0.0021 | LR 0.000055
Episode   290 | Steps    144,318 | SPS      56 | Reward  +1.00 | Clip 0.123 | KL 1.8545 | V_loss 0.0007 | LR 0.000056
Episode   295 | Steps    146,813 | SPS      56 | Reward  +1.00 | Clip 0.123 | KL 2.3082 | V_loss 0.0008 | LR 0.000057
Episode   300 | Steps    149,308 | SPS      56 | Reward  +1.00 | Clip 0.123 | KL 2.2390 | V_loss 0.0010 | LR 0.000058
Episode   305 | Steps    151,803 | SPS      56 | Reward  +1.00 | Clip 0.124 | KL 2.3778 | V_loss 0.0010 | LR 0.000059
Episode   310 | Steps    154,298 | SPS      56 | Reward  +1.00 | Clip 0.124 | KL 2.2560 | V_loss 0.0009 | LR 0.000060
Episode   315 | Steps    156,793 | SPS      56 | Reward  +1.00 | Clip 0.124 | KL 2.1771 | V_loss 0.0013 | LR 0.000060
Episode   320 | Steps    159,288 | SPS      56 | Reward  +1.00 | Clip 0.124 | KL 2.3132 | V_loss 0.0014 | LR 0.000061
Episode   325 | Steps    161,783 | SPS      56 | Reward  +0.98 | Clip 0.124 | KL 1.7125 | V_loss 0.0054 | LR 0.000062
Episode   330 | Steps    164,071 | SPS      56 | Reward  +0.96 | Clip 0.125 | KL 1.8732 | V_loss 0.0030 | LR 0.000063
Episode   335 | Steps    166,566 | SPS      56 | Reward  +0.96 | Clip 0.125 | KL 2.1805 | V_loss 0.0009 | LR 0.000064
Episode   340 | Steps    169,061 | SPS      57 | Reward  +0.96 | Clip 0.125 | KL 2.3340 | V_loss 0.0010 | LR 0.000065
Episode   345 | Steps    171,556 | SPS      57 | Reward  +0.96 | Clip 0.125 | KL 1.8025 | V_loss 0.0009 | LR 0.000066
Episode   350 | Steps    174,051 | SPS      57 | Reward  +0.96 | Clip 0.126 | KL 1.9251 | V_loss 0.0012 | LR 0.000067
Episode   355 | Steps    176,546 | SPS      57 | Reward  +0.96 | Clip 0.126 | KL 2.4403 | V_loss 0.0019 | LR 0.000068
Episode   360 | Steps    179,041 | SPS      57 | Reward  +0.96 | Clip 0.127 | KL 2.0513 | V_loss 0.0007 | LR 0.000069
Episode   365 | Steps    181,536 | SPS      57 | Reward  +0.96 | Clip 0.127 | KL 1.9721 | V_loss 0.0006 | LR 0.000070
Episode   370 | Steps    184,031 | SPS      57 | Reward  +0.96 | Clip 0.127 | KL 2.0978 | V_loss 0.0006 | LR 0.000071
Episode   375 | Steps    186,526 | SPS      57 | Reward  +0.96 | Clip 0.127 | KL 2.0070 | V_loss 0.0009 | LR 0.000072
Episode   380 | Steps    189,021 | SPS      57 | Reward  +0.96 | Clip 0.128 | KL 1.9565 | V_loss 0.0007 | LR 0.000073
Episode   385 | Steps    191,516 | SPS      58 | Reward  +0.96 | Clip 0.128 | KL 1.8595 | V_loss 0.0019 | LR 0.000074
Episode   390 | Steps    194,011 | SPS      58 | Reward  +0.96 | Clip 0.128 | KL 2.0788 | V_loss 0.0006 | LR 0.000075
Episode   395 | Steps    196,506 | SPS      58 | Reward  +0.96 | Clip 0.128 | KL 2.1844 | V_loss 0.0022 | LR 0.000076
Episode   400 | Steps    199,001 | SPS      58 | Reward  +0.96 | Clip 0.129 | KL 2.3845 | V_loss 0.0006 | LR 0.000077
Episode   405 | Steps    201,496 | SPS      58 | Reward  +0.96 | Clip 0.129 | KL 2.1514 | V_loss 0.0006 | LR 0.000078
Episode   410 | Steps    203,991 | SPS      58 | Reward  +0.96 | Clip 0.129 | KL 2.4489 | V_loss 0.0005 | LR 0.000079
Episode   415 | Steps    206,486 | SPS      58 | Reward  +0.96 | Clip 0.129 | KL 2.1484 | V_loss 0.0006 | LR 0.000080
Episode   420 | Steps    208,981 | SPS      58 | Reward  +0.96 | Clip 0.130 | KL 2.1326 | V_loss 0.0007 | LR 0.000081
Episode   425 | Steps    211,476 | SPS      58 | Reward  +0.98 | Clip 0.130 | KL 2.2872 | V_loss 0.0009 | LR 0.000082
Episode   430 | Steps    213,971 | SPS      58 | Reward  +1.00 | Clip 0.130 | KL 2.3626 | V_loss 0.0009 | LR 0.000083
Episode   435 | Steps    216,466 | SPS      58 | Reward  +1.00 | Clip 0.130 | KL 2.3006 | V_loss 0.0021 | LR 0.000084
Episode   440 | Steps    218,961 | SPS      58 | Reward  +1.00 | Clip 0.131 | KL 2.0892 | V_loss 0.0009 | LR 0.000084
Episode   445 | Steps    221,456 | SPS      58 | Reward  +1.00 | Clip 0.131 | KL 2.4041 | V_loss 0.0006 | LR 0.000085
Episode   450 | Steps    223,951 | SPS      58 | Reward  +1.00 | Clip 0.131 | KL 2.2607 | V_loss 0.0013 | LR 0.000086
Episode   455 | Steps    226,446 | SPS      58 | Reward  +1.00 | Clip 0.131 | KL 1.8781 | V_loss 0.0005 | LR 0.000087
Episode   460 | Steps    228,941 | SPS      58 | Reward  +1.00 | Clip 0.132 | KL 1.9581 | V_loss 0.0008 | LR 0.000088
Episode   465 | Steps    231,436 | SPS      58 | Reward  +1.00 | Clip 0.132 | KL 2.1192 | V_loss 0.0010 | LR 0.000089
Episode   470 | Steps    233,931 | SPS      58 | Reward  +1.00 | Clip 0.132 | KL 2.0510 | V_loss 0.0007 | LR 0.000090
Episode   475 | Steps    236,426 | SPS      58 | Reward  +1.00 | Clip 0.132 | KL 2.2967 | V_loss 0.0007 | LR 0.000091
Episode   480 | Steps    238,921 | SPS      58 | Reward  +1.00 | Clip 0.132 | KL 2.2948 | V_loss 0.0007 | LR 0.000092
Episode   485 | Steps    241,416 | SPS      58 | Reward  +0.98 | Clip 0.133 | KL 2.2329 | V_loss 0.0075 | LR 0.000093
Episode   490 | Steps    243,911 | SPS      58 | Reward  +0.98 | Clip 0.133 | KL 2.3124 | V_loss 0.0008 | LR 0.000094
Episode   495 | Steps    246,406 | SPS      58 | Reward  +0.98 | Clip 0.133 | KL 2.0754 | V_loss 0.0011 | LR 0.000095
Episode   500 | Steps    248,901 | SPS      58 | Reward  +0.98 | Clip 0.133 | KL 2.1584 | V_loss 0.0006 | LR 0.000096
Episode   505 | Steps    251,396 | SPS      58 | Reward  +0.98 | Clip 0.134 | KL 2.3476 | V_loss 0.0010 | LR 0.000097
Episode   510 | Steps    253,891 | SPS      58 | Reward  +0.98 | Clip 0.134 | KL 1.6474 | V_loss 0.0006 | LR 0.000098
Episode   515 | Steps    256,386 | SPS      59 | Reward  +0.98 | Clip 0.134 | KL 1.7402 | V_loss 0.0009 | LR 0.000099
Episode   520 | Steps    258,881 | SPS      59 | Reward  +0.98 | Clip 0.135 | KL 2.3605 | V_loss 0.0009 | LR 0.000100
Episode   525 | Steps    261,376 | SPS      59 | Reward  +0.98 | Clip 0.135 | KL 1.8664 | V_loss 0.0006 | LR 0.000101
Episode   530 | Steps    263,871 | SPS      59 | Reward  +0.98 | Clip 0.136 | KL 2.0894 | V_loss 0.0007 | LR 0.000102
Episode   535 | Steps    266,366 | SPS      59 | Reward  +0.98 | Clip 0.136 | KL 2.0213 | V_loss 0.0011 | LR 0.000103
Episode   540 | Steps    268,861 | SPS      59 | Reward  +0.98 | Clip 0.137 | KL 2.1388 | V_loss 0.0007 | LR 0.000104
Episode   545 | Steps    271,045 | SPS      59 | Reward  +0.98 | Clip 0.137 | KL 2.0649 | V_loss 0.0012 | LR 0.000105
Episode   550 | Steps    273,540 | SPS      59 | Reward  +0.98 | Clip 0.138 | KL 2.1016 | V_loss 0.0006 | LR 0.000106
Episode   555 | Steps    276,035 | SPS      59 | Reward  +0.98 | Clip 0.138 | KL 1.9443 | V_loss 0.0006 | LR 0.000107
Episode   560 | Steps    278,530 | SPS      59 | Reward  +0.98 | Clip 0.139 | KL 2.2727 | V_loss 0.0005 | LR 0.000108
Episode   565 | Steps    281,025 | SPS      59 | Reward  +0.98 | Clip 0.139 | KL 2.0590 | V_loss 0.0008 | LR 0.000108
Episode   570 | Steps    283,520 | SPS      59 | Reward  +0.98 | Clip 0.140 | KL 2.2944 | V_loss 0.0007 | LR 0.000109
Episode   575 | Steps    286,015 | SPS      59 | Reward  +0.98 | Clip 0.140 | KL 1.8836 | V_loss 0.0006 | LR 0.000110
Episode   580 | Steps    288,510 | SPS      59 | Reward  +0.98 | Clip 0.141 | KL 1.9464 | V_loss 0.0011 | LR 0.000111
Episode   585 | Steps    291,005 | SPS      59 | Reward  +1.00 | Clip 0.141 | KL 2.1384 | V_loss 0.0013 | LR 0.000112
Episode   590 | Steps    293,500 | SPS      59 | Reward  +1.00 | Clip 0.142 | KL 2.0429 | V_loss 0.0007 | LR 0.000113
Episode   595 | Steps    295,995 | SPS      59 | Reward  +1.00 | Clip 0.143 | KL 1.9898 | V_loss 0.0007 | LR 0.000114
Episode   600 | Steps    298,490 | SPS      59 | Reward  +1.00 | Clip 0.143 | KL 2.0299 | V_loss 0.0005 | LR 0.000115
Episode   605 | Steps    300,985 | SPS      59 | Reward  +1.00 | Clip 0.143 | KL 2.2710 | V_loss 0.0006 | LR 0.000116
Episode   610 | Steps    303,480 | SPS      59 | Reward  +1.00 | Clip 0.144 | KL 2.0042 | V_loss 0.0006 | LR 0.000117
Episode   615 | Steps    305,975 | SPS      59 | Reward  +1.00 | Clip 0.144 | KL 1.9919 | V_loss 0.0008 | LR 0.000118
Episode   620 | Steps    308,470 | SPS      59 | Reward  +1.00 | Clip 0.144 | KL 2.1861 | V_loss 0.0008 | LR 0.000119
Episode   625 | Steps    310,965 | SPS      59 | Reward  +1.00 | Clip 0.145 | KL 2.4984 | V_loss 0.0005 | LR 0.000120
Episode   630 | Steps    313,460 | SPS      59 | Reward  +1.00 | Clip 0.145 | KL 2.2753 | V_loss 0.0007 | LR 0.000121
Episode   635 | Steps    315,955 | SPS      59 | Reward  +1.00 | Clip 0.145 | KL 1.7799 | V_loss 0.0006 | LR 0.000122
Episode   640 | Steps    318,450 | SPS      60 | Reward  +1.00 | Clip 0.145 | KL 2.1855 | V_loss 0.0006 | LR 0.000123
Episode   645 | Steps    320,945 | SPS      60 | Reward  +1.00 | Clip 0.146 | KL 2.1282 | V_loss 0.0005 | LR 0.000124
Episode   650 | Steps    323,440 | SPS      60 | Reward  +1.00 | Clip 0.146 | KL 2.2402 | V_loss 0.0006 | LR 0.000125
Episode   655 | Steps    325,935 | SPS      60 | Reward  +1.00 | Clip 0.146 | KL 1.8229 | V_loss 0.0006 | LR 0.000126
Episode   660 | Steps    328,430 | SPS      60 | Reward  +1.00 | Clip 0.146 | KL 1.8267 | V_loss 0.0004 | LR 0.000127
Episode   665 | Steps    330,925 | SPS      61 | Reward  +1.00 | Clip 0.146 | KL 1.9603 | V_loss 0.0004 | LR 0.000128
Episode   670 | Steps    333,420 | SPS      61 | Reward  +1.00 | Clip 0.147 | KL 2.4900 | V_loss 0.0005 | LR 0.000129
Episode   675 | Steps    335,915 | SPS      61 | Reward  +1.00 | Clip 0.147 | KL 2.0648 | V_loss 0.0005 | LR 0.000130
Episode   680 | Steps    338,410 | SPS      61 | Reward  +1.00 | Clip 0.147 | KL 2.2027 | V_loss 0.0005 | LR 0.000131
Episode   685 | Steps    340,905 | SPS      62 | Reward  +1.00 | Clip 0.148 | KL 2.5694 | V_loss 0.0005 | LR 0.000132
Episode   690 | Steps    343,400 | SPS      62 | Reward  +1.00 | Clip 0.148 | KL 2.0452 | V_loss 0.0006 | LR 0.000132
Episode   695 | Steps    345,895 | SPS      62 | Reward  +1.00 | Clip 0.148 | KL 2.0015 | V_loss 0.0007 | LR 0.000133
Episode   700 | Steps    348,390 | SPS      62 | Reward  +1.00 | Clip 0.148 | KL 2.2194 | V_loss 0.0006 | LR 0.000134
Episode   705 | Steps    350,568 | SPS      62 | Reward  +1.00 | Clip 0.149 | KL 1.9481 | V_loss 0.0007 | LR 0.000135
Episode   710 | Steps    353,063 | SPS      62 | Reward  +1.00 | Clip 0.149 | KL 2.1919 | V_loss 0.0007 | LR 0.000136
Episode   715 | Steps    355,558 | SPS      63 | Reward  +1.00 | Clip 0.150 | KL 1.7151 | V_loss 0.0011 | LR 0.000137
Episode   720 | Steps    358,053 | SPS      63 | Reward  +1.00 | Clip 0.151 | KL 1.9182 | V_loss 0.0008 | LR 0.000138
Episode   725 | Steps    360,548 | SPS      63 | Reward  +1.00 | Clip 0.151 | KL 1.8627 | V_loss 0.0009 | LR 0.000139
Episode   730 | Steps    363,043 | SPS      63 | Reward  +0.98 | Clip 0.151 | KL 1.7241 | V_loss 0.0057 | LR 0.000140
Episode   735 | Steps    365,538 | SPS      63 | Reward  +0.98 | Clip 0.152 | KL 2.1342 | V_loss 0.0006 | LR 0.000141
Episode   740 | Steps    368,033 | SPS      63 | Reward  +0.98 | Clip 0.152 | KL 1.6028 | V_loss 0.0007 | LR 0.000142
Episode   745 | Steps    370,528 | SPS      64 | Reward  +0.98 | Clip 0.153 | KL 2.2022 | V_loss 0.0006 | LR 0.000143
Episode   750 | Steps    373,023 | SPS      64 | Reward  +0.98 | Clip 0.153 | KL 1.6966 | V_loss 0.0005 | LR 0.000144
Episode   755 | Steps    375,518 | SPS      64 | Reward  +0.98 | Clip 0.154 | KL 2.1940 | V_loss 0.0009 | LR 0.000145
Episode   760 | Steps    378,013 | SPS      64 | Reward  +0.98 | Clip 0.154 | KL 2.3137 | V_loss 0.0009 | LR 0.000146
Episode   765 | Steps    380,508 | SPS      64 | Reward  +0.98 | Clip 0.154 | KL 2.5714 | V_loss 0.0005 | LR 0.000147
Episode   770 | Steps    383,003 | SPS      64 | Reward  +0.98 | Clip 0.155 | KL 2.0138 | V_loss 0.0006 | LR 0.000148
Episode   775 | Steps    385,498 | SPS      65 | Reward  +0.98 | Clip 0.155 | KL 2.3077 | V_loss 0.0007 | LR 0.000149
Episode   780 | Steps    387,993 | SPS      65 | Reward  +0.98 | Clip 0.155 | KL 2.1222 | V_loss 0.0005 | LR 0.000150
Episode   785 | Steps    390,488 | SPS      65 | Reward  +0.98 | Clip 0.156 | KL 2.2173 | V_loss 0.0007 | LR 0.000151
Episode   790 | Steps    392,983 | SPS      65 | Reward  +0.98 | Clip 0.156 | KL 1.7403 | V_loss 0.0013 | LR 0.000152
Episode   795 | Steps    395,450 | SPS      65 | Reward  +0.98 | Clip 0.156 | KL 1.7267 | V_loss 0.0016 | LR 0.000153
Episode   800 | Steps    397,945 | SPS      65 | Reward  +0.98 | Clip 0.157 | KL 1.8625 | V_loss 0.0005 | LR 0.000154
Episode   805 | Steps    400,440 | SPS      65 | Reward  +0.98 | Clip 0.157 | KL 1.9024 | V_loss 0.0005 | LR 0.000155
Episode   810 | Steps    402,935 | SPS      66 | Reward  +0.98 | Clip 0.158 | KL 1.9757 | V_loss 0.0007 | LR 0.000156
Episode   815 | Steps    405,430 | SPS      66 | Reward  +0.98 | Clip 0.158 | KL 2.2039 | V_loss 0.0005 | LR 0.000156
Episode   820 | Steps    407,925 | SPS      66 | Reward  +0.98 | Clip 0.158 | KL 1.9216 | V_loss 0.0005 | LR 0.000157
Episode   825 | Steps    410,420 | SPS      66 | Reward  +0.98 | Clip 0.159 | KL 1.7985 | V_loss 0.0005 | LR 0.000158
Episode   830 | Steps    412,915 | SPS      66 | Reward  +1.00 | Clip 0.159 | KL 2.0307 | V_loss 0.0007 | LR 0.000159
Episode   835 | Steps    415,410 | SPS      66 | Reward  +1.00 | Clip 0.160 | KL 2.1048 | V_loss 0.0005 | LR 0.000160
Episode   840 | Steps    417,905 | SPS      66 | Reward  +1.00 | Clip 0.161 | KL 1.7471 | V_loss 0.0016 | LR 0.000161
Episode   845 | Steps    420,400 | SPS      66 | Reward  +1.00 | Clip 0.161 | KL 1.7724 | V_loss 0.0005 | LR 0.000162
Episode   850 | Steps    422,895 | SPS      66 | Reward  +1.00 | Clip 0.162 | KL 1.7786 | V_loss 0.0005 | LR 0.000163
Episode   855 | Steps    425,390 | SPS      67 | Reward  +1.00 | Clip 0.163 | KL 2.0960 | V_loss 0.0005 | LR 0.000164
Episode   860 | Steps    427,885 | SPS      67 | Reward  +0.98 | Clip 0.163 | KL 1.7292 | V_loss 0.0083 | LR 0.000165
Episode   865 | Steps    430,380 | SPS      67 | Reward  +0.98 | Clip 0.164 | KL 1.8863 | V_loss 0.0006 | LR 0.000166
Episode   870 | Steps    432,875 | SPS      67 | Reward  +0.98 | Clip 0.164 | KL 1.7932 | V_loss 0.0004 | LR 0.000167
Episode   875 | Steps    435,370 | SPS      67 | Reward  +0.98 | Clip 0.165 | KL 1.9777 | V_loss 0.0007 | LR 0.000168
Episode   880 | Steps    437,865 | SPS      67 | Reward  +0.98 | Clip 0.165 | KL 2.1226 | V_loss 0.0006 | LR 0.000169
Episode   885 | Steps    440,360 | SPS      67 | Reward  +0.98 | Clip 0.166 | KL 1.6619 | V_loss 0.0008 | LR 0.000170
Episode   890 | Steps    442,855 | SPS      67 | Reward  +0.98 | Clip 0.167 | KL 2.0055 | V_loss 0.0005 | LR 0.000171
Episode   895 | Steps    445,350 | SPS      67 | Reward  +0.98 | Clip 0.167 | KL 1.7959 | V_loss 0.0007 | LR 0.000172
Episode   900 | Steps    447,845 | SPS      68 | Reward  +0.98 | Clip 0.167 | KL 1.8615 | V_loss 0.0005 | LR 0.000173
Episode   905 | Steps    450,340 | SPS      68 | Reward  +0.98 | Clip 0.168 | KL 2.1065 | V_loss 0.0004 | LR 0.000174
Episode   910 | Steps    452,835 | SPS      68 | Reward  +0.98 | Clip 0.168 | KL 2.2429 | V_loss 0.0005 | LR 0.000175
Episode   915 | Steps    455,330 | SPS      68 | Reward  +0.98 | Clip 0.169 | KL 1.9065 | V_loss 0.0007 | LR 0.000176
Episode   920 | Steps    457,825 | SPS      68 | Reward  +0.98 | Clip 0.169 | KL 1.8554 | V_loss 0.0006 | LR 0.000177
Episode   925 | Steps    460,320 | SPS      68 | Reward  +0.98 | Clip 0.169 | KL 1.6761 | V_loss 0.0006 | LR 0.000178
Episode   930 | Steps    462,815 | SPS      68 | Reward  +0.98 | Clip 0.170 | KL 2.0021 | V_loss 0.0007 | LR 0.000179
Episode   935 | Steps    465,310 | SPS      68 | Reward  +0.98 | Clip 0.170 | KL 1.8694 | V_loss 0.0004 | LR 0.000180
Episode   940 | Steps    467,805 | SPS      69 | Reward  +0.98 | Clip 0.170 | KL 2.0950 | V_loss 0.0004 | LR 0.000180
Episode   945 | Steps    470,300 | SPS      69 | Reward  +0.98 | Clip 0.171 | KL 2.0066 | V_loss 0.0005 | LR 0.000181
Episode   950 | Steps    472,795 | SPS      69 | Reward  +0.98 | Clip 0.171 | KL 1.9459 | V_loss 0.0005 | LR 0.000182
Episode   955 | Steps    475,290 | SPS      69 | Reward  +0.98 | Clip 0.171 | KL 1.9625 | V_loss 0.0004 | LR 0.000183
Episode   960 | Steps    477,785 | SPS      69 | Reward  +1.00 | Clip 0.172 | KL 1.8446 | V_loss 0.0006 | LR 0.000184
Episode   965 | Steps    480,280 | SPS      69 | Reward  +1.00 | Clip 0.172 | KL 1.8359 | V_loss 0.0004 | LR 0.000185
Episode   970 | Steps    482,775 | SPS      69 | Reward  +1.00 | Clip 0.173 | KL 1.6172 | V_loss 0.0003 | LR 0.000186
Episode   975 | Steps    485,270 | SPS      69 | Reward  +1.00 | Clip 0.173 | KL 1.8732 | V_loss 0.0004 | LR 0.000187
Episode   980 | Steps    487,765 | SPS      69 | Reward  +1.00 | Clip 0.173 | KL 1.7497 | V_loss 0.0005 | LR 0.000188
Episode   985 | Steps    490,260 | SPS      69 | Reward  +1.00 | Clip 0.174 | KL 1.9418 | V_loss 0.0007 | LR 0.000189
Episode   990 | Steps    492,755 | SPS      70 | Reward  +1.00 | Clip 0.174 | KL 1.8213 | V_loss 0.0003 | LR 0.000190
Episode   995 | Steps    495,250 | SPS      70 | Reward  +1.00 | Clip 0.175 | KL 1.5285 | V_loss 0.0006 | LR 0.000191
Episode  1000 | Steps    497,745 | SPS      70 | Reward  +1.00 | Clip 0.176 | KL 1.6843 | V_loss 0.0005 | LR 0.000192
Episode  1005 | Steps    500,240 | SPS      70 | Reward  +1.00 | Clip 0.176 | KL 1.6379 | V_loss 0.0007 | LR 0.000193
Checkpoint saved at checkpoints/step_500240
Episode  1010 | Steps    502,735 | SPS      70 | Reward  +1.00 | Clip 0.177 | KL 1.9347 | V_loss 0.0004 | LR 0.000194
Episode  1015 | Steps    505,230 | SPS      70 | Reward  +1.00 | Clip 0.178 | KL 1.8698 | V_loss 0.0007 | LR 0.000195
Episode  1020 | Steps    507,725 | SPS      70 | Reward  +1.00 | Clip 0.178 | KL 1.8536 | V_loss 0.0004 | LR 0.000196
Episode  1025 | Steps    510,220 | SPS      70 | Reward  +1.00 | Clip 0.179 | KL 1.8866 | V_loss 0.0004 | LR 0.000197
Episode  1030 | Steps    512,715 | SPS      70 | Reward  +1.00 | Clip 0.179 | KL 1.8938 | V_loss 0.0005 | LR 0.000198
Episode  1035 | Steps    515,210 | SPS      70 | Reward  +1.00 | Clip 0.180 | KL 1.9470 | V_loss 0.0005 | LR 0.000199
Episode  1040 | Steps    517,705 | SPS      70 | Reward  +1.00 | Clip 0.180 | KL 1.7527 | V_loss 0.0004 | LR 0.000200
Episode  1045 | Steps    520,200 | SPS      70 | Reward  +1.00 | Clip 0.181 | KL 1.7780 | V_loss 0.0004 | LR 0.000201
Episode  1050 | Steps    522,695 | SPS      70 | Reward  +1.00 | Clip 0.181 | KL 1.8947 | V_loss 0.0005 | LR 0.000202
Episode  1055 | Steps    525,190 | SPS      70 | Reward  +1.00 | Clip 0.182 | KL 1.7472 | V_loss 0.0004 | LR 0.000203
Episode  1060 | Steps    527,685 | SPS      70 | Reward  +1.00 | Clip 0.182 | KL 2.0272 | V_loss 0.0004 | LR 0.000204
Episode  1065 | Steps    530,180 | SPS      70 | Reward  +1.00 | Clip 0.183 | KL 1.7275 | V_loss 0.0005 | LR 0.000204
Episode  1070 | Steps    532,675 | SPS      71 | Reward  +1.00 | Clip 0.184 | KL 1.6982 | V_loss 0.0005 | LR 0.000205
Episode  1075 | Steps    535,170 | SPS      71 | Reward  +1.00 | Clip 0.185 | KL 1.7481 | V_loss 0.0008 | LR 0.000206
Episode  1080 | Steps    537,665 | SPS      71 | Reward  +1.00 | Clip 0.185 | KL 1.8010 | V_loss 0.0004 | LR 0.000207
Episode  1085 | Steps    540,160 | SPS      71 | Reward  +1.00 | Clip 0.185 | KL 1.6046 | V_loss 0.0006 | LR 0.000208
Episode  1090 | Steps    542,655 | SPS      71 | Reward  +1.00 | Clip 0.186 | KL 1.9354 | V_loss 0.0007 | LR 0.000209
Episode  1095 | Steps    545,150 | SPS      71 | Reward  +1.00 | Clip 0.187 | KL 1.8342 | V_loss 0.0010 | LR 0.000210
Episode  1100 | Steps    547,645 | SPS      71 | Reward  +1.00 | Clip 0.187 | KL 1.6606 | V_loss 0.0005 | LR 0.000211
Episode  1105 | Steps    550,140 | SPS      71 | Reward  +1.00 | Clip 0.188 | KL 1.8219 | V_loss 0.0004 | LR 0.000212
Episode  1110 | Steps    552,635 | SPS      71 | Reward  +1.00 | Clip 0.188 | KL 1.7228 | V_loss 0.0005 | LR 0.000213
Episode  1115 | Steps    555,130 | SPS      71 | Reward  +1.00 | Clip 0.189 | KL 1.5860 | V_loss 0.0005 | LR 0.000214
Episode  1120 | Steps    557,625 | SPS      71 | Reward  +1.00 | Clip 0.189 | KL 1.3269 | V_loss 0.0004 | LR 0.000215
Episode  1125 | Steps    560,120 | SPS      71 | Reward  +1.00 | Clip 0.190 | KL 1.5452 | V_loss 0.0010 | LR 0.000216
Episode  1130 | Steps    562,615 | SPS      72 | Reward  +1.00 | Clip 0.191 | KL 1.5716 | V_loss 0.0004 | LR 0.000217
Episode  1135 | Steps    565,110 | SPS      72 | Reward  +1.00 | Clip 0.192 | KL 1.7556 | V_loss 0.0004 | LR 0.000218
Episode  1140 | Steps    567,605 | SPS      72 | Reward  +1.00 | Clip 0.192 | KL 1.6776 | V_loss 0.0005 | LR 0.000219
Episode  1145 | Steps    570,100 | SPS      72 | Reward  +1.00 | Clip 0.193 | KL 1.6914 | V_loss 0.0005 | LR 0.000220
Episode  1150 | Steps    572,595 | SPS      72 | Reward  +1.00 | Clip 0.194 | KL 1.7563 | V_loss 0.0007 | LR 0.000221
Episode  1155 | Steps    575,090 | SPS      72 | Reward  +1.00 | Clip 0.195 | KL 1.6514 | V_loss 0.0006 | LR 0.000222
Episode  1160 | Steps    577,585 | SPS      72 | Reward  +1.00 | Clip 0.196 | KL 1.3600 | V_loss 0.0015 | LR 0.000223
Episode  1165 | Steps    580,080 | SPS      72 | Reward  +1.00 | Clip 0.197 | KL 1.8931 | V_loss 0.0006 | LR 0.000224
Episode  1170 | Steps    582,575 | SPS      72 | Reward  +1.00 | Clip 0.198 | KL 1.5477 | V_loss 0.0010 | LR 0.000225
Episode  1175 | Steps    585,070 | SPS      72 | Reward  +1.00 | Clip 0.198 | KL 1.8643 | V_loss 0.0005 | LR 0.000226
Episode  1180 | Steps    587,565 | SPS      72 | Reward  +1.00 | Clip 0.198 | KL 1.4909 | V_loss 0.0005 | LR 0.000227
Episode  1185 | Steps    589,936 | SPS      72 | Reward  +0.98 | Clip 0.199 | KL 1.4814 | V_loss 0.0040 | LR 0.000228
Episode  1190 | Steps    592,400 | SPS      72 | Reward  +0.96 | Clip 0.200 | KL 1.6656 | V_loss 0.0038 | LR 0.000228
Episode  1195 | Steps    594,895 | SPS      72 | Reward  +0.96 | Clip 0.201 | KL 1.5046 | V_loss 0.0013 | LR 0.000229
Episode  1200 | Steps    597,380 | SPS      72 | Reward  +0.94 | Clip 0.202 | KL 1.3968 | V_loss 0.0020 | LR 0.000230
Episode  1205 | Steps    599,764 | SPS      72 | Reward  +0.92 | Clip 0.203 | KL 1.3027 | V_loss 0.0034 | LR 0.000231
Episode  1210 | Steps    602,259 | SPS      72 | Reward  +0.92 | Clip 0.204 | KL 1.6210 | V_loss 0.0012 | LR 0.000232
Episode  1215 | Steps    604,603 | SPS      73 | Reward  +0.88 | Clip 0.205 | KL 1.4097 | V_loss 0.0035 | LR 0.000233
Episode  1220 | Steps    607,098 | SPS      73 | Reward  +0.86 | Clip 0.205 | KL 1.2984 | V_loss 0.0031 | LR 0.000234
Episode  1225 | Steps    609,593 | SPS      73 | Reward  +0.86 | Clip 0.206 | KL 1.7777 | V_loss 0.0016 | LR 0.000235
Episode  1230 | Steps    611,949 | SPS      73 | Reward  +0.82 | Clip 0.207 | KL 1.1333 | V_loss 0.0049 | LR 0.000236
Episode  1235 | Steps    614,444 | SPS      73 | Reward  +0.82 | Clip 0.208 | KL 1.3208 | V_loss 0.0022 | LR 0.000237
Episode  1240 | Steps    616,939 | SPS      73 | Reward  +0.82 | Clip 0.208 | KL 1.5526 | V_loss 0.0010 | LR 0.000238
Episode  1245 | Steps    619,434 | SPS      73 | Reward  +0.82 | Clip 0.208 | KL 1.7205 | V_loss 0.0009 | LR 0.000239
Episode  1250 | Steps    621,929 | SPS      73 | Reward  +0.82 | Clip 0.209 | KL 1.8909 | V_loss 0.0007 | LR 0.000240
Episode  1255 | Steps    624,424 | SPS      73 | Reward  +0.82 | Clip 0.209 | KL 1.5912 | V_loss 0.0006 | LR 0.000241
Episode  1260 | Steps    626,919 | SPS      73 | Reward  +0.82 | Clip 0.209 | KL 1.5480 | V_loss 0.0011 | LR 0.000242
Episode  1265 | Steps    629,414 | SPS      73 | Reward  +0.82 | Clip 0.209 | KL 1.5392 | V_loss 0.0006 | LR 0.000243
Episode  1270 | Steps    631,909 | SPS      73 | Reward  +0.82 | Clip 0.210 | KL 1.9681 | V_loss 0.0007 | LR 0.000244
Episode  1275 | Steps    634,404 | SPS      73 | Reward  +0.82 | Clip 0.210 | KL 1.4757 | V_loss 0.0004 | LR 0.000245
Episode  1280 | Steps    636,899 | SPS      73 | Reward  +0.82 | Clip 0.210 | KL 1.6741 | V_loss 0.0005 | LR 0.000246
Episode  1285 | Steps    639,394 | SPS      74 | Reward  +0.84 | Clip 0.211 | KL 1.6466 | V_loss 0.0007 | LR 0.000247
Episode  1290 | Steps    641,889 | SPS      74 | Reward  +0.86 | Clip 0.211 | KL 1.7746 | V_loss 0.0004 | LR 0.000248
Episode  1295 | Steps    644,384 | SPS      74 | Reward  +0.86 | Clip 0.211 | KL 1.6810 | V_loss 0.0006 | LR 0.000249
Episode  1300 | Steps    646,879 | SPS      74 | Reward  +0.86 | Clip 0.211 | KL 1.3782 | V_loss 0.0038 | LR 0.000250
Episode  1305 | Steps    649,374 | SPS      74 | Reward  +0.88 | Clip 0.212 | KL 1.5873 | V_loss 0.0007 | LR 0.000251
Episode  1310 | Steps    651,869 | SPS      74 | Reward  +0.88 | Clip 0.211 | KL 1.5811 | V_loss 0.0005 | LR 0.000252
Episode  1315 | Steps    654,364 | SPS      74 | Reward  +0.92 | Clip 0.212 | KL 1.7235 | V_loss 0.0009 | LR 0.000252
Episode  1320 | Steps    656,859 | SPS      74 | Reward  +0.94 | Clip 0.213 | KL 1.5131 | V_loss 0.0011 | LR 0.000253
Episode  1325 | Steps    659,354 | SPS      74 | Reward  +0.94 | Clip 0.213 | KL 1.5457 | V_loss 0.0010 | LR 0.000254
Episode  1330 | Steps    661,849 | SPS      75 | Reward  +0.98 | Clip 0.213 | KL 1.5102 | V_loss 0.0012 | LR 0.000255
Episode  1335 | Steps    664,344 | SPS      75 | Reward  +0.98 | Clip 0.212 | KL 1.7091 | V_loss 0.0008 | LR 0.000256
Episode  1340 | Steps    666,839 | SPS      75 | Reward  +0.98 | Clip 0.212 | KL 1.8688 | V_loss 0.0005 | LR 0.000257
Episode  1345 | Steps    669,334 | SPS      75 | Reward  +0.98 | Clip 0.212 | KL 2.0758 | V_loss 0.0007 | LR 0.000258
Episode  1350 | Steps    671,829 | SPS      75 | Reward  +0.98 | Clip 0.212 | KL 1.4445 | V_loss 0.0006 | LR 0.000259
Episode  1355 | Steps    674,324 | SPS      75 | Reward  +0.98 | Clip 0.212 | KL 1.5914 | V_loss 0.0008 | LR 0.000260
Episode  1360 | Steps    676,819 | SPS      75 | Reward  +0.98 | Clip 0.211 | KL 1.7164 | V_loss 0.0005 | LR 0.000261
Episode  1365 | Steps    679,314 | SPS      75 | Reward  +0.98 | Clip 0.211 | KL 1.6255 | V_loss 0.0007 | LR 0.000262
Episode  1370 | Steps    681,809 | SPS      75 | Reward  +0.98 | Clip 0.211 | KL 1.7109 | V_loss 0.0005 | LR 0.000263
Episode  1375 | Steps    684,304 | SPS      75 | Reward  +0.98 | Clip 0.211 | KL 1.5866 | V_loss 0.0004 | LR 0.000264
Episode  1380 | Steps    686,799 | SPS      76 | Reward  +0.98 | Clip 0.211 | KL 1.7656 | V_loss 0.0006 | LR 0.000265
Episode  1385 | Steps    689,294 | SPS      76 | Reward  +0.98 | Clip 0.211 | KL 1.6860 | V_loss 0.0004 | LR 0.000266
Episode  1390 | Steps    691,789 | SPS      76 | Reward  +0.98 | Clip 0.210 | KL 1.5367 | V_loss 0.0004 | LR 0.000267
Episode  1395 | Steps    694,111 | SPS      76 | Reward  +0.98 | Clip 0.210 | KL 1.5680 | V_loss 0.0004 | LR 0.000268
Episode  1400 | Steps    696,606 | SPS      76 | Reward  +1.00 | Clip 0.210 | KL 1.7918 | V_loss 0.0005 | LR 0.000269
Episode  1405 | Steps    699,101 | SPS      76 | Reward  +1.00 | Clip 0.211 | KL 1.5007 | V_loss 0.0008 | LR 0.000270
Episode  1410 | Steps    701,596 | SPS      76 | Reward  +1.00 | Clip 0.211 | KL 1.4412 | V_loss 0.0005 | LR 0.000271
Episode  1415 | Steps    704,091 | SPS      77 | Reward  +1.00 | Clip 0.211 | KL 1.5400 | V_loss 0.0011 | LR 0.000272
Episode  1420 | Steps    706,586 | SPS      77 | Reward  +1.00 | Clip 0.211 | KL 1.7669 | V_loss 0.0010 | LR 0.000273
Episode  1425 | Steps    709,081 | SPS      77 | Reward  +1.00 | Clip 0.211 | KL 1.6097 | V_loss 0.0006 | LR 0.000274
Episode  1430 | Steps    711,576 | SPS      77 | Reward  +1.00 | Clip 0.212 | KL 1.4750 | V_loss 0.0004 | LR 0.000275
Episode  1435 | Steps    714,071 | SPS      77 | Reward  +1.00 | Clip 0.212 | KL 1.6915 | V_loss 0.0004 | LR 0.000276
Episode  1440 | Steps    716,566 | SPS      77 | Reward  +1.00 | Clip 0.212 | KL 1.8212 | V_loss 0.0004 | LR 0.000276
Episode  1445 | Steps    719,061 | SPS      77 | Reward  +1.00 | Clip 0.212 | KL 1.7599 | V_loss 0.0004 | LR 0.000277
Episode  1450 | Steps    721,556 | SPS      77 | Reward  +1.00 | Clip 0.212 | KL 2.0170 | V_loss 0.0004 | LR 0.000278
Episode  1455 | Steps    724,051 | SPS      77 | Reward  +1.00 | Clip 0.212 | KL 1.8206 | V_loss 0.0006 | LR 0.000279
Episode  1460 | Steps    726,546 | SPS      78 | Reward  +1.00 | Clip 0.212 | KL 1.4575 | V_loss 0.0006 | LR 0.000280
Episode  1465 | Steps    729,041 | SPS      78 | Reward  +1.00 | Clip 0.212 | KL 1.3970 | V_loss 0.0003 | LR 0.000281
Episode  1470 | Steps    731,536 | SPS      78 | Reward  +1.00 | Clip 0.212 | KL 1.8817 | V_loss 0.0005 | LR 0.000282
Episode  1475 | Steps    734,031 | SPS      78 | Reward  +0.98 | Clip 0.212 | KL 1.4809 | V_loss 0.0070 | LR 0.000283
Episode  1480 | Steps    736,526 | SPS      78 | Reward  +0.98 | Clip 0.212 | KL 1.5228 | V_loss 0.0006 | LR 0.000284
Episode  1485 | Steps    739,021 | SPS      78 | Reward  +0.98 | Clip 0.212 | KL 1.4995 | V_loss 0.0004 | LR 0.000285
Episode  1490 | Steps    741,516 | SPS      78 | Reward  +0.98 | Clip 0.211 | KL 1.5497 | V_loss 0.0005 | LR 0.000286
Episode  1495 | Steps    744,011 | SPS      78 | Reward  +0.98 | Clip 0.211 | KL 1.5229 | V_loss 0.0004 | LR 0.000287
Episode  1500 | Steps    746,506 | SPS      78 | Reward  +0.98 | Clip 0.212 | KL 1.2242 | V_loss 0.0006 | LR 0.000288
Episode  1505 | Steps    749,001 | SPS      79 | Reward  +0.98 | Clip 0.212 | KL 1.3535 | V_loss 0.0005 | LR 0.000289
Episode  1510 | Steps    751,384 | SPS      79 | Reward  +0.96 | Clip 0.212 | KL 1.3182 | V_loss 0.0046 | LR 0.000290
Episode  1515 | Steps    753,879 | SPS      79 | Reward  +0.96 | Clip 0.212 | KL 1.3537 | V_loss 0.0011 | LR 0.000291
Episode  1520 | Steps    756,374 | SPS      79 | Reward  +0.96 | Clip 0.212 | KL 1.5269 | V_loss 0.0008 | LR 0.000292
Episode  1525 | Steps    758,869 | SPS      79 | Reward  +0.96 | Clip 0.213 | KL 1.6285 | V_loss 0.0008 | LR 0.000293
Episode  1530 | Steps    761,364 | SPS      79 | Reward  +0.96 | Clip 0.213 | KL 1.8850 | V_loss 0.0006 | LR 0.000294
Episode  1535 | Steps    763,859 | SPS      79 | Reward  +0.96 | Clip 0.212 | KL 1.4581 | V_loss 0.0005 | LR 0.000295
Episode  1540 | Steps    766,354 | SPS      79 | Reward  +0.96 | Clip 0.212 | KL 1.4868 | V_loss 0.0006 | LR 0.000296
Episode  1545 | Steps    768,805 | SPS      79 | Reward  +0.94 | Clip 0.213 | KL 1.4946 | V_loss 0.0039 | LR 0.000297
Episode  1550 | Steps    771,300 | SPS      79 | Reward  +0.94 | Clip 0.213 | KL 1.8665 | V_loss 0.0007 | LR 0.000298
Episode  1555 | Steps    773,795 | SPS      79 | Reward  +0.94 | Clip 0.213 | KL 1.6741 | V_loss 0.0006 | LR 0.000299
Episode  1560 | Steps    776,290 | SPS      80 | Reward  +0.94 | Clip 0.213 | KL 1.3342 | V_loss 0.0009 | LR 0.000300
Episode  1565 | Steps    778,593 | SPS      80 | Reward  +0.92 | Clip 0.213 | KL 1.3284 | V_loss 0.0022 | LR 0.000300
Episode  1570 | Steps    781,088 | SPS      80 | Reward  +0.92 | Clip 0.212 | KL 1.7044 | V_loss 0.0005 | LR 0.000300
Episode  1575 | Steps    783,583 | SPS      80 | Reward  +0.94 | Clip 0.212 | KL 1.4386 | V_loss 0.0005 | LR 0.000300
Episode  1580 | Steps    785,982 | SPS      80 | Reward  +0.92 | Clip 0.213 | KL 1.5249 | V_loss 0.0026 | LR 0.000300
Episode  1585 | Steps    788,477 | SPS      80 | Reward  +0.92 | Clip 0.213 | KL 1.1534 | V_loss 0.0014 | LR 0.000300
Episode  1590 | Steps    790,972 | SPS      80 | Reward  +0.92 | Clip 0.213 | KL 1.5076 | V_loss 0.0005 | LR 0.000300
Episode  1595 | Steps    793,353 | SPS      80 | Reward  +0.88 | Clip 0.214 | KL 1.1702 | V_loss 0.0031 | LR 0.000300
Episode  1600 | Steps    795,848 | SPS      80 | Reward  +0.88 | Clip 0.214 | KL 1.7212 | V_loss 0.0009 | LR 0.000300
Episode  1605 | Steps    798,343 | SPS      80 | Reward  +0.88 | Clip 0.214 | KL 1.7165 | V_loss 0.0007 | LR 0.000300
Episode  1610 | Steps    800,758 | SPS      81 | Reward  +0.88 | Clip 0.215 | KL 1.3417 | V_loss 0.0027 | LR 0.000300
Episode  1615 | Steps    802,876 | SPS      81 | Reward  +0.84 | Clip 0.215 | KL 1.4209 | V_loss 0.0035 | LR 0.000300
Episode  1620 | Steps    805,038 | SPS      81 | Reward  +0.84 | Clip 0.216 | KL 1.7041 | V_loss 0.0018 | LR 0.000300
Episode  1625 | Steps    807,533 | SPS      81 | Reward  +0.84 | Clip 0.216 | KL 1.4876 | V_loss 0.0010 | LR 0.000300
Episode  1630 | Steps    810,028 | SPS      81 | Reward  +0.84 | Clip 0.216 | KL 1.7357 | V_loss 0.0008 | LR 0.000300
Episode  1635 | Steps    812,434 | SPS      81 | Reward  +0.82 | Clip 0.218 | KL 1.4124 | V_loss 0.0032 | LR 0.000300
Episode  1640 | Steps    814,929 | SPS      81 | Reward  +0.82 | Clip 0.218 | KL 1.2144 | V_loss 0.0027 | LR 0.000300
Episode  1645 | Steps    817,424 | SPS      81 | Reward  +0.84 | Clip 0.218 | KL 1.5187 | V_loss 0.0010 | LR 0.000300
Episode  1650 | Steps    819,919 | SPS      81 | Reward  +0.84 | Clip 0.218 | KL 1.5336 | V_loss 0.0006 | LR 0.000300
Episode  1655 | Steps    822,414 | SPS      81 | Reward  +0.84 | Clip 0.218 | KL 1.3913 | V_loss 0.0012 | LR 0.000300
Episode  1660 | Steps    824,909 | SPS      82 | Reward  +0.84 | Clip 0.218 | KL 1.3431 | V_loss 0.0007 | LR 0.000300
Episode  1665 | Steps    827,404 | SPS      82 | Reward  +0.86 | Clip 0.218 | KL 1.4158 | V_loss 0.0005 | LR 0.000300
Episode  1670 | Steps    829,899 | SPS      82 | Reward  +0.86 | Clip 0.218 | KL 1.5717 | V_loss 0.0005 | LR 0.000300
Episode  1675 | Steps    832,394 | SPS      82 | Reward  +0.86 | Clip 0.218 | KL 1.5715 | V_loss 0.0005 | LR 0.000300
Episode  1680 | Steps    834,889 | SPS      82 | Reward  +0.88 | Clip 0.219 | KL 1.3731 | V_loss 0.0006 | LR 0.000300
Episode  1685 | Steps    837,384 | SPS      82 | Reward  +0.88 | Clip 0.218 | KL 1.1535 | V_loss 0.0005 | LR 0.000300
Episode  1690 | Steps    839,879 | SPS      82 | Reward  +0.88 | Clip 0.218 | KL 1.5108 | V_loss 0.0004 | LR 0.000300
Episode  1695 | Steps    842,374 | SPS      82 | Reward  +0.92 | Clip 0.219 | KL 1.5897 | V_loss 0.0007 | LR 0.000300
Episode  1700 | Steps    844,869 | SPS      82 | Reward  +0.92 | Clip 0.219 | KL 1.4240 | V_loss 0.0006 | LR 0.000300
Episode  1705 | Steps    847,364 | SPS      83 | Reward  +0.92 | Clip 0.218 | KL 1.6388 | V_loss 0.0005 | LR 0.000300
Episode  1710 | Steps    849,859 | SPS      83 | Reward  +0.94 | Clip 0.219 | KL 1.4317 | V_loss 0.0007 | LR 0.000300
Episode  1715 | Steps    852,354 | SPS      83 | Reward  +0.98 | Clip 0.218 | KL 1.4278 | V_loss 0.0006 | LR 0.000300
Episode  1720 | Steps    854,849 | SPS      83 | Reward  +0.96 | Clip 0.219 | KL 1.5599 | V_loss 0.0029 | LR 0.000300
Episode  1725 | Steps    857,344 | SPS      83 | Reward  +0.96 | Clip 0.219 | KL 1.3864 | V_loss 0.0004 | LR 0.000300
Episode  1730 | Steps    859,839 | SPS      83 | Reward  +0.96 | Clip 0.219 | KL 1.5521 | V_loss 0.0004 | LR 0.000300
Episode  1735 | Steps    862,334 | SPS      83 | Reward  +0.98 | Clip 0.219 | KL 1.3015 | V_loss 0.0004 | LR 0.000300
Episode  1740 | Steps    864,747 | SPS      83 | Reward  +0.96 | Clip 0.220 | KL 1.5723 | V_loss 0.0018 | LR 0.000300
Episode  1745 | Steps    867,242 | SPS      83 | Reward  +0.96 | Clip 0.220 | KL 1.1843 | V_loss 0.0009 | LR 0.000300
Episode  1750 | Steps    869,737 | SPS      83 | Reward  +0.96 | Clip 0.221 | KL 1.4499 | V_loss 0.0006 | LR 0.000300
Episode  1755 | Steps    872,232 | SPS      83 | Reward  +0.96 | Clip 0.222 | KL 1.6498 | V_loss 0.0010 | LR 0.000300
Episode  1760 | Steps    874,722 | SPS      84 | Reward  +0.94 | Clip 0.222 | KL 1.4620 | V_loss 0.0016 | LR 0.000300
Episode  1765 | Steps    877,045 | SPS      84 | Reward  +0.90 | Clip 0.223 | KL 1.3951 | V_loss 0.0028 | LR 0.000300
Episode  1770 | Steps    879,223 | SPS      84 | Reward  +0.90 | Clip 0.224 | KL 1.5140 | V_loss 0.0007 | LR 0.000300
Episode  1775 | Steps    881,718 | SPS      84 | Reward  +0.90 | Clip 0.225 | KL 1.4410 | V_loss 0.0011 | LR 0.000300
Episode  1780 | Steps    884,213 | SPS      84 | Reward  +0.90 | Clip 0.226 | KL 1.4068 | V_loss 0.0012 | LR 0.000300
Episode  1785 | Steps    886,708 | SPS      84 | Reward  +0.90 | Clip 0.227 | KL 1.4379 | V_loss 0.0010 | LR 0.000300
Episode  1790 | Steps    889,169 | SPS      84 | Reward  +0.88 | Clip 0.228 | KL 1.4553 | V_loss 0.0020 | LR 0.000300
Episode  1795 | Steps    891,664 | SPS      84 | Reward  +0.88 | Clip 0.229 | KL 1.4741 | V_loss 0.0018 | LR 0.000300
Episode  1800 | Steps    894,154 | SPS      84 | Reward  +0.86 | Clip 0.230 | KL 1.1969 | V_loss 0.0032 | LR 0.000300
Episode  1805 | Steps    896,649 | SPS      84 | Reward  +0.86 | Clip 0.231 | KL 1.3482 | V_loss 0.0029 | LR 0.000300
Episode  1810 | Steps    899,144 | SPS      84 | Reward  +0.86 | Clip 0.232 | KL 1.3339 | V_loss 0.0013 | LR 0.000300
Episode  1815 | Steps    901,639 | SPS      84 | Reward  +0.86 | Clip 0.232 | KL 1.6056 | V_loss 0.0008 | LR 0.000300
Episode  1820 | Steps    904,134 | SPS      84 | Reward  +0.88 | Clip 0.233 | KL 1.2902 | V_loss 0.0008 | LR 0.000300
Episode  1825 | Steps    906,620 | SPS      84 | Reward  +0.86 | Clip 0.234 | KL 1.1960 | V_loss 0.0030 | LR 0.000300
Episode  1830 | Steps    909,115 | SPS      84 | Reward  +0.86 | Clip 0.234 | KL 1.5048 | V_loss 0.0007 | LR 0.000300
Episode  1835 | Steps    911,610 | SPS      84 | Reward  +0.86 | Clip 0.236 | KL 1.2646 | V_loss 0.0019 | LR 0.000300
Episode  1840 | Steps    914,105 | SPS      85 | Reward  +0.88 | Clip 0.237 | KL 1.4998 | V_loss 0.0015 | LR 0.000300
Episode  1845 | Steps    916,600 | SPS      84 | Reward  +0.88 | Clip 0.238 | KL 1.2762 | V_loss 0.0021 | LR 0.000300
Episode  1850 | Steps    919,095 | SPS      84 | Reward  +0.88 | Clip 0.239 | KL 1.3990 | V_loss 0.0006 | LR 0.000300
Episode  1855 | Steps    921,590 | SPS      84 | Reward  +0.88 | Clip 0.240 | KL 1.3258 | V_loss 0.0009 | LR 0.000300
Episode  1860 | Steps    924,085 | SPS      84 | Reward  +0.90 | Clip 0.241 | KL 1.3604 | V_loss 0.0009 | LR 0.000300
Episode  1865 | Steps    926,580 | SPS      84 | Reward  +0.94 | Clip 0.241 | KL 0.9626 | V_loss 0.0011 | LR 0.000300
Episode  1870 | Steps    929,075 | SPS      84 | Reward  +0.94 | Clip 0.242 | KL 1.4246 | V_loss 0.0005 | LR 0.000300
Episode  1875 | Steps    931,570 | SPS      84 | Reward  +0.94 | Clip 0.243 | KL 1.7339 | V_loss 0.0007 | LR 0.000300
Episode  1880 | Steps    934,065 | SPS      84 | Reward  +0.94 | Clip 0.244 | KL 1.3948 | V_loss 0.0005 | LR 0.000300
Episode  1885 | Steps    936,560 | SPS      84 | Reward  +0.94 | Clip 0.244 | KL 0.9979 | V_loss 0.0005 | LR 0.000300
Episode  1890 | Steps    939,055 | SPS      84 | Reward  +0.96 | Clip 0.244 | KL 1.5509 | V_loss 0.0005 | LR 0.000300
Episode  1895 | Steps    941,550 | SPS      84 | Reward  +0.96 | Clip 0.245 | KL 1.0750 | V_loss 0.0007 | LR 0.000300
Episode  1900 | Steps    943,773 | SPS      84 | Reward  +0.98 | Clip 0.246 | KL 1.2479 | V_loss 0.0009 | LR 0.000300
Episode  1905 | Steps    946,268 | SPS      84 | Reward  +0.98 | Clip 0.246 | KL 1.1290 | V_loss 0.0008 | LR 0.000300
Episode  1910 | Steps    948,763 | SPS      84 | Reward  +0.98 | Clip 0.247 | KL 1.1497 | V_loss 0.0008 | LR 0.000300
Episode  1915 | Steps    951,258 | SPS      84 | Reward  +0.98 | Clip 0.247 | KL 1.2036 | V_loss 0.0016 | LR 0.000300
Episode  1920 | Steps    953,753 | SPS      84 | Reward  +0.98 | Clip 0.248 | KL 1.3319 | V_loss 0.0018 | LR 0.000300
Episode  1925 | Steps    956,248 | SPS      84 | Reward  +1.00 | Clip 0.248 | KL 1.4969 | V_loss 0.0005 | LR 0.000300
Episode  1930 | Steps    958,743 | SPS      85 | Reward  +1.00 | Clip 0.249 | KL 1.2155 | V_loss 0.0011 | LR 0.000300
Episode  1935 | Steps    961,238 | SPS      85 | Reward  +1.00 | Clip 0.249 | KL 1.2649 | V_loss 0.0006 | LR 0.000300
Episode  1940 | Steps    963,733 | SPS      85 | Reward  +1.00 | Clip 0.250 | KL 1.2717 | V_loss 0.0006 | LR 0.000300
Episode  1945 | Steps    966,228 | SPS      85 | Reward  +1.00 | Clip 0.250 | KL 1.4202 | V_loss 0.0012 | LR 0.000300
Episode  1950 | Steps    968,723 | SPS      85 | Reward  +1.00 | Clip 0.251 | KL 1.1857 | V_loss 0.0012 | LR 0.000300
Episode  1955 | Steps    971,218 | SPS      85 | Reward  +1.00 | Clip 0.252 | KL 1.2092 | V_loss 0.0015 | LR 0.000300
Episode  1960 | Steps    973,713 | SPS      85 | Reward  +1.00 | Clip 0.252 | KL 1.2993 | V_loss 0.0011 | LR 0.000300
Episode  1965 | Steps    976,208 | SPS      85 | Reward  +1.00 | Clip 0.253 | KL 1.4199 | V_loss 0.0004 | LR 0.000300
Episode  1970 | Steps    978,703 | SPS      85 | Reward  +1.00 | Clip 0.254 | KL 1.3954 | V_loss 0.0009 | LR 0.000300
Episode  1975 | Steps    981,198 | SPS      85 | Reward  +1.00 | Clip 0.255 | KL 1.1830 | V_loss 0.0010 | LR 0.000300
Episode  1980 | Steps    983,693 | SPS      85 | Reward  +1.00 | Clip 0.255 | KL 1.6278 | V_loss 0.0007 | LR 0.000300
Episode  1985 | Steps    986,188 | SPS      85 | Reward  +1.00 | Clip 0.256 | KL 1.6479 | V_loss 0.0011 | LR 0.000300
Episode  1990 | Steps    988,683 | SPS      85 | Reward  +1.00 | Clip 0.256 | KL 1.1857 | V_loss 0.0009 | LR 0.000300
Episode  1995 | Steps    991,178 | SPS      85 | Reward  +1.00 | Clip 0.257 | KL 1.0763 | V_loss 0.0006 | LR 0.000300
Episode  2000 | Steps    993,673 | SPS      85 | Reward  +1.00 | Clip 0.257 | KL 1.4393 | V_loss 0.0005 | LR 0.000300
Episode  2005 | Steps    996,168 | SPS      85 | Reward  +1.00 | Clip 0.258 | KL 1.4493 | V_loss 0.0008 | LR 0.000300
Episode  2010 | Steps    998,663 | SPS      85 | Reward  +1.00 | Clip 0.257 | KL 1.4770 | V_loss 0.0008 | LR 0.000300
Episode  2015 | Steps  1,001,158 | SPS      85 | Reward  +1.00 | Clip 0.257 | KL 1.2303 | V_loss 0.0005 | LR 0.000300
Checkpoint saved at checkpoints/step_1001158
Episode  2020 | Steps  1,003,653 | SPS      85 | Reward  +1.00 | Clip 0.258 | KL 1.2460 | V_loss 0.0009 | LR 0.000300
Episode  2025 | Steps  1,006,148 | SPS      85 | Reward  +1.00 | Clip 0.258 | KL 1.2021 | V_loss 0.0008 | LR 0.000300
Episode  2030 | Steps  1,008,643 | SPS      85 | Reward  +1.00 | Clip 0.259 | KL 1.2592 | V_loss 0.0005 | LR 0.000300
Episode  2035 | Steps  1,011,138 | SPS      85 | Reward  +1.00 | Clip 0.260 | KL 1.3339 | V_loss 0.0013 | LR 0.000300
Episode  2040 | Steps  1,013,633 | SPS      85 | Reward  +1.00 | Clip 0.261 | KL 1.3641 | V_loss 0.0005 | LR 0.000300
Episode  2045 | Steps  1,016,128 | SPS      85 | Reward  +1.00 | Clip 0.260 | KL 1.0565 | V_loss 0.0004 | LR 0.000300
Episode  2050 | Steps  1,018,623 | SPS      85 | Reward  +1.00 | Clip 0.261 | KL 1.0584 | V_loss 0.0005 | LR 0.000300
Episode  2055 | Steps  1,021,118 | SPS      85 | Reward  +1.00 | Clip 0.261 | KL 1.1581 | V_loss 0.0006 | LR 0.000300
Episode  2060 | Steps  1,023,613 | SPS      85 | Reward  +1.00 | Clip 0.261 | KL 0.9757 | V_loss 0.0006 | LR 0.000300
Episode  2065 | Steps  1,026,108 | SPS      85 | Reward  +1.00 | Clip 0.261 | KL 1.1203 | V_loss 0.0010 | LR 0.000300
Episode  2070 | Steps  1,028,603 | SPS      85 | Reward  +1.00 | Clip 0.262 | KL 1.2001 | V_loss 0.0012 | LR 0.000300
Episode  2075 | Steps  1,031,098 | SPS      85 | Reward  +1.00 | Clip 0.262 | KL 1.2003 | V_loss 0.0006 | LR 0.000300
Episode  2080 | Steps  1,033,593 | SPS      85 | Reward  +1.00 | Clip 0.262 | KL 0.9948 | V_loss 0.0013 | LR 0.000300
Episode  2085 | Steps  1,036,088 | SPS      85 | Reward  +1.00 | Clip 0.262 | KL 1.2221 | V_loss 0.0010 | LR 0.000300
Episode  2090 | Steps  1,038,583 | SPS      85 | Reward  +1.00 | Clip 0.263 | KL 1.1993 | V_loss 0.0013 | LR 0.000300
Episode  2095 | Steps  1,041,078 | SPS      85 | Reward  +0.98 | Clip 0.263 | KL 0.9186 | V_loss 0.0094 | LR 0.000300
Episode  2100 | Steps  1,043,573 | SPS      85 | Reward  +0.98 | Clip 0.263 | KL 0.9698 | V_loss 0.0009 | LR 0.000300
Episode  2105 | Steps  1,046,068 | SPS      85 | Reward  +0.98 | Clip 0.263 | KL 1.0912 | V_loss 0.0009 | LR 0.000300
Episode  2110 | Steps  1,048,563 | SPS      85 | Reward  +0.98 | Clip 0.263 | KL 1.1400 | V_loss 0.0013 | LR 0.000300
Episode  2115 | Steps  1,051,058 | SPS      85 | Reward  +0.98 | Clip 0.263 | KL 1.3647 | V_loss 0.0005 | LR 0.000300
Episode  2120 | Steps  1,053,553 | SPS      85 | Reward  +0.98 | Clip 0.262 | KL 1.0704 | V_loss 0.0008 | LR 0.000300
Episode  2125 | Steps  1,056,048 | SPS      85 | Reward  +0.98 | Clip 0.262 | KL 1.1601 | V_loss 0.0005 | LR 0.000300
Episode  2130 | Steps  1,058,543 | SPS      85 | Reward  +0.98 | Clip 0.263 | KL 1.3625 | V_loss 0.0007 | LR 0.000300
Episode  2135 | Steps  1,061,038 | SPS      85 | Reward  +0.98 | Clip 0.262 | KL 1.3129 | V_loss 0.0007 | LR 0.000300
Episode  2140 | Steps  1,063,533 | SPS      84 | Reward  +0.98 | Clip 0.262 | KL 0.8527 | V_loss 0.0007 | LR 0.000300
Episode  2145 | Steps  1,066,028 | SPS      84 | Reward  +0.98 | Clip 0.262 | KL 1.0252 | V_loss 0.0007 | LR 0.000300
Episode  2150 | Steps  1,068,523 | SPS      84 | Reward  +0.98 | Clip 0.262 | KL 1.0090 | V_loss 0.0011 | LR 0.000300
Episode  2155 | Steps  1,071,018 | SPS      84 | Reward  +0.98 | Clip 0.262 | KL 1.2159 | V_loss 0.0007 | LR 0.000300
Episode  2160 | Steps  1,073,513 | SPS      84 | Reward  +0.98 | Clip 0.262 | KL 1.0825 | V_loss 0.0006 | LR 0.000300
Episode  2165 | Steps  1,076,008 | SPS      83 | Reward  +0.96 | Clip 0.262 | KL 1.0636 | V_loss 0.0117 | LR 0.000300
Episode  2170 | Steps  1,078,503 | SPS      83 | Reward  +0.96 | Clip 0.262 | KL 1.2179 | V_loss 0.0006 | LR 0.000300
Episode  2175 | Steps  1,080,998 | SPS      83 | Reward  +0.96 | Clip 0.263 | KL 1.4112 | V_loss 0.0012 | LR 0.000300
Episode  2180 | Steps  1,083,365 | SPS      83 | Reward  +0.96 | Clip 0.263 | KL 1.1640 | V_loss 0.0009 | LR 0.000300
Episode  2185 | Steps  1,085,860 | SPS      83 | Reward  +0.96 | Clip 0.263 | KL 1.1279 | V_loss 0.0008 | LR 0.000300
Episode  2190 | Steps  1,088,355 | SPS      83 | Reward  +0.96 | Clip 0.263 | KL 1.1056 | V_loss 0.0003 | LR 0.000300
Episode  2195 | Steps  1,090,850 | SPS      83 | Reward  +0.98 | Clip 0.264 | KL 1.1645 | V_loss 0.0008 | LR 0.000300
Episode  2200 | Steps  1,093,345 | SPS      82 | Reward  +0.98 | Clip 0.264 | KL 0.9567 | V_loss 0.0013 | LR 0.000300
Episode  2205 | Steps  1,095,840 | SPS      82 | Reward  +0.98 | Clip 0.264 | KL 1.1901 | V_loss 0.0009 | LR 0.000300
Episode  2210 | Steps  1,098,335 | SPS      82 | Reward  +0.98 | Clip 0.264 | KL 1.1446 | V_loss 0.0010 | LR 0.000300
Episode  2215 | Steps  1,100,830 | SPS      82 | Reward  +0.98 | Clip 0.265 | KL 0.9830 | V_loss 0.0014 | LR 0.000300
Episode  2220 | Steps  1,103,325 | SPS      82 | Reward  +0.98 | Clip 0.265 | KL 1.0162 | V_loss 0.0011 | LR 0.000300
Episode  2225 | Steps  1,105,820 | SPS      82 | Reward  +0.98 | Clip 0.265 | KL 1.2062 | V_loss 0.0008 | LR 0.000300
Episode  2230 | Steps  1,108,315 | SPS      82 | Reward  +0.98 | Clip 0.265 | KL 1.0205 | V_loss 0.0013 | LR 0.000300
Episode  2235 | Steps  1,110,810 | SPS      82 | Reward  +0.98 | Clip 0.265 | KL 1.1197 | V_loss 0.0007 | LR 0.000300
Episode  2240 | Steps  1,113,305 | SPS      82 | Reward  +0.98 | Clip 0.264 | KL 1.1846 | V_loss 0.0008 | LR 0.000300
Episode  2245 | Steps  1,115,800 | SPS      82 | Reward  +0.98 | Clip 0.264 | KL 1.2533 | V_loss 0.0011 | LR 0.000300
Episode  2250 | Steps  1,118,295 | SPS      82 | Reward  +0.98 | Clip 0.264 | KL 1.0743 | V_loss 0.0006 | LR 0.000300
Episode  2255 | Steps  1,120,790 | SPS      82 | Reward  +0.98 | Clip 0.264 | KL 1.1648 | V_loss 0.0011 | LR 0.000300
Episode  2260 | Steps  1,123,285 | SPS      82 | Reward  +0.98 | Clip 0.264 | KL 1.2637 | V_loss 0.0009 | LR 0.000300
Episode  2265 | Steps  1,125,780 | SPS      82 | Reward  +1.00 | Clip 0.263 | KL 1.5159 | V_loss 0.0006 | LR 0.000300
Episode  2270 | Steps  1,128,275 | SPS      82 | Reward  +1.00 | Clip 0.263 | KL 1.0140 | V_loss 0.0011 | LR 0.000300
Episode  2275 | Steps  1,130,770 | SPS      82 | Reward  +1.00 | Clip 0.262 | KL 1.0413 | V_loss 0.0008 | LR 0.000300
Episode  2280 | Steps  1,133,265 | SPS      82 | Reward  +1.00 | Clip 0.262 | KL 1.3986 | V_loss 0.0007 | LR 0.000300
Episode  2285 | Steps  1,135,760 | SPS      81 | Reward  +1.00 | Clip 0.261 | KL 1.3220 | V_loss 0.0005 | LR 0.000300
Episode  2290 | Steps  1,138,255 | SPS      81 | Reward  +1.00 | Clip 0.261 | KL 1.1832 | V_loss 0.0005 | LR 0.000300
Episode  2295 | Steps  1,140,750 | SPS      81 | Reward  +1.00 | Clip 0.261 | KL 1.1532 | V_loss 0.0007 | LR 0.000300
Episode  2300 | Steps  1,143,245 | SPS      81 | Reward  +1.00 | Clip 0.260 | KL 1.0889 | V_loss 0.0006 | LR 0.000300
Episode  2305 | Steps  1,145,740 | SPS      81 | Reward  +1.00 | Clip 0.259 | KL 1.2852 | V_loss 0.0006 | LR 0.000300
Episode  2310 | Steps  1,148,235 | SPS      81 | Reward  +1.00 | Clip 0.259 | KL 0.9144 | V_loss 0.0007 | LR 0.000300
Episode  2315 | Steps  1,150,730 | SPS      81 | Reward  +1.00 | Clip 0.258 | KL 1.1553 | V_loss 0.0007 | LR 0.000300
Episode  2320 | Steps  1,153,225 | SPS      81 | Reward  +1.00 | Clip 0.258 | KL 1.0598 | V_loss 0.0008 | LR 0.000300
Episode  2325 | Steps  1,155,720 | SPS      81 | Reward  +1.00 | Clip 0.258 | KL 1.2559 | V_loss 0.0005 | LR 0.000300
Episode  2330 | Steps  1,158,215 | SPS      81 | Reward  +1.00 | Clip 0.258 | KL 1.0690 | V_loss 0.0010 | LR 0.000300
Episode  2335 | Steps  1,160,710 | SPS      81 | Reward  +1.00 | Clip 0.258 | KL 0.9852 | V_loss 0.0011 | LR 0.000300
Episode  2340 | Steps  1,163,205 | SPS      81 | Reward  +1.00 | Clip 0.257 | KL 1.3274 | V_loss 0.0005 | LR 0.000300
Episode  2345 | Steps  1,165,700 | SPS      81 | Reward  +1.00 | Clip 0.257 | KL 1.0526 | V_loss 0.0005 | LR 0.000300
Episode  2350 | Steps  1,168,195 | SPS      81 | Reward  +1.00 | Clip 0.256 | KL 1.0049 | V_loss 0.0006 | LR 0.000300
Episode  2355 | Steps  1,170,690 | SPS      81 | Reward  +1.00 | Clip 0.256 | KL 1.0220 | V_loss 0.0008 | LR 0.000300
Episode  2360 | Steps  1,173,185 | SPS      81 | Reward  +1.00 | Clip 0.256 | KL 1.1709 | V_loss 0.0008 | LR 0.000300
Episode  2365 | Steps  1,175,680 | SPS      81 | Reward  +1.00 | Clip 0.256 | KL 0.7533 | V_loss 0.0008 | LR 0.000300
Episode  2370 | Steps  1,178,175 | SPS      81 | Reward  +1.00 | Clip 0.256 | KL 1.5335 | V_loss 0.0006 | LR 0.000300
Episode  2375 | Steps  1,180,670 | SPS      81 | Reward  +1.00 | Clip 0.256 | KL 0.9107 | V_loss 0.0012 | LR 0.000300
Episode  2380 | Steps  1,183,165 | SPS      81 | Reward  +1.00 | Clip 0.256 | KL 0.9609 | V_loss 0.0007 | LR 0.000300
Episode  2385 | Steps  1,185,660 | SPS      81 | Reward  +1.00 | Clip 0.256 | KL 0.9503 | V_loss 0.0006 | LR 0.000300
Episode  2390 | Steps  1,187,919 | SPS      81 | Reward  +0.98 | Clip 0.257 | KL 0.8584 | V_loss 0.0095 | LR 0.000300
Episode  2395 | Steps  1,190,414 | SPS      81 | Reward  +0.98 | Clip 0.256 | KL 1.1164 | V_loss 0.0007 | LR 0.000300
Episode  2400 | Steps  1,192,909 | SPS      81 | Reward  +0.98 | Clip 0.257 | KL 1.0327 | V_loss 0.0013 | LR 0.000300
Episode  2405 | Steps  1,195,404 | SPS      81 | Reward  +0.98 | Clip 0.256 | KL 0.9226 | V_loss 0.0006 | LR 0.000300
Episode  2410 | Steps  1,197,899 | SPS      81 | Reward  +0.98 | Clip 0.257 | KL 1.2884 | V_loss 0.0007 | LR 0.000300
Episode  2415 | Steps  1,200,394 | SPS      81 | Reward  +0.96 | Clip 0.258 | KL 0.7559 | V_loss 0.0105 | LR 0.000300
Episode  2420 | Steps  1,202,889 | SPS      81 | Reward  +0.96 | Clip 0.258 | KL 1.0230 | V_loss 0.0007 | LR 0.000300
Episode  2425 | Steps  1,205,384 | SPS      81 | Reward  +0.96 | Clip 0.259 | KL 1.2305 | V_loss 0.0004 | LR 0.000300
Episode  2430 | Steps  1,207,879 | SPS      81 | Reward  +0.94 | Clip 0.260 | KL 1.1229 | V_loss 0.0061 | LR 0.000300
Episode  2435 | Steps  1,210,374 | SPS      81 | Reward  +0.94 | Clip 0.260 | KL 1.0809 | V_loss 0.0006 | LR 0.000300
Episode  2440 | Steps  1,212,869 | SPS      80 | Reward  +0.94 | Clip 0.260 | KL 1.0000 | V_loss 0.0005 | LR 0.000300
Episode  2445 | Steps  1,215,364 | SPS      80 | Reward  +0.94 | Clip 0.260 | KL 1.0436 | V_loss 0.0009 | LR 0.000300
Episode  2450 | Steps  1,217,859 | SPS      80 | Reward  +0.94 | Clip 0.260 | KL 0.9220 | V_loss 0.0010 | LR 0.000300
Episode  2455 | Steps  1,220,354 | SPS      80 | Reward  +0.94 | Clip 0.260 | KL 0.9645 | V_loss 0.0014 | LR 0.000300
Episode  2460 | Steps  1,222,849 | SPS      80 | Reward  +0.94 | Clip 0.260 | KL 1.1018 | V_loss 0.0007 | LR 0.000300
Episode  2465 | Steps  1,225,197 | SPS      80 | Reward  +0.92 | Clip 0.261 | KL 1.1736 | V_loss 0.0061 | LR 0.000300
Episode  2470 | Steps  1,227,692 | SPS      80 | Reward  +0.92 | Clip 0.260 | KL 1.0948 | V_loss 0.0015 | LR 0.000300
Episode  2475 | Steps  1,230,187 | SPS      80 | Reward  +0.92 | Clip 0.261 | KL 1.0815 | V_loss 0.0014 | LR 0.000300
Episode  2480 | Steps  1,232,682 | SPS      80 | Reward  +0.92 | Clip 0.261 | KL 1.1010 | V_loss 0.0015 | LR 0.000300
Episode  2485 | Steps  1,235,177 | SPS      80 | Reward  +0.92 | Clip 0.261 | KL 1.2294 | V_loss 0.0009 | LR 0.000300
Episode  2490 | Steps  1,237,672 | SPS      80 | Reward  +0.94 | Clip 0.261 | KL 1.1286 | V_loss 0.0014 | LR 0.000300
Episode  2495 | Steps  1,240,012 | SPS      80 | Reward  +0.92 | Clip 0.261 | KL 1.1078 | V_loss 0.0041 | LR 0.000300
Episode  2500 | Steps  1,242,429 | SPS      80 | Reward  +0.90 | Clip 0.261 | KL 1.0117 | V_loss 0.0027 | LR 0.000300
Episode  2505 | Steps  1,244,924 | SPS      80 | Reward  +0.90 | Clip 0.261 | KL 0.8997 | V_loss 0.0007 | LR 0.000300
Episode  2510 | Steps  1,247,360 | SPS      80 | Reward  +0.88 | Clip 0.261 | KL 0.8619 | V_loss 0.0028 | LR 0.000300
Episode  2515 | Steps  1,249,855 | SPS      80 | Reward  +0.90 | Clip 0.261 | KL 1.2027 | V_loss 0.0010 | LR 0.000300
Episode  2520 | Steps  1,252,000 | SPS      80 | Reward  +0.90 | Clip 0.260 | KL 1.1345 | V_loss 0.0007 | LR 0.000300
Episode  2525 | Steps  1,254,495 | SPS      80 | Reward  +0.90 | Clip 0.260 | KL 1.0930 | V_loss 0.0006 | LR 0.000300
Episode  2530 | Steps  1,256,990 | SPS      80 | Reward  +0.92 | Clip 0.260 | KL 1.0592 | V_loss 0.0010 | LR 0.000300
Episode  2535 | Steps  1,259,485 | SPS      80 | Reward  +0.92 | Clip 0.260 | KL 1.1671 | V_loss 0.0007 | LR 0.000300
Episode  2540 | Steps  1,261,980 | SPS      80 | Reward  +0.92 | Clip 0.260 | KL 1.1053 | V_loss 0.0005 | LR 0.000300
Episode  2545 | Steps  1,264,475 | SPS      80 | Reward  +0.92 | Clip 0.261 | KL 0.9852 | V_loss 0.0007 | LR 0.000300
Episode  2550 | Steps  1,266,970 | SPS      80 | Reward  +0.92 | Clip 0.261 | KL 0.9482 | V_loss 0.0009 | LR 0.000300
Episode  2555 | Steps  1,269,465 | SPS      80 | Reward  +0.92 | Clip 0.261 | KL 1.0615 | V_loss 0.0008 | LR 0.000300
Episode  2560 | Steps  1,271,960 | SPS      80 | Reward  +0.92 | Clip 0.261 | KL 0.9997 | V_loss 0.0010 | LR 0.000300
Episode  2565 | Steps  1,274,455 | SPS      80 | Reward  +0.94 | Clip 0.261 | KL 1.1253 | V_loss 0.0007 | LR 0.000300
Episode  2570 | Steps  1,276,950 | SPS      80 | Reward  +0.94 | Clip 0.260 | KL 1.0122 | V_loss 0.0008 | LR 0.000300
Episode  2575 | Steps  1,279,445 | SPS      80 | Reward  +0.94 | Clip 0.261 | KL 0.9620 | V_loss 0.0007 | LR 0.000300
Episode  2580 | Steps  1,281,940 | SPS      80 | Reward  +0.94 | Clip 0.260 | KL 0.8471 | V_loss 0.0005 | LR 0.000300
Episode  2585 | Steps  1,284,435 | SPS      80 | Reward  +0.94 | Clip 0.260 | KL 0.9566 | V_loss 0.0008 | LR 0.000300
Episode  2590 | Steps  1,286,930 | SPS      80 | Reward  +0.94 | Clip 0.259 | KL 1.0083 | V_loss 0.0008 | LR 0.000300
Episode  2595 | Steps  1,289,425 | SPS      80 | Reward  +0.96 | Clip 0.258 | KL 0.7845 | V_loss 0.0007 | LR 0.000300
Episode  2600 | Steps  1,291,920 | SPS      80 | Reward  +0.98 | Clip 0.258 | KL 1.1247 | V_loss 0.0007 | LR 0.000300
Episode  2605 | Steps  1,294,415 | SPS      80 | Reward  +0.98 | Clip 0.258 | KL 0.9890 | V_loss 0.0007 | LR 0.000300
Episode  2610 | Steps  1,296,910 | SPS      80 | Reward  +1.00 | Clip 0.258 | KL 0.7273 | V_loss 0.0007 | LR 0.000300
Episode  2615 | Steps  1,299,405 | SPS      80 | Reward  +1.00 | Clip 0.258 | KL 0.8509 | V_loss 0.0007 | LR 0.000300
Episode  2620 | Steps  1,301,900 | SPS      80 | Reward  +1.00 | Clip 0.258 | KL 1.1588 | V_loss 0.0006 | LR 0.000300
Episode  2625 | Steps  1,304,395 | SPS      80 | Reward  +1.00 | Clip 0.258 | KL 1.0674 | V_loss 0.0010 | LR 0.000300
Episode  2630 | Steps  1,306,890 | SPS      80 | Reward  +1.00 | Clip 0.257 | KL 0.8122 | V_loss 0.0006 | LR 0.000300
Episode  2635 | Steps  1,309,385 | SPS      80 | Reward  +1.00 | Clip 0.257 | KL 1.1467 | V_loss 0.0007 | LR 0.000300
Episode  2640 | Steps  1,311,880 | SPS      80 | Reward  +1.00 | Clip 0.258 | KL 1.0019 | V_loss 0.0007 | LR 0.000300
Episode  2645 | Steps  1,314,375 | SPS      80 | Reward  +1.00 | Clip 0.257 | KL 0.8314 | V_loss 0.0005 | LR 0.000300
Episode  2650 | Steps  1,316,870 | SPS      80 | Reward  +1.00 | Clip 0.257 | KL 0.9733 | V_loss 0.0005 | LR 0.000300
Episode  2655 | Steps  1,319,365 | SPS      80 | Reward  +1.00 | Clip 0.256 | KL 0.7828 | V_loss 0.0005 | LR 0.000300
Episode  2660 | Steps  1,321,753 | SPS      80 | Reward  +0.98 | Clip 0.256 | KL 0.6840 | V_loss 0.0032 | LR 0.000300
Episode  2665 | Steps  1,324,248 | SPS      80 | Reward  +0.98 | Clip 0.256 | KL 0.9170 | V_loss 0.0011 | LR 0.000300
Episode  2670 | Steps  1,326,743 | SPS      80 | Reward  +0.98 | Clip 0.256 | KL 0.9810 | V_loss 0.0011 | LR 0.000300
Episode  2675 | Steps  1,329,126 | SPS      80 | Reward  +0.98 | Clip 0.256 | KL 0.9009 | V_loss 0.0007 | LR 0.000300
Episode  2680 | Steps  1,331,621 | SPS      80 | Reward  +0.98 | Clip 0.255 | KL 0.9710 | V_loss 0.0006 | LR 0.000300
Episode  2685 | Steps  1,334,080 | SPS      80 | Reward  +0.96 | Clip 0.255 | KL 0.7587 | V_loss 0.0040 | LR 0.000300
Episode  2690 | Steps  1,336,575 | SPS      80 | Reward  +0.96 | Clip 0.255 | KL 0.9627 | V_loss 0.0020 | LR 0.000300
Episode  2695 | Steps  1,339,070 | SPS      79 | Reward  +0.96 | Clip 0.254 | KL 0.9452 | V_loss 0.0011 | LR 0.000300
Episode  2700 | Steps  1,341,565 | SPS      79 | Reward  +0.96 | Clip 0.254 | KL 1.0429 | V_loss 0.0009 | LR 0.000300
Episode  2705 | Steps  1,344,060 | SPS      79 | Reward  +0.96 | Clip 0.253 | KL 0.9323 | V_loss 0.0009 | LR 0.000300
Episode  2710 | Steps  1,346,555 | SPS      79 | Reward  +0.96 | Clip 0.253 | KL 0.8250 | V_loss 0.0015 | LR 0.000300
Episode  2715 | Steps  1,349,050 | SPS      79 | Reward  +0.96 | Clip 0.251 | KL 0.8575 | V_loss 0.0008 | LR 0.000300
Episode  2720 | Steps  1,351,545 | SPS      79 | Reward  +0.96 | Clip 0.251 | KL 1.0017 | V_loss 0.0006 | LR 0.000300
Episode  2725 | Steps  1,354,040 | SPS      79 | Reward  +0.96 | Clip 0.250 | KL 1.0187 | V_loss 0.0005 | LR 0.000300
Episode  2730 | Steps  1,356,535 | SPS      79 | Reward  +0.96 | Clip 0.249 | KL 0.9040 | V_loss 0.0005 | LR 0.000300
Episode  2735 | Steps  1,359,030 | SPS      79 | Reward  +0.96 | Clip 0.249 | KL 0.7667 | V_loss 0.0009 | LR 0.000300
Episode  2740 | Steps  1,361,525 | SPS      79 | Reward  +0.96 | Clip 0.249 | KL 0.8922 | V_loss 0.0005 | LR 0.000300
Episode  2745 | Steps  1,364,020 | SPS      79 | Reward  +0.96 | Clip 0.249 | KL 0.8789 | V_loss 0.0006 | LR 0.000300
Episode  2750 | Steps  1,366,515 | SPS      79 | Reward  +0.96 | Clip 0.249 | KL 0.9605 | V_loss 0.0006 | LR 0.000300
Episode  2755 | Steps  1,368,939 | SPS      79 | Reward  +0.94 | Clip 0.248 | KL 0.7827 | V_loss 0.0038 | LR 0.000300
Episode  2760 | Steps  1,371,434 | SPS      79 | Reward  +0.96 | Clip 0.248 | KL 0.9567 | V_loss 0.0008 | LR 0.000300
Episode  2765 | Steps  1,373,929 | SPS      79 | Reward  +0.96 | Clip 0.248 | KL 0.6877 | V_loss 0.0015 | LR 0.000300
Episode  2770 | Steps  1,376,424 | SPS      79 | Reward  +0.96 | Clip 0.247 | KL 0.7451 | V_loss 0.0008 | LR 0.000300
Episode  2775 | Steps  1,378,919 | SPS      78 | Reward  +0.96 | Clip 0.246 | KL 0.8878 | V_loss 0.0011 | LR 0.000300
Episode  2780 | Steps  1,381,414 | SPS      78 | Reward  +0.96 | Clip 0.246 | KL 1.0866 | V_loss 0.0008 | LR 0.000300
Episode  2785 | Steps  1,383,909 | SPS      78 | Reward  +0.98 | Clip 0.245 | KL 0.6834 | V_loss 0.0005 | LR 0.000300
Episode  2790 | Steps  1,386,404 | SPS      78 | Reward  +0.98 | Clip 0.245 | KL 0.6589 | V_loss 0.0008 | LR 0.000300
Episode  2795 | Steps  1,388,899 | SPS      78 | Reward  +0.98 | Clip 0.244 | KL 0.9080 | V_loss 0.0007 | LR 0.000300
Episode  2800 | Steps  1,391,394 | SPS      78 | Reward  +0.98 | Clip 0.244 | KL 0.8661 | V_loss 0.0009 | LR 0.000300
Episode  2805 | Steps  1,393,889 | SPS      78 | Reward  +0.98 | Clip 0.243 | KL 0.8736 | V_loss 0.0006 | LR 0.000300
Episode  2810 | Steps  1,396,384 | SPS      78 | Reward  +0.98 | Clip 0.242 | KL 0.6130 | V_loss 0.0007 | LR 0.000300
Episode  2815 | Steps  1,398,879 | SPS      78 | Reward  +0.98 | Clip 0.241 | KL 0.9274 | V_loss 0.0005 | LR 0.000300
Episode  2820 | Steps  1,401,374 | SPS      79 | Reward  +0.98 | Clip 0.241 | KL 0.9502 | V_loss 0.0005 | LR 0.000300
Episode  2825 | Steps  1,403,869 | SPS      79 | Reward  +0.98 | Clip 0.240 | KL 0.8379 | V_loss 0.0006 | LR 0.000300
Episode  2830 | Steps  1,406,364 | SPS      79 | Reward  +0.98 | Clip 0.239 | KL 0.8073 | V_loss 0.0004 | LR 0.000300
Episode  2835 | Steps  1,408,859 | SPS      79 | Reward  +0.98 | Clip 0.238 | KL 0.9333 | V_loss 0.0004 | LR 0.000300
Episode  2840 | Steps  1,411,354 | SPS      79 | Reward  +0.98 | Clip 0.237 | KL 0.9215 | V_loss 0.0004 | LR 0.000300
Episode  2845 | Steps  1,413,773 | SPS      79 | Reward  +0.96 | Clip 0.237 | KL 0.8202 | V_loss 0.0016 | LR 0.000300
Episode  2850 | Steps  1,416,268 | SPS      79 | Reward  +0.96 | Clip 0.237 | KL 0.6811 | V_loss 0.0006 | LR 0.000300
Episode  2855 | Steps  1,418,763 | SPS      79 | Reward  +0.98 | Clip 0.236 | KL 0.5693 | V_loss 0.0010 | LR 0.000300
Episode  2860 | Steps  1,421,258 | SPS      79 | Reward  +0.96 | Clip 0.235 | KL 0.6668 | V_loss 0.0041 | LR 0.000300
Episode  2865 | Steps  1,423,753 | SPS      79 | Reward  +0.96 | Clip 0.234 | KL 0.7388 | V_loss 0.0003 | LR 0.000300
Episode  2870 | Steps  1,426,248 | SPS      79 | Reward  +0.96 | Clip 0.233 | KL 0.9488 | V_loss 0.0009 | LR 0.000300
Episode  2875 | Steps  1,428,743 | SPS      79 | Reward  +0.96 | Clip 0.232 | KL 0.6441 | V_loss 0.0009 | LR 0.000300
Episode  2880 | Steps  1,431,238 | SPS      79 | Reward  +0.96 | Clip 0.231 | KL 0.9899 | V_loss 0.0004 | LR 0.000300
Episode  2885 | Steps  1,433,733 | SPS      79 | Reward  +0.96 | Clip 0.231 | KL 0.5832 | V_loss 0.0007 | LR 0.000300
Episode  2890 | Steps  1,436,228 | SPS      79 | Reward  +0.96 | Clip 0.230 | KL 0.6745 | V_loss 0.0005 | LR 0.000300
Episode  2895 | Steps  1,438,723 | SPS      79 | Reward  +0.96 | Clip 0.229 | KL 0.6475 | V_loss 0.0005 | LR 0.000300
Episode  2900 | Steps  1,441,218 | SPS      79 | Reward  +0.96 | Clip 0.228 | KL 0.8584 | V_loss 0.0008 | LR 0.000300
Episode  2905 | Steps  1,443,713 | SPS      79 | Reward  +0.96 | Clip 0.227 | KL 0.7012 | V_loss 0.0006 | LR 0.000300
Episode  2910 | Steps  1,446,208 | SPS      79 | Reward  +0.96 | Clip 0.225 | KL 0.6230 | V_loss 0.0004 | LR 0.000300
Episode  2915 | Steps  1,448,703 | SPS      79 | Reward  +0.96 | Clip 0.223 | KL 0.6959 | V_loss 0.0004 | LR 0.000300
Episode  2920 | Steps  1,451,198 | SPS      79 | Reward  +0.96 | Clip 0.222 | KL 0.9856 | V_loss 0.0005 | LR 0.000300
Episode  2925 | Steps  1,453,693 | SPS      79 | Reward  +0.96 | Clip 0.220 | KL 0.6527 | V_loss 0.0015 | LR 0.000300
Episode  2930 | Steps  1,456,188 | SPS      79 | Reward  +0.96 | Clip 0.218 | KL 0.8031 | V_loss 0.0004 | LR 0.000300
Episode  2935 | Steps  1,458,683 | SPS      79 | Reward  +0.96 | Clip 0.217 | KL 0.6211 | V_loss 0.0004 | LR 0.000300
Episode  2940 | Steps  1,461,178 | SPS      79 | Reward  +0.96 | Clip 0.216 | KL 0.7000 | V_loss 0.0004 | LR 0.000300
Episode  2945 | Steps  1,463,673 | SPS      79 | Reward  +0.98 | Clip 0.215 | KL 0.7930 | V_loss 0.0006 | LR 0.000300
Episode  2950 | Steps  1,466,168 | SPS      79 | Reward  +0.98 | Clip 0.215 | KL 1.0757 | V_loss 0.0006 | LR 0.000300
Episode  2955 | Steps  1,468,663 | SPS      79 | Reward  +0.98 | Clip 0.213 | KL 0.7513 | V_loss 0.0005 | LR 0.000300
Episode  2960 | Steps  1,471,158 | SPS      79 | Reward  +1.00 | Clip 0.212 | KL 0.7318 | V_loss 0.0006 | LR 0.000300
Episode  2965 | Steps  1,473,653 | SPS      79 | Reward  +1.00 | Clip 0.211 | KL 0.7706 | V_loss 0.0005 | LR 0.000300
Episode  2970 | Steps  1,476,148 | SPS      79 | Reward  +1.00 | Clip 0.210 | KL 0.6167 | V_loss 0.0005 | LR 0.000300
Episode  2975 | Steps  1,478,643 | SPS      79 | Reward  +1.00 | Clip 0.209 | KL 0.8101 | V_loss 0.0004 | LR 0.000300
Episode  2980 | Steps  1,481,138 | SPS      79 | Reward  +1.00 | Clip 0.208 | KL 0.6966 | V_loss 0.0003 | LR 0.000300
Episode  2985 | Steps  1,483,633 | SPS      79 | Reward  +1.00 | Clip 0.207 | KL 0.8185 | V_loss 0.0004 | LR 0.000300
Episode  2990 | Steps  1,486,128 | SPS      79 | Reward  +1.00 | Clip 0.206 | KL 0.6665 | V_loss 0.0006 | LR 0.000300
Episode  2995 | Steps  1,488,623 | SPS      79 | Reward  +1.00 | Clip 0.205 | KL 0.8171 | V_loss 0.0005 | LR 0.000300
Episode  3000 | Steps  1,491,118 | SPS      79 | Reward  +1.00 | Clip 0.204 | KL 0.4863 | V_loss 0.0004 | LR 0.000300
Episode  3005 | Steps  1,493,613 | SPS      79 | Reward  +1.00 | Clip 0.204 | KL 0.8306 | V_loss 0.0004 | LR 0.000300
Episode  3010 | Steps  1,496,108 | SPS      79 | Reward  +1.00 | Clip 0.203 | KL 0.5794 | V_loss 0.0003 | LR 0.000300
Episode  3015 | Steps  1,498,603 | SPS      79 | Reward  +1.00 | Clip 0.202 | KL 0.5628 | V_loss 0.0005 | LR 0.000300
Episode  3020 | Steps  1,501,098 | SPS      79 | Reward  +1.00 | Clip 0.201 | KL 0.8045 | V_loss 0.0005 | LR 0.000300
Checkpoint saved at checkpoints/step_1501098
Episode  3025 | Steps  1,503,593 | SPS      79 | Reward  +1.00 | Clip 0.200 | KL 0.6637 | V_loss 0.0003 | LR 0.000300
Episode  3030 | Steps  1,506,088 | SPS      80 | Reward  +1.00 | Clip 0.199 | KL 0.8022 | V_loss 0.0006 | LR 0.000300
Episode  3035 | Steps  1,508,583 | SPS      80 | Reward  +1.00 | Clip 0.198 | KL 0.7376 | V_loss 0.0005 | LR 0.000300
Episode  3040 | Steps  1,511,078 | SPS      80 | Reward  +1.00 | Clip 0.198 | KL 0.6645 | V_loss 0.0004 | LR 0.000300
Episode  3045 | Steps  1,513,573 | SPS      80 | Reward  +1.00 | Clip 0.197 | KL 0.5122 | V_loss 0.0005 | LR 0.000300
Episode  3050 | Steps  1,516,068 | SPS      80 | Reward  +1.00 | Clip 0.196 | KL 0.5657 | V_loss 0.0005 | LR 0.000300
Episode  3055 | Steps  1,518,563 | SPS      80 | Reward  +1.00 | Clip 0.195 | KL 0.7951 | V_loss 0.0004 | LR 0.000300
Episode  3060 | Steps  1,521,058 | SPS      80 | Reward  +1.00 | Clip 0.194 | KL 0.5666 | V_loss 0.0003 | LR 0.000300
Episode  3065 | Steps  1,523,553 | SPS      80 | Reward  +1.00 | Clip 0.194 | KL 0.6968 | V_loss 0.0006 | LR 0.000300
Episode  3070 | Steps  1,526,048 | SPS      80 | Reward  +1.00 | Clip 0.193 | KL 0.7906 | V_loss 0.0006 | LR 0.000300
Episode  3075 | Steps  1,528,543 | SPS      80 | Reward  +1.00 | Clip 0.192 | KL 0.6282 | V_loss 0.0004 | LR 0.000300
Episode  3080 | Steps  1,531,038 | SPS      80 | Reward  +1.00 | Clip 0.192 | KL 0.6158 | V_loss 0.0004 | LR 0.000300
Episode  3085 | Steps  1,533,533 | SPS      80 | Reward  +1.00 | Clip 0.191 | KL 0.6994 | V_loss 0.0006 | LR 0.000300
Episode  3090 | Steps  1,536,028 | SPS      80 | Reward  +1.00 | Clip 0.190 | KL 0.7083 | V_loss 0.0007 | LR 0.000300
Episode  3095 | Steps  1,538,523 | SPS      80 | Reward  +1.00 | Clip 0.190 | KL 0.6017 | V_loss 0.0005 | LR 0.000300
Episode  3100 | Steps  1,541,018 | SPS      80 | Reward  +1.00 | Clip 0.189 | KL 0.5197 | V_loss 0.0004 | LR 0.000300
Episode  3105 | Steps  1,543,513 | SPS      80 | Reward  +1.00 | Clip 0.188 | KL 0.6126 | V_loss 0.0005 | LR 0.000300
Episode  3110 | Steps  1,546,008 | SPS      80 | Reward  +1.00 | Clip 0.188 | KL 0.6962 | V_loss 0.0004 | LR 0.000300
Episode  3115 | Steps  1,548,503 | SPS      80 | Reward  +1.00 | Clip 0.187 | KL 0.5563 | V_loss 0.0004 | LR 0.000300
Episode  3120 | Steps  1,550,998 | SPS      80 | Reward  +1.00 | Clip 0.186 | KL 0.6751 | V_loss 0.0003 | LR 0.000300
Episode  3125 | Steps  1,553,493 | SPS      80 | Reward  +1.00 | Clip 0.185 | KL 0.7002 | V_loss 0.0004 | LR 0.000300
Episode  3130 | Steps  1,555,988 | SPS      80 | Reward  +1.00 | Clip 0.184 | KL 0.6655 | V_loss 0.0004 | LR 0.000300
Episode  3135 | Steps  1,558,483 | SPS      80 | Reward  +1.00 | Clip 0.183 | KL 0.7134 | V_loss 0.0004 | LR 0.000300
Episode  3140 | Steps  1,560,978 | SPS      80 | Reward  +1.00 | Clip 0.182 | KL 0.9009 | V_loss 0.0004 | LR 0.000300
Episode  3145 | Steps  1,563,473 | SPS      80 | Reward  +1.00 | Clip 0.182 | KL 0.5805 | V_loss 0.0007 | LR 0.000300
Episode  3150 | Steps  1,565,968 | SPS      80 | Reward  +1.00 | Clip 0.182 | KL 0.6559 | V_loss 0.0006 | LR 0.000300
Episode  3155 | Steps  1,568,463 | SPS      80 | Reward  +1.00 | Clip 0.182 | KL 0.6235 | V_loss 0.0005 | LR 0.000300
Episode  3160 | Steps  1,570,958 | SPS      80 | Reward  +1.00 | Clip 0.181 | KL 0.6773 | V_loss 0.0003 | LR 0.000300
Episode  3165 | Steps  1,573,453 | SPS      80 | Reward  +1.00 | Clip 0.181 | KL 0.6574 | V_loss 0.0005 | LR 0.000300
Episode  3170 | Steps  1,575,948 | SPS      80 | Reward  +1.00 | Clip 0.180 | KL 0.4374 | V_loss 0.0005 | LR 0.000300
Episode  3175 | Steps  1,578,443 | SPS      81 | Reward  +1.00 | Clip 0.179 | KL 0.5799 | V_loss 0.0004 | LR 0.000300
Episode  3180 | Steps  1,580,938 | SPS      81 | Reward  +1.00 | Clip 0.179 | KL 0.6310 | V_loss 0.0007 | LR 0.000300
Episode  3185 | Steps  1,583,433 | SPS      81 | Reward  +1.00 | Clip 0.179 | KL 0.6058 | V_loss 0.0003 | LR 0.000300
Episode  3190 | Steps  1,585,928 | SPS      81 | Reward  +1.00 | Clip 0.178 | KL 0.5246 | V_loss 0.0003 | LR 0.000300
Episode  3195 | Steps  1,588,423 | SPS      81 | Reward  +1.00 | Clip 0.177 | KL 0.8852 | V_loss 0.0004 | LR 0.000300
Episode  3200 | Steps  1,590,918 | SPS      81 | Reward  +1.00 | Clip 0.176 | KL 0.6598 | V_loss 0.0004 | LR 0.000300
Episode  3205 | Steps  1,593,413 | SPS      81 | Reward  +1.00 | Clip 0.176 | KL 0.7680 | V_loss 0.0004 | LR 0.000300
Episode  3210 | Steps  1,595,908 | SPS      81 | Reward  +1.00 | Clip 0.176 | KL 0.7684 | V_loss 0.0003 | LR 0.000300
Episode  3215 | Steps  1,598,403 | SPS      81 | Reward  +1.00 | Clip 0.176 | KL 0.7386 | V_loss 0.0003 | LR 0.000300
Episode  3220 | Steps  1,600,898 | SPS      81 | Reward  +1.00 | Clip 0.175 | KL 0.5737 | V_loss 0.0004 | LR 0.000300
Episode  3225 | Steps  1,603,393 | SPS      81 | Reward  +1.00 | Clip 0.175 | KL 0.6690 | V_loss 0.0004 | LR 0.000300
Episode  3230 | Steps  1,605,888 | SPS      81 | Reward  +1.00 | Clip 0.175 | KL 0.5247 | V_loss 0.0005 | LR 0.000300
Episode  3235 | Steps  1,608,383 | SPS      81 | Reward  +1.00 | Clip 0.174 | KL 0.5360 | V_loss 0.0007 | LR 0.000300
Episode  3240 | Steps  1,610,878 | SPS      81 | Reward  +1.00 | Clip 0.174 | KL 0.5844 | V_loss 0.0005 | LR 0.000300
Episode  3245 | Steps  1,613,373 | SPS      81 | Reward  +1.00 | Clip 0.173 | KL 0.7421 | V_loss 0.0004 | LR 0.000300
Episode  3250 | Steps  1,615,868 | SPS      81 | Reward  +1.00 | Clip 0.172 | KL 0.3947 | V_loss 0.0004 | LR 0.000300
Episode  3255 | Steps  1,618,363 | SPS      81 | Reward  +1.00 | Clip 0.171 | KL 0.6428 | V_loss 0.0003 | LR 0.000300
Episode  3260 | Steps  1,620,858 | SPS      81 | Reward  +1.00 | Clip 0.171 | KL 0.5914 | V_loss 0.0005 | LR 0.000300
Episode  3265 | Steps  1,623,353 | SPS      81 | Reward  +1.00 | Clip 0.171 | KL 0.7152 | V_loss 0.0007 | LR 0.000300
Episode  3270 | Steps  1,625,848 | SPS      81 | Reward  +1.00 | Clip 0.171 | KL 0.6683 | V_loss 0.0004 | LR 0.000300
Episode  3275 | Steps  1,628,343 | SPS      81 | Reward  +1.00 | Clip 0.171 | KL 0.4496 | V_loss 0.0003 | LR 0.000300
Episode  3280 | Steps  1,630,838 | SPS      81 | Reward  +1.00 | Clip 0.171 | KL 0.8441 | V_loss 0.0008 | LR 0.000300
Episode  3285 | Steps  1,633,333 | SPS      81 | Reward  +1.00 | Clip 0.171 | KL 0.6392 | V_loss 0.0007 | LR 0.000300
Episode  3290 | Steps  1,635,828 | SPS      81 | Reward  +1.00 | Clip 0.170 | KL 0.7768 | V_loss 0.0006 | LR 0.000300
Episode  3295 | Steps  1,638,323 | SPS      81 | Reward  +1.00 | Clip 0.170 | KL 0.5677 | V_loss 0.0006 | LR 0.000300
Episode  3300 | Steps  1,640,818 | SPS      81 | Reward  +1.00 | Clip 0.170 | KL 0.5348 | V_loss 0.0003 | LR 0.000300
Episode  3305 | Steps  1,643,313 | SPS      81 | Reward  +1.00 | Clip 0.170 | KL 0.5503 | V_loss 0.0005 | LR 0.000300
Episode  3310 | Steps  1,645,808 | SPS      82 | Reward  +1.00 | Clip 0.170 | KL 0.7047 | V_loss 0.0005 | LR 0.000300
Episode  3315 | Steps  1,648,303 | SPS      82 | Reward  +1.00 | Clip 0.169 | KL 0.6915 | V_loss 0.0003 | LR 0.000300
Episode  3320 | Steps  1,650,798 | SPS      82 | Reward  +1.00 | Clip 0.169 | KL 0.6528 | V_loss 0.0003 | LR 0.000300
Episode  3325 | Steps  1,653,293 | SPS      82 | Reward  +1.00 | Clip 0.168 | KL 0.5643 | V_loss 0.0004 | LR 0.000300
Episode  3330 | Steps  1,655,788 | SPS      82 | Reward  +1.00 | Clip 0.169 | KL 0.5557 | V_loss 0.0003 | LR 0.000300
Episode  3335 | Steps  1,658,283 | SPS      82 | Reward  +1.00 | Clip 0.169 | KL 0.4676 | V_loss 0.0003 | LR 0.000300
Episode  3340 | Steps  1,660,778 | SPS      82 | Reward  +1.00 | Clip 0.169 | KL 0.5374 | V_loss 0.0003 | LR 0.000300
Episode  3345 | Steps  1,663,273 | SPS      82 | Reward  +1.00 | Clip 0.169 | KL 0.8535 | V_loss 0.0004 | LR 0.000300
Episode  3350 | Steps  1,665,768 | SPS      82 | Reward  +1.00 | Clip 0.169 | KL 0.4648 | V_loss 0.0003 | LR 0.000300
Episode  3355 | Steps  1,668,263 | SPS      82 | Reward  +1.00 | Clip 0.169 | KL 0.4605 | V_loss 0.0004 | LR 0.000300
Episode  3360 | Steps  1,670,758 | SPS      82 | Reward  +1.00 | Clip 0.169 | KL 0.7223 | V_loss 0.0004 | LR 0.000300
Episode  3365 | Steps  1,673,253 | SPS      82 | Reward  +1.00 | Clip 0.169 | KL 0.7067 | V_loss 0.0003 | LR 0.000300
Episode  3370 | Steps  1,675,748 | SPS      82 | Reward  +1.00 | Clip 0.168 | KL 0.6712 | V_loss 0.0003 | LR 0.000300
Episode  3375 | Steps  1,678,243 | SPS      82 | Reward  +1.00 | Clip 0.168 | KL 0.5442 | V_loss 0.0005 | LR 0.000300
Episode  3380 | Steps  1,680,738 | SPS      82 | Reward  +1.00 | Clip 0.168 | KL 0.5924 | V_loss 0.0003 | LR 0.000300
Episode  3385 | Steps  1,683,233 | SPS      82 | Reward  +1.00 | Clip 0.169 | KL 0.6255 | V_loss 0.0003 | LR 0.000300
Episode  3390 | Steps  1,685,728 | SPS      82 | Reward  +1.00 | Clip 0.170 | KL 0.5899 | V_loss 0.0007 | LR 0.000300
Episode  3395 | Steps  1,688,223 | SPS      82 | Reward  +1.00 | Clip 0.170 | KL 0.6333 | V_loss 0.0003 | LR 0.000300
Episode  3400 | Steps  1,690,718 | SPS      82 | Reward  +1.00 | Clip 0.169 | KL 0.6211 | V_loss 0.0002 | LR 0.000300
Episode  3405 | Steps  1,693,213 | SPS      82 | Reward  +1.00 | Clip 0.170 | KL 0.7758 | V_loss 0.0004 | LR 0.000300
Episode  3410 | Steps  1,695,708 | SPS      82 | Reward  +1.00 | Clip 0.170 | KL 0.5845 | V_loss 0.0003 | LR 0.000300
Episode  3415 | Steps  1,698,203 | SPS      82 | Reward  +1.00 | Clip 0.170 | KL 0.6940 | V_loss 0.0004 | LR 0.000300
Episode  3420 | Steps  1,700,698 | SPS      82 | Reward  +1.00 | Clip 0.170 | KL 0.6253 | V_loss 0.0002 | LR 0.000300
Episode  3425 | Steps  1,703,193 | SPS      82 | Reward  +1.00 | Clip 0.170 | KL 0.4175 | V_loss 0.0002 | LR 0.000300
Episode  3430 | Steps  1,705,688 | SPS      82 | Reward  +1.00 | Clip 0.170 | KL 0.7546 | V_loss 0.0004 | LR 0.000300
Episode  3435 | Steps  1,708,183 | SPS      82 | Reward  +1.00 | Clip 0.171 | KL 0.6242 | V_loss 0.0003 | LR 0.000300
Episode  3440 | Steps  1,710,678 | SPS      82 | Reward  +1.00 | Clip 0.171 | KL 0.6496 | V_loss 0.0003 | LR 0.000300
Episode  3445 | Steps  1,713,173 | SPS      82 | Reward  +1.00 | Clip 0.171 | KL 0.6743 | V_loss 0.0003 | LR 0.000300
Episode  3450 | Steps  1,715,668 | SPS      82 | Reward  +1.00 | Clip 0.170 | KL 0.5295 | V_loss 0.0002 | LR 0.000300
Episode  3455 | Steps  1,718,163 | SPS      82 | Reward  +1.00 | Clip 0.171 | KL 0.5060 | V_loss 0.0005 | LR 0.000300
Episode  3460 | Steps  1,720,658 | SPS      82 | Reward  +1.00 | Clip 0.171 | KL 0.7137 | V_loss 0.0003 | LR 0.000300
Episode  3465 | Steps  1,723,153 | SPS      82 | Reward  +1.00 | Clip 0.172 | KL 0.4249 | V_loss 0.0003 | LR 0.000300
Episode  3470 | Steps  1,725,648 | SPS      82 | Reward  +1.00 | Clip 0.172 | KL 0.7824 | V_loss 0.0003 | LR 0.000300
Episode  3475 | Steps  1,728,143 | SPS      82 | Reward  +1.00 | Clip 0.173 | KL 0.5374 | V_loss 0.0002 | LR 0.000300
Episode  3480 | Steps  1,730,638 | SPS      82 | Reward  +1.00 | Clip 0.174 | KL 0.6174 | V_loss 0.0004 | LR 0.000300
Episode  3485 | Steps  1,733,133 | SPS      82 | Reward  +1.00 | Clip 0.175 | KL 0.7571 | V_loss 0.0003 | LR 0.000300
Episode  3490 | Steps  1,735,628 | SPS      82 | Reward  +1.00 | Clip 0.176 | KL 0.6759 | V_loss 0.0003 | LR 0.000300
Episode  3495 | Steps  1,738,123 | SPS      83 | Reward  +1.00 | Clip 0.177 | KL 0.8255 | V_loss 0.0004 | LR 0.000300
Episode  3500 | Steps  1,740,618 | SPS      83 | Reward  +1.00 | Clip 0.179 | KL 0.5372 | V_loss 0.0003 | LR 0.000300
Episode  3505 | Steps  1,743,113 | SPS      83 | Reward  +1.00 | Clip 0.180 | KL 0.6664 | V_loss 0.0004 | LR 0.000300
Episode  3510 | Steps  1,745,608 | SPS      83 | Reward  +1.00 | Clip 0.181 | KL 0.6909 | V_loss 0.0005 | LR 0.000300
Episode  3515 | Steps  1,748,103 | SPS      83 | Reward  +1.00 | Clip 0.183 | KL 0.7514 | V_loss 0.0003 | LR 0.000300
Episode  3520 | Steps  1,750,598 | SPS      83 | Reward  +1.00 | Clip 0.184 | KL 0.4055 | V_loss 0.0006 | LR 0.000300
Episode  3525 | Steps  1,753,093 | SPS      83 | Reward  +1.00 | Clip 0.186 | KL 0.4646 | V_loss 0.0004 | LR 0.000300
Episode  3530 | Steps  1,755,588 | SPS      83 | Reward  +1.00 | Clip 0.187 | KL 0.5006 | V_loss 0.0004 | LR 0.000300
Episode  3535 | Steps  1,758,083 | SPS      83 | Reward  +1.00 | Clip 0.187 | KL 0.4542 | V_loss 0.0005 | LR 0.000300
Episode  3540 | Steps  1,760,578 | SPS      83 | Reward  +1.00 | Clip 0.187 | KL 0.5487 | V_loss 0.0003 | LR 0.000300
Episode  3545 | Steps  1,763,073 | SPS      83 | Reward  +1.00 | Clip 0.188 | KL 0.6819 | V_loss 0.0005 | LR 0.000300
Episode  3550 | Steps  1,765,568 | SPS      83 | Reward  +1.00 | Clip 0.188 | KL 0.6193 | V_loss 0.0004 | LR 0.000300
Episode  3555 | Steps  1,768,063 | SPS      83 | Reward  +1.00 | Clip 0.188 | KL 0.4615 | V_loss 0.0005 | LR 0.000300
Episode  3560 | Steps  1,770,558 | SPS      83 | Reward  +1.00 | Clip 0.190 | KL 0.8798 | V_loss 0.0007 | LR 0.000300
Episode  3565 | Steps  1,773,053 | SPS      83 | Reward  +1.00 | Clip 0.191 | KL 0.6231 | V_loss 0.0005 | LR 0.000300
Episode  3570 | Steps  1,775,548 | SPS      83 | Reward  +1.00 | Clip 0.192 | KL 0.7691 | V_loss 0.0011 | LR 0.000300
Episode  3575 | Steps  1,778,043 | SPS      83 | Reward  +1.00 | Clip 0.194 | KL 0.6667 | V_loss 0.0005 | LR 0.000300
Episode  3580 | Steps  1,780,538 | SPS      83 | Reward  +1.00 | Clip 0.196 | KL 0.7548 | V_loss 0.0004 | LR 0.000300
Episode  3585 | Steps  1,782,958 | SPS      83 | Reward  +0.98 | Clip 0.197 | KL 0.4423 | V_loss 0.0080 | LR 0.000300
Episode  3590 | Steps  1,785,218 | SPS      83 | Reward  +0.96 | Clip 0.198 | KL 0.5154 | V_loss 0.0068 | LR 0.000300
Episode  3595 | Steps  1,787,635 | SPS      83 | Reward  +0.94 | Clip 0.199 | KL 0.6206 | V_loss 0.0050 | LR 0.000300
Episode  3600 | Steps  1,790,130 | SPS      83 | Reward  +0.94 | Clip 0.200 | KL 0.4611 | V_loss 0.0017 | LR 0.000300
Episode  3605 | Steps  1,792,625 | SPS      83 | Reward  +0.94 | Clip 0.201 | KL 0.4666 | V_loss 0.0010 | LR 0.000300
Episode  3610 | Steps  1,795,120 | SPS      83 | Reward  +0.94 | Clip 0.202 | KL 0.5178 | V_loss 0.0007 | LR 0.000300
Episode  3615 | Steps  1,797,615 | SPS      83 | Reward  +0.94 | Clip 0.204 | KL 0.4636 | V_loss 0.0007 | LR 0.000300
Episode  3620 | Steps  1,800,057 | SPS      83 | Reward  +0.92 | Clip 0.205 | KL 0.3635 | V_loss 0.0026 | LR 0.000300
Episode  3625 | Steps  1,802,552 | SPS      83 | Reward  +0.92 | Clip 0.206 | KL 0.4946 | V_loss 0.0008 | LR 0.000300
Episode  3630 | Steps  1,805,047 | SPS      83 | Reward  +0.92 | Clip 0.207 | KL 0.5161 | V_loss 0.0008 | LR 0.000300
Episode  3635 | Steps  1,807,542 | SPS      83 | Reward  +0.92 | Clip 0.208 | KL 0.4493 | V_loss 0.0005 | LR 0.000300
Episode  3640 | Steps  1,810,037 | SPS      83 | Reward  +0.92 | Clip 0.209 | KL 0.6170 | V_loss 0.0005 | LR 0.000300
Episode  3645 | Steps  1,812,532 | SPS      83 | Reward  +0.92 | Clip 0.209 | KL 0.5669 | V_loss 0.0010 | LR 0.000300
Episode  3650 | Steps  1,815,027 | SPS      83 | Reward  +0.92 | Clip 0.211 | KL 0.6758 | V_loss 0.0007 | LR 0.000300
Episode  3655 | Steps  1,817,522 | SPS      83 | Reward  +0.92 | Clip 0.211 | KL 0.5239 | V_loss 0.0009 | LR 0.000300
Episode  3660 | Steps  1,820,017 | SPS      83 | Reward  +0.92 | Clip 0.212 | KL 0.6031 | V_loss 0.0005 | LR 0.000300
Episode  3665 | Steps  1,822,512 | SPS      83 | Reward  +0.92 | Clip 0.213 | KL 0.6707 | V_loss 0.0017 | LR 0.000300
Episode  3670 | Steps  1,825,007 | SPS      83 | Reward  +0.92 | Clip 0.214 | KL 0.6508 | V_loss 0.0008 | LR 0.000300
Episode  3675 | Steps  1,827,502 | SPS      83 | Reward  +0.92 | Clip 0.215 | KL 0.5556 | V_loss 0.0015 | LR 0.000300
Episode  3680 | Steps  1,829,997 | SPS      83 | Reward  +0.92 | Clip 0.216 | KL 0.7721 | V_loss 0.0007 | LR 0.000300
Episode  3685 | Steps  1,832,492 | SPS      83 | Reward  +0.94 | Clip 0.217 | KL 0.6375 | V_loss 0.0005 | LR 0.000300
Episode  3690 | Steps  1,834,987 | SPS      83 | Reward  +0.96 | Clip 0.217 | KL 0.5786 | V_loss 0.0006 | LR 0.000300
Episode  3695 | Steps  1,837,482 | SPS      83 | Reward  +0.98 | Clip 0.218 | KL 0.4566 | V_loss 0.0005 | LR 0.000300
Episode  3700 | Steps  1,839,977 | SPS      83 | Reward  +0.98 | Clip 0.219 | KL 0.6525 | V_loss 0.0004 | LR 0.000300
Episode  3705 | Steps  1,842,472 | SPS      83 | Reward  +0.98 | Clip 0.220 | KL 0.5025 | V_loss 0.0005 | LR 0.000300
Episode  3710 | Steps  1,844,967 | SPS      83 | Reward  +0.98 | Clip 0.221 | KL 0.5904 | V_loss 0.0006 | LR 0.000300
Episode  3715 | Steps  1,847,462 | SPS      83 | Reward  +0.98 | Clip 0.221 | KL 0.5505 | V_loss 0.0004 | LR 0.000300
Episode  3720 | Steps  1,849,957 | SPS      83 | Reward  +1.00 | Clip 0.222 | KL 0.5007 | V_loss 0.0004 | LR 0.000300
Episode  3725 | Steps  1,852,452 | SPS      83 | Reward  +1.00 | Clip 0.223 | KL 0.6555 | V_loss 0.0004 | LR 0.000300
Episode  3730 | Steps  1,854,947 | SPS      83 | Reward  +1.00 | Clip 0.225 | KL 0.8030 | V_loss 0.0004 | LR 0.000300
Episode  3735 | Steps  1,857,442 | SPS      83 | Reward  +1.00 | Clip 0.225 | KL 0.5574 | V_loss 0.0004 | LR 0.000300
Episode  3740 | Steps  1,859,937 | SPS      83 | Reward  +1.00 | Clip 0.226 | KL 0.7289 | V_loss 0.0004 | LR 0.000300
Episode  3745 | Steps  1,862,432 | SPS      83 | Reward  +1.00 | Clip 0.227 | KL 0.5865 | V_loss 0.0005 | LR 0.000300
Episode  3750 | Steps  1,864,927 | SPS      83 | Reward  +1.00 | Clip 0.229 | KL 0.5100 | V_loss 0.0003 | LR 0.000300
Episode  3755 | Steps  1,867,422 | SPS      83 | Reward  +1.00 | Clip 0.229 | KL 0.4847 | V_loss 0.0004 | LR 0.000300
Episode  3760 | Steps  1,869,917 | SPS      83 | Reward  +1.00 | Clip 0.230 | KL 0.4771 | V_loss 0.0004 | LR 0.000300
Episode  3765 | Steps  1,872,412 | SPS      83 | Reward  +1.00 | Clip 0.231 | KL 0.4384 | V_loss 0.0006 | LR 0.000300
Episode  3770 | Steps  1,874,907 | SPS      83 | Reward  +1.00 | Clip 0.231 | KL 0.5518 | V_loss 0.0004 | LR 0.000300
Episode  3775 | Steps  1,877,402 | SPS      83 | Reward  +1.00 | Clip 0.232 | KL 0.6438 | V_loss 0.0006 | LR 0.000300
Episode  3780 | Steps  1,879,897 | SPS      83 | Reward  +1.00 | Clip 0.232 | KL 0.3297 | V_loss 0.0004 | LR 0.000300
Episode  3785 | Steps  1,882,392 | SPS      83 | Reward  +1.00 | Clip 0.234 | KL 0.6660 | V_loss 0.0004 | LR 0.000300
Episode  3790 | Steps  1,884,887 | SPS      83 | Reward  +1.00 | Clip 0.235 | KL 0.5375 | V_loss 0.0004 | LR 0.000300
Episode  3795 | Steps  1,887,382 | SPS      83 | Reward  +1.00 | Clip 0.236 | KL 0.6369 | V_loss 0.0004 | LR 0.000300
Episode  3800 | Steps  1,889,877 | SPS      83 | Reward  +1.00 | Clip 0.237 | KL 0.4091 | V_loss 0.0003 | LR 0.000300
Episode  3805 | Steps  1,892,372 | SPS      83 | Reward  +1.00 | Clip 0.238 | KL 0.4157 | V_loss 0.0003 | LR 0.000300
Episode  3810 | Steps  1,894,867 | SPS      83 | Reward  +1.00 | Clip 0.239 | KL 0.4767 | V_loss 0.0004 | LR 0.000300
Episode  3815 | Steps  1,897,362 | SPS      83 | Reward  +1.00 | Clip 0.241 | KL 0.4961 | V_loss 0.0003 | LR 0.000300
Episode  3820 | Steps  1,899,857 | SPS      83 | Reward  +1.00 | Clip 0.242 | KL 0.4885 | V_loss 0.0002 | LR 0.000300
Episode  3825 | Steps  1,902,352 | SPS      83 | Reward  +1.00 | Clip 0.242 | KL 0.6228 | V_loss 0.0003 | LR 0.000300
Episode  3830 | Steps  1,904,847 | SPS      83 | Reward  +1.00 | Clip 0.244 | KL 0.5169 | V_loss 0.0003 | LR 0.000300
Episode  3835 | Steps  1,907,342 | SPS      83 | Reward  +1.00 | Clip 0.245 | KL 0.5915 | V_loss 0.0004 | LR 0.000300
Episode  3840 | Steps  1,909,837 | SPS      83 | Reward  +1.00 | Clip 0.246 | KL 0.6163 | V_loss 0.0005 | LR 0.000300
Episode  3845 | Steps  1,912,332 | SPS      84 | Reward  +1.00 | Clip 0.247 | KL 0.7104 | V_loss 0.0005 | LR 0.000300
Episode  3850 | Steps  1,914,827 | SPS      83 | Reward  +1.00 | Clip 0.248 | KL 0.6366 | V_loss 0.0004 | LR 0.000300
Episode  3855 | Steps  1,917,322 | SPS      83 | Reward  +1.00 | Clip 0.250 | KL 0.5433 | V_loss 0.0006 | LR 0.000300
Episode  3860 | Steps  1,919,817 | SPS      83 | Reward  +1.00 | Clip 0.250 | KL 0.4800 | V_loss 0.0006 | LR 0.000300
Episode  3865 | Steps  1,922,312 | SPS      83 | Reward  +1.00 | Clip 0.252 | KL 0.5086 | V_loss 0.0006 | LR 0.000300
Episode  3870 | Steps  1,924,807 | SPS      83 | Reward  +1.00 | Clip 0.254 | KL 0.6116 | V_loss 0.0004 | LR 0.000300
Episode  3875 | Steps  1,927,302 | SPS      83 | Reward  +1.00 | Clip 0.255 | KL 0.5324 | V_loss 0.0004 | LR 0.000300
Episode  3880 | Steps  1,929,797 | SPS      83 | Reward  +1.00 | Clip 0.257 | KL 0.5148 | V_loss 0.0010 | LR 0.000300
Episode  3885 | Steps  1,932,292 | SPS      83 | Reward  +1.00 | Clip 0.259 | KL 0.4893 | V_loss 0.0008 | LR 0.000300
Episode  3890 | Steps  1,934,787 | SPS      83 | Reward  +1.00 | Clip 0.259 | KL 0.5159 | V_loss 0.0006 | LR 0.000300
Episode  3895 | Steps  1,937,282 | SPS      83 | Reward  +1.00 | Clip 0.261 | KL 0.5740 | V_loss 0.0006 | LR 0.000300
Episode  3900 | Steps  1,939,777 | SPS      83 | Reward  +1.00 | Clip 0.263 | KL 0.4871 | V_loss 0.0012 | LR 0.000300
Episode  3905 | Steps  1,942,272 | SPS      83 | Reward  +1.00 | Clip 0.264 | KL 0.6299 | V_loss 0.0007 | LR 0.000300
Episode  3910 | Steps  1,944,767 | SPS      83 | Reward  +1.00 | Clip 0.266 | KL 0.5633 | V_loss 0.0008 | LR 0.000300
Episode  3915 | Steps  1,947,262 | SPS      83 | Reward  +1.00 | Clip 0.267 | KL 0.5212 | V_loss 0.0008 | LR 0.000300
Episode  3920 | Steps  1,949,757 | SPS      83 | Reward  +1.00 | Clip 0.269 | KL 0.5523 | V_loss 0.0007 | LR 0.000300
Episode  3925 | Steps  1,952,252 | SPS      83 | Reward  +1.00 | Clip 0.271 | KL 0.5358 | V_loss 0.0009 | LR 0.000300
Episode  3930 | Steps  1,954,747 | SPS      83 | Reward  +1.00 | Clip 0.272 | KL 0.5596 | V_loss 0.0006 | LR 0.000300
Episode  3935 | Steps  1,957,242 | SPS      83 | Reward  +1.00 | Clip 0.273 | KL 0.5068 | V_loss 0.0013 | LR 0.000300
Episode  3940 | Steps  1,959,737 | SPS      83 | Reward  +1.00 | Clip 0.274 | KL 0.5589 | V_loss 0.0006 | LR 0.000300
Episode  3945 | Steps  1,962,232 | SPS      83 | Reward  +1.00 | Clip 0.276 | KL 0.4073 | V_loss 0.0008 | LR 0.000300
Episode  3950 | Steps  1,964,727 | SPS      83 | Reward  +1.00 | Clip 0.277 | KL 0.4832 | V_loss 0.0005 | LR 0.000300
Episode  3955 | Steps  1,967,222 | SPS      83 | Reward  +1.00 | Clip 0.278 | KL 0.4974 | V_loss 0.0010 | LR 0.000300
Episode  3960 | Steps  1,969,717 | SPS      83 | Reward  +1.00 | Clip 0.279 | KL 0.4631 | V_loss 0.0006 | LR 0.000300
Episode  3965 | Steps  1,972,212 | SPS      83 | Reward  +1.00 | Clip 0.280 | KL 0.5206 | V_loss 0.0008 | LR 0.000300
Episode  3970 | Steps  1,974,707 | SPS      83 | Reward  +1.00 | Clip 0.281 | KL 0.6039 | V_loss 0.0005 | LR 0.000300
Episode  3975 | Steps  1,977,202 | SPS      83 | Reward  +1.00 | Clip 0.281 | KL 0.4581 | V_loss 0.0006 | LR 0.000300
Episode  3980 | Steps  1,979,697 | SPS      83 | Reward  +1.00 | Clip 0.282 | KL 0.6319 | V_loss 0.0004 | LR 0.000300
Episode  3985 | Steps  1,982,192 | SPS      83 | Reward  +1.00 | Clip 0.283 | KL 0.7273 | V_loss 0.0004 | LR 0.000300
Episode  3990 | Steps  1,984,687 | SPS      82 | Reward  +1.00 | Clip 0.283 | KL 0.6399 | V_loss 0.0005 | LR 0.000300
Episode  3995 | Steps  1,987,182 | SPS      82 | Reward  +1.00 | Clip 0.284 | KL 0.5708 | V_loss 0.0005 | LR 0.000300
Episode  4000 | Steps  1,989,677 | SPS      82 | Reward  +1.00 | Clip 0.284 | KL 0.6593 | V_loss 0.0005 | LR 0.000300
Episode  4005 | Steps  1,992,172 | SPS      82 | Reward  +1.00 | Clip 0.285 | KL 0.3646 | V_loss 0.0003 | LR 0.000300
Episode  4010 | Steps  1,994,508 | SPS      82 | Reward  +0.98 | Clip 0.285 | KL 0.3698 | V_loss 0.0023 | LR 0.000300
Episode  4015 | Steps  1,997,003 | SPS      82 | Reward  +0.98 | Clip 0.284 | KL 0.7413 | V_loss 0.0005 | LR 0.000300
Episode  4020 | Steps  1,999,498 | SPS      82 | Reward  +0.98 | Clip 0.285 | KL 0.5481 | V_loss 0.0006 | LR 0.000300
Episode  4025 | Steps  2,001,993 | SPS      82 | Reward  +0.98 | Clip 0.284 | KL 0.5408 | V_loss 0.0004 | LR 0.000300
Checkpoint saved at checkpoints/step_2001993

Training complete! Total steps: 2,001,993
