Loading environment cabt failed: dlopen(/Users/saheb/home/kaggle-orbit-wars/orbit_wars_rl/.venv/lib/python3.14/site-packages/kaggle_environments/envs/cabt/cg/libcg.so, 0x0006): tried: '/Users/saheb/home/kaggle-orbit-wars/orbit_wars_rl/.venv/lib/python3.14/site-packages/kaggle_environments/envs/cabt/cg/libcg.so' (slice is not valid mach-o file), '/System/Volumes/Preboot/Cryptexes/OS/Users/saheb/home/kaggle-orbit-wars/orbit_wars_rl/.venv/lib/python3.14/site-packages/kaggle_environments/envs/cabt/cg/libcg.so' (no such file), '/Users/saheb/home/kaggle-orbit-wars/orbit_wars_rl/.venv/lib/python3.14/site-packages/kaggle_environments/envs/cabt/cg/libcg.so' (slice is not valid mach-o file)
[kaggle_environments.envs.open_spiel_env.open_spiel_env] INFO: Successfully loaded OpenSpiel environments: 23.
[kaggle_environments.envs.open_spiel_env.open_spiel_env] INFO:    open_spiel_amazons
[kaggle_environments.envs.open_spiel_env.open_spiel_env] INFO:    open_spiel_backgammon
[kaggle_environments.envs.open_spiel_env.open_spiel_env] INFO:    open_spiel_checkers
[kaggle_environments.envs.open_spiel_env.open_spiel_env] INFO:    open_spiel_chess
[kaggle_environments.envs.open_spiel_env.open_spiel_env] INFO:    open_spiel_clobber
[kaggle_environments.envs.open_spiel_env.open_spiel_env] INFO:    open_spiel_coin_game
[kaggle_environments.envs.open_spiel_env.open_spiel_env] INFO:    open_spiel_connect_four
[kaggle_environments.envs.open_spiel_env.open_spiel_env] INFO:    open_spiel_dark_hex
[kaggle_environments.envs.open_spiel_env.open_spiel_env] INFO:    open_spiel_gin_rummy
[kaggle_environments.envs.open_spiel_env.open_spiel_env] INFO:    open_spiel_go
[kaggle_environments.envs.open_spiel_env.open_spiel_env] INFO:    open_spiel_goofspiel
[kaggle_environments.envs.open_spiel_env.open_spiel_env] INFO:    open_spiel_hearts
[kaggle_environments.envs.open_spiel_env.open_spiel_env] INFO:    open_spiel_hex
[kaggle_environments.envs.open_spiel_env.open_spiel_env] INFO:    open_spiel_lines_of_action
[kaggle_environments.envs.open_spiel_env.open_spiel_env] INFO:    open_spiel_matching_pennies_3p
[kaggle_environments.envs.open_spiel_env.open_spiel_env] INFO:    open_spiel_oshi_zumo
[kaggle_environments.envs.open_spiel_env.open_spiel_env] INFO:    open_spiel_othello
[kaggle_environments.envs.open_spiel_env.open_spiel_env] INFO:    open_spiel_repeated_game
[kaggle_environments.envs.open_spiel_env.open_spiel_env] INFO:    open_spiel_tic_tac_toe
[kaggle_environments.envs.open_spiel_env.open_spiel_env] INFO:    open_spiel_y
[kaggle_environments.envs.open_spiel_env.open_spiel_env] INFO:    open_spiel_universal_poker
[kaggle_environments.envs.open_spiel_env.open_spiel_env] INFO:    open_spiel_repeated_poker
[kaggle_environments.envs.open_spiel_env.open_spiel_env] INFO:    open_spiel_python_repeated_pokerkit
[kaggle_environments.envs.open_spiel_env.open_spiel_env] INFO: OpenSpiel games skipped: 1.
[kaggle_environments.envs.open_spiel_env.open_spiel_env] INFO:    snake
Training on device: mps
Model params: 307,482
Resumed model weights from checkpoints/bc_warmstart.pt
Collecting 12 teacher games for PPO BC regularization...
BC regularization samples: 432

Starting training: 250,000 env steps
Batch size: 2048, Minibatches: 4
Self-play pool: 8 snapshots
Shaping coef: 0.001
Parallel envs: 4
Opponent policy: random
Env backend: fast
Rollout inference device: cpu
Uniform exploration epsilon: 0.02 -> 0.005
BC regularization: coef=0.02 samples=432 agent=../main.py

Spawning 4 environment workers...
Loading environment cabt failed: dlopen(/Users/saheb/home/kaggle-orbit-wars/orbit_wars_rl/.venv/lib/python3.14/site-packages/kaggle_environments/envs/cabt/cg/libcg.so, 0x0006): tried: '/Users/saheb/home/kaggle-orbit-wars/orbit_wars_rl/.venv/lib/python3.14/site-packages/kaggle_environments/envs/cabt/cg/libcg.so' (slice is not valid mach-o file), '/System/Volumes/Preboot/Cryptexes/OS/Users/saheb/home/kaggle-orbit-wars/orbit_wars_rl/.venv/lib/python3.14/site-packages/kaggle_environments/envs/cabt/cg/libcg.so' (no such file), '/Users/saheb/home/kaggle-orbit-wars/orbit_wars_rl/.venv/lib/python3.14/site-packages/kaggle_environments/envs/cabt/cg/libcg.so' (slice is not valid mach-o file)
Loading environment cabt failed: dlopen(/Users/saheb/home/kaggle-orbit-wars/orbit_wars_rl/.venv/lib/python3.14/site-packages/kaggle_environments/envs/cabt/cg/libcg.so, 0x0006): tried: '/Users/saheb/home/kaggle-orbit-wars/orbit_wars_rl/.venv/lib/python3.14/site-packages/kaggle_environments/envs/cabt/cg/libcg.so' (slice is not valid mach-o file), '/System/Volumes/Preboot/Cryptexes/OS/Users/saheb/home/kaggle-orbit-wars/orbit_wars_rl/.venv/lib/python3.14/site-packages/kaggle_environments/envs/cabt/cg/libcg.so' (no such file), '/Users/saheb/home/kaggle-orbit-wars/orbit_wars_rl/.venv/lib/python3.14/site-packages/kaggle_environments/envs/cabt/cg/libcg.so' (slice is not valid mach-o file)
Loading environment cabt failed: dlopen(/Users/saheb/home/kaggle-orbit-wars/orbit_wars_rl/.venv/lib/python3.14/site-packages/kaggle_environments/envs/cabt/cg/libcg.so, 0x0006): tried: '/Users/saheb/home/kaggle-orbit-wars/orbit_wars_rl/.venv/lib/python3.14/site-packages/kaggle_environments/envs/cabt/cg/libcg.so' (slice is not valid mach-o file), '/System/Volumes/Preboot/Cryptexes/OS/Users/saheb/home/kaggle-orbit-wars/orbit_wars_rl/.venv/lib/python3.14/site-packages/kaggle_environments/envs/cabt/cg/libcg.so' (no such file), '/Users/saheb/home/kaggle-orbit-wars/orbit_wars_rl/.venv/lib/python3.14/site-packages/kaggle_environments/envs/cabt/cg/libcg.so' (slice is not valid mach-o file)
Loading environment cabt failed: dlopen(/Users/saheb/home/kaggle-orbit-wars/orbit_wars_rl/.venv/lib/python3.14/site-packages/kaggle_environments/envs/cabt/cg/libcg.so, 0x0006): tried: '/Users/saheb/home/kaggle-orbit-wars/orbit_wars_rl/.venv/lib/python3.14/site-packages/kaggle_environments/envs/cabt/cg/libcg.so' (slice is not valid mach-o file), '/System/Volumes/Preboot/Cryptexes/OS/Users/saheb/home/kaggle-orbit-wars/orbit_wars_rl/.venv/lib/python3.14/site-packages/kaggle_environments/envs/cabt/cg/libcg.so' (no such file), '/Users/saheb/home/kaggle-orbit-wars/orbit_wars_rl/.venv/lib/python3.14/site-packages/kaggle_environments/envs/cabt/cg/libcg.so' (slice is not valid mach-o file)
[kaggle_environments.envs.open_spiel_env.open_spiel_env] INFO: Successfully loaded OpenSpiel environments: 23.
[kaggle_environments.envs.open_spiel_env.open_spiel_env] INFO:    open_spiel_amazons
[kaggle_environments.envs.open_spiel_env.open_spiel_env] INFO:    open_spiel_backgammon
[kaggle_environments.envs.open_spiel_env.open_spiel_env] INFO:    open_spiel_checkers
[kaggle_environments.envs.open_spiel_env.open_spiel_env] INFO:    open_spiel_chess
[kaggle_environments.envs.open_spiel_env.open_spiel_env] INFO:    open_spiel_clobber
[kaggle_environments.envs.open_spiel_env.open_spiel_env] INFO:    open_spiel_coin_game
[kaggle_environments.envs.open_spiel_env.open_spiel_env] INFO:    open_spiel_connect_four
[kaggle_environments.envs.open_spiel_env.open_spiel_env] INFO:    open_spiel_dark_hex
[kaggle_environments.envs.open_spiel_env.open_spiel_env] INFO:    open_spiel_gin_rummy
[kaggle_environments.envs.open_spiel_env.open_spiel_env] INFO:    open_spiel_go
[kaggle_environments.envs.open_spiel_env.open_spiel_env] INFO:    open_spiel_goofspiel
[kaggle_environments.envs.open_spiel_env.open_spiel_env] INFO:    open_spiel_hearts
[kaggle_environments.envs.open_spiel_env.open_spiel_env] INFO:    open_spiel_hex
[kaggle_environments.envs.open_spiel_env.open_spiel_env] INFO:    open_spiel_lines_of_action
[kaggle_environments.envs.open_spiel_env.open_spiel_env] INFO:    open_spiel_matching_pennies_3p
[kaggle_environments.envs.open_spiel_env.open_spiel_env] INFO:    open_spiel_oshi_zumo
[kaggle_environments.envs.open_spiel_env.open_spiel_env] INFO:    open_spiel_othello
[kaggle_environments.envs.open_spiel_env.open_spiel_env] INFO:    open_spiel_repeated_game
[kaggle_environments.envs.open_spiel_env.open_spiel_env] INFO: Successfully loaded OpenSpiel environments: 23.
[kaggle_environments.envs.open_spiel_env.open_spiel_env] INFO:    open_spiel_tic_tac_toe
[kaggle_environments.envs.open_spiel_env.open_spiel_env] INFO:    open_spiel_y
[kaggle_environments.envs.open_spiel_env.open_spiel_env] INFO:    open_spiel_universal_poker
[kaggle_environments.envs.open_spiel_env.open_spiel_env] INFO:    open_spiel_repeated_poker
[kaggle_environments.envs.open_spiel_env.open_spiel_env] INFO:    open_spiel_python_repeated_pokerkit
[kaggle_environments.envs.open_spiel_env.open_spiel_env] INFO:    open_spiel_amazons
[kaggle_environments.envs.open_spiel_env.open_spiel_env] INFO: OpenSpiel games skipped: 1.
[kaggle_environments.envs.open_spiel_env.open_spiel_env] INFO:    snake
[kaggle_environments.envs.open_spiel_env.open_spiel_env] INFO:    open_spiel_backgammon
[kaggle_environments.envs.open_spiel_env.open_spiel_env] INFO:    open_spiel_checkers
[kaggle_environments.envs.open_spiel_env.open_spiel_env] INFO:    open_spiel_chess
[kaggle_environments.envs.open_spiel_env.open_spiel_env] INFO:    open_spiel_clobber
[kaggle_environments.envs.open_spiel_env.open_spiel_env] INFO:    open_spiel_coin_game
[kaggle_environments.envs.open_spiel_env.open_spiel_env] INFO:    open_spiel_connect_four
[kaggle_environments.envs.open_spiel_env.open_spiel_env] INFO:    open_spiel_dark_hex
[kaggle_environments.envs.open_spiel_env.open_spiel_env] INFO:    open_spiel_gin_rummy
[kaggle_environments.envs.open_spiel_env.open_spiel_env] INFO:    open_spiel_go
[kaggle_environments.envs.open_spiel_env.open_spiel_env] INFO:    open_spiel_goofspiel
[kaggle_environments.envs.open_spiel_env.open_spiel_env] INFO:    open_spiel_hearts
[kaggle_environments.envs.open_spiel_env.open_spiel_env] INFO:    open_spiel_hex
[kaggle_environments.envs.open_spiel_env.open_spiel_env] INFO:    open_spiel_lines_of_action
[kaggle_environments.envs.open_spiel_env.open_spiel_env] INFO:    open_spiel_matching_pennies_3p
[kaggle_environments.envs.open_spiel_env.open_spiel_env] INFO:    open_spiel_oshi_zumo
[kaggle_environments.envs.open_spiel_env.open_spiel_env] INFO:    open_spiel_othello
[kaggle_environments.envs.open_spiel_env.open_spiel_env] INFO:    open_spiel_repeated_game
[kaggle_environments.envs.open_spiel_env.open_spiel_env] INFO:    open_spiel_tic_tac_toe
[kaggle_environments.envs.open_spiel_env.open_spiel_env] INFO:    open_spiel_y
[kaggle_environments.envs.open_spiel_env.open_spiel_env] INFO:    open_spiel_universal_poker
[kaggle_environments.envs.open_spiel_env.open_spiel_env] INFO:    open_spiel_repeated_poker
[kaggle_environments.envs.open_spiel_env.open_spiel_env] INFO:    open_spiel_python_repeated_pokerkit
[kaggle_environments.envs.open_spiel_env.open_spiel_env] INFO: OpenSpiel games skipped: 1.
[kaggle_environments.envs.open_spiel_env.open_spiel_env] INFO:    snake
[kaggle_environments.envs.open_spiel_env.open_spiel_env] INFO: Successfully loaded OpenSpiel environments: 23.
[kaggle_environments.envs.open_spiel_env.open_spiel_env] INFO:    open_spiel_amazons
[kaggle_environments.envs.open_spiel_env.open_spiel_env] INFO:    open_spiel_backgammon
[kaggle_environments.envs.open_spiel_env.open_spiel_env] INFO:    open_spiel_checkers
[kaggle_environments.envs.open_spiel_env.open_spiel_env] INFO:    open_spiel_chess
[kaggle_environments.envs.open_spiel_env.open_spiel_env] INFO:    open_spiel_clobber
[kaggle_environments.envs.open_spiel_env.open_spiel_env] INFO:    open_spiel_coin_game
[kaggle_environments.envs.open_spiel_env.open_spiel_env] INFO:    open_spiel_connect_four
[kaggle_environments.envs.open_spiel_env.open_spiel_env] INFO:    open_spiel_dark_hex
[kaggle_environments.envs.open_spiel_env.open_spiel_env] INFO:    open_spiel_gin_rummy
[kaggle_environments.envs.open_spiel_env.open_spiel_env] INFO:    open_spiel_go
[kaggle_environments.envs.open_spiel_env.open_spiel_env] INFO:    open_spiel_goofspiel
[kaggle_environments.envs.open_spiel_env.open_spiel_env] INFO:    open_spiel_hearts
[kaggle_environments.envs.open_spiel_env.open_spiel_env] INFO:    open_spiel_hex
[kaggle_environments.envs.open_spiel_env.open_spiel_env] INFO:    open_spiel_lines_of_action
[kaggle_environments.envs.open_spiel_env.open_spiel_env] INFO:    open_spiel_matching_pennies_3p
[kaggle_environments.envs.open_spiel_env.open_spiel_env] INFO:    open_spiel_oshi_zumo
[kaggle_environments.envs.open_spiel_env.open_spiel_env] INFO:    open_spiel_othello
[kaggle_environments.envs.open_spiel_env.open_spiel_env] INFO:    open_spiel_repeated_game
[kaggle_environments.envs.open_spiel_env.open_spiel_env] INFO:    open_spiel_tic_tac_toe
[kaggle_environments.envs.open_spiel_env.open_spiel_env] INFO:    open_spiel_y
[kaggle_environments.envs.open_spiel_env.open_spiel_env] INFO:    open_spiel_universal_poker
[kaggle_environments.envs.open_spiel_env.open_spiel_env] INFO:    open_spiel_repeated_poker
[kaggle_environments.envs.open_spiel_env.open_spiel_env] INFO:    open_spiel_python_repeated_pokerkit
[kaggle_environments.envs.open_spiel_env.open_spiel_env] INFO: OpenSpiel games skipped: 1.
[kaggle_environments.envs.open_spiel_env.open_spiel_env] INFO:    snake
[kaggle_environments.envs.open_spiel_env.open_spiel_env] INFO: Successfully loaded OpenSpiel environments: 23.
[kaggle_environments.envs.open_spiel_env.open_spiel_env] INFO:    open_spiel_amazons
[kaggle_environments.envs.open_spiel_env.open_spiel_env] INFO:    open_spiel_backgammon
[kaggle_environments.envs.open_spiel_env.open_spiel_env] INFO:    open_spiel_checkers
[kaggle_environments.envs.open_spiel_env.open_spiel_env] INFO:    open_spiel_chess
[kaggle_environments.envs.open_spiel_env.open_spiel_env] INFO:    open_spiel_clobber
[kaggle_environments.envs.open_spiel_env.open_spiel_env] INFO:    open_spiel_coin_game
[kaggle_environments.envs.open_spiel_env.open_spiel_env] INFO:    open_spiel_connect_four
[kaggle_environments.envs.open_spiel_env.open_spiel_env] INFO:    open_spiel_dark_hex
[kaggle_environments.envs.open_spiel_env.open_spiel_env] INFO:    open_spiel_gin_rummy
[kaggle_environments.envs.open_spiel_env.open_spiel_env] INFO:    open_spiel_go
[kaggle_environments.envs.open_spiel_env.open_spiel_env] INFO:    open_spiel_goofspiel
[kaggle_environments.envs.open_spiel_env.open_spiel_env] INFO:    open_spiel_hearts
[kaggle_environments.envs.open_spiel_env.open_spiel_env] INFO:    open_spiel_hex
[kaggle_environments.envs.open_spiel_env.open_spiel_env] INFO:    open_spiel_lines_of_action
[kaggle_environments.envs.open_spiel_env.open_spiel_env] INFO:    open_spiel_matching_pennies_3p
[kaggle_environments.envs.open_spiel_env.open_spiel_env] INFO:    open_spiel_oshi_zumo
[kaggle_environments.envs.open_spiel_env.open_spiel_env] INFO:    open_spiel_othello
[kaggle_environments.envs.open_spiel_env.open_spiel_env] INFO:    open_spiel_repeated_game
[kaggle_environments.envs.open_spiel_env.open_spiel_env] INFO:    open_spiel_tic_tac_toe
[kaggle_environments.envs.open_spiel_env.open_spiel_env] INFO:    open_spiel_y
[kaggle_environments.envs.open_spiel_env.open_spiel_env] INFO:    open_spiel_universal_poker
[kaggle_environments.envs.open_spiel_env.open_spiel_env] INFO:    open_spiel_repeated_poker
[kaggle_environments.envs.open_spiel_env.open_spiel_env] INFO:    open_spiel_python_repeated_pokerkit
[kaggle_environments.envs.open_spiel_env.open_spiel_env] INFO: OpenSpiel games skipped: 1.
[kaggle_environments.envs.open_spiel_env.open_spiel_env] INFO:    snake
Episode     7 | Steps      2,048 | SPS      71 | Reward  -0.71 | Clip 0.020 | KL 0.1806 | V_loss 0.0319 | LR 0.000000
Episode    13 | Steps      4,096 | SPS      88 | Reward  -0.38 | Clip 0.020 | KL 0.2181 | V_loss 0.0826 | LR 0.000000
Episode    20 | Steps      6,144 | SPS      88 | Reward  -0.60 | Clip 0.018 | KL 0.0786 | V_loss 0.0274 | LR 0.000000
Episode    26 | Steps      8,192 | SPS      81 | Reward  -0.69 | Clip 0.018 | KL 0.2007 | V_loss 0.0253 | LR 0.000000
Episode    32 | Steps     10,240 | SPS      69 | Reward  -0.75 | Clip 0.018 | KL 0.1264 | V_loss 0.0248 | LR 0.000000
Episode    38 | Steps     12,288 | SPS      72 | Reward  -0.79 | Clip 0.018 | KL 0.1253 | V_loss 0.0296 | LR 0.000000
Episode    44 | Steps     14,336 | SPS      71 | Reward  -0.77 | Clip 0.018 | KL 0.1426 | V_loss 0.0212 | LR 0.000001
Episode    49 | Steps     16,384 | SPS      71 | Reward  -0.71 | Clip 0.018 | KL 0.2662 | V_loss 0.1395 | LR 0.000001
Episode    54 | Steps     18,432 | SPS      73 | Reward  -0.67 | Clip 0.018 | KL 0.1976 | V_loss 0.1473 | LR 0.000001
Episode    59 | Steps     20,480 | SPS      73 | Reward  -0.66 | Clip 0.018 | KL 0.3290 | V_loss 0.0508 | LR 0.000001
Episode    64 | Steps     22,528 | SPS      71 | Reward  -0.62 | Clip 0.018 | KL 0.4677 | V_loss 0.2273 | LR 0.000001
Episode    69 | Steps     24,576 | SPS      71 | Reward  -0.59 | Clip 0.018 | KL 0.3009 | V_loss 0.0587 | LR 0.000001
Episode    74 | Steps     26,624 | SPS      73 | Reward  -0.57 | Clip 0.019 | KL 0.3560 | V_loss 0.0376 | LR 0.000001
Episode    80 | Steps     28,672 | SPS      74 | Reward  -0.57 | Clip 0.019 | KL 0.1904 | V_loss 0.0687 | LR 0.000001
Episode    85 | Steps     30,720 | SPS      74 | Reward  -0.58 | Clip 0.018 | KL 0.2251 | V_loss 0.0701 | LR 0.000001
Episode    91 | Steps     32,768 | SPS      76 | Reward  -0.58 | Clip 0.018 | KL 0.1858 | V_loss 0.0365 | LR 0.000001
Episode    96 | Steps     34,816 | SPS      77 | Reward  -0.60 | Clip 0.018 | KL 0.1619 | V_loss 0.0199 | LR 0.000001
Episode   102 | Steps     36,864 | SPS      78 | Reward  -0.58 | Clip 0.018 | KL 0.2249 | V_loss 0.1089 | LR 0.000001
Episode   108 | Steps     38,912 | SPS      79 | Reward  -0.56 | Clip 0.018 | KL 0.2114 | V_loss 0.0389 | LR 0.000002
Episode   114 | Steps     40,960 | SPS      80 | Reward  -0.58 | Clip 0.018 | KL 0.1440 | V_loss 0.0413 | LR 0.000002
Episode   119 | Steps     43,008 | SPS      81 | Reward  -0.54 | Clip 0.017 | KL 0.2418 | V_loss 0.1054 | LR 0.000002
Episode   124 | Steps     45,056 | SPS      82 | Reward  -0.50 | Clip 0.017 | KL 0.1766 | V_loss 0.0716 | LR 0.000002
Episode   129 | Steps     47,104 | SPS      82 | Reward  -0.46 | Clip 0.017 | KL 0.2632 | V_loss 0.0565 | LR 0.000002
Episode   136 | Steps     49,152 | SPS      82 | Reward  -0.42 | Clip 0.017 | KL 0.1340 | V_loss 0.0384 | LR 0.000002
Episode   143 | Steps     51,200 | SPS      83 | Reward  -0.36 | Clip 0.017 | KL 0.0922 | V_loss 0.0580 | LR 0.000002
Episode   149 | Steps     53,248 | SPS      83 | Reward  -0.40 | Clip 0.017 | KL 0.1589 | V_loss 0.0496 | LR 0.000002
Episode   154 | Steps     55,296 | SPS      84 | Reward  -0.40 | Clip 0.017 | KL 0.3983 | V_loss 0.1901 | LR 0.000002
Episode   159 | Steps     57,344 | SPS      84 | Reward  -0.40 | Clip 0.017 | KL 0.0872 | V_loss 0.1253 | LR 0.000002
Episode   164 | Steps     59,392 | SPS      85 | Reward  -0.40 | Clip 0.017 | KL 0.3182 | V_loss 0.1231 | LR 0.000002
Episode   170 | Steps     61,440 | SPS      85 | Reward  -0.38 | Clip 0.017 | KL 0.0752 | V_loss 0.1065 | LR 0.000002
Episode   175 | Steps     63,488 | SPS      84 | Reward  -0.42 | Clip 0.017 | KL 0.1975 | V_loss 0.0285 | LR 0.000002
Episode   181 | Steps     65,536 | SPS      83 | Reward  -0.42 | Clip 0.017 | KL 0.1865 | V_loss 0.0483 | LR 0.000003
Episode   186 | Steps     67,584 | SPS      83 | Reward  -0.40 | Clip 0.016 | KL 0.2102 | V_loss 0.1765 | LR 0.000003
Episode   191 | Steps     69,632 | SPS      82 | Reward  -0.40 | Clip 0.016 | KL 0.0838 | V_loss 0.0690 | LR 0.000003
Episode   196 | Steps     71,680 | SPS      81 | Reward  -0.34 | Clip 0.016 | KL 0.1781 | V_loss 0.2058 | LR 0.000003
Episode   201 | Steps     73,728 | SPS      79 | Reward  -0.36 | Clip 0.016 | KL 0.1224 | V_loss 0.0349 | LR 0.000003
Episode   206 | Steps     75,776 | SPS      80 | Reward  -0.36 | Clip 0.016 | KL 0.1853 | V_loss 0.1573 | LR 0.000003
Episode   212 | Steps     77,824 | SPS      80 | Reward  -0.34 | Clip 0.016 | KL 0.1576 | V_loss 0.0684 | LR 0.000003
Episode   218 | Steps     79,872 | SPS      80 | Reward  -0.36 | Clip 0.016 | KL 0.1127 | V_loss 0.0268 | LR 0.000003
Episode   223 | Steps     81,920 | SPS      79 | Reward  -0.38 | Clip 0.016 | KL 0.2194 | V_loss 0.0820 | LR 0.000003
Episode   228 | Steps     83,968 | SPS      77 | Reward  -0.38 | Clip 0.016 | KL 0.0837 | V_loss 0.1444 | LR 0.000003
Episode   234 | Steps     86,016 | SPS      78 | Reward  -0.36 | Clip 0.016 | KL 0.1816 | V_loss 0.0557 | LR 0.000003
Episode   239 | Steps     88,064 | SPS      78 | Reward  -0.38 | Clip 0.015 | KL 0.1365 | V_loss 0.0887 | LR 0.000003
Episode   245 | Steps     90,112 | SPS      79 | Reward  -0.38 | Clip 0.015 | KL 0.1349 | V_loss 0.0511 | LR 0.000004
Episode   250 | Steps     92,160 | SPS      79 | Reward  -0.40 | Clip 0.015 | KL 0.1471 | V_loss 0.0331 | LR 0.000004
Episode   255 | Steps     94,208 | SPS      79 | Reward  -0.44 | Clip 0.015 | KL 0.0473 | V_loss 0.0175 | LR 0.000004
Episode   261 | Steps     96,256 | SPS      79 | Reward  -0.42 | Clip 0.015 | KL 0.2041 | V_loss 0.1075 | LR 0.000004
Episode   267 | Steps     98,304 | SPS      79 | Reward  -0.48 | Clip 0.015 | KL 0.1383 | V_loss 0.0282 | LR 0.000004
Episode   273 | Steps    100,352 | SPS      79 | Reward  -0.50 | Clip 0.015 | KL 0.2067 | V_loss 0.1913 | LR 0.000004
Episode   279 | Steps    102,400 | SPS      80 | Reward  -0.48 | Clip 0.015 | KL 0.0973 | V_loss 0.0473 | LR 0.000004
Episode   285 | Steps    104,448 | SPS      80 | Reward  -0.48 | Clip 0.015 | KL 0.2005 | V_loss 0.0342 | LR 0.000004
Episode   291 | Steps    106,496 | SPS      80 | Reward  -0.50 | Clip 0.015 | KL 0.0885 | V_loss 0.0242 | LR 0.000004
Episode   297 | Steps    108,544 | SPS      80 | Reward  -0.54 | Clip 0.014 | KL 0.1174 | V_loss 0.0754 | LR 0.000004
Episode   303 | Steps    110,592 | SPS      81 | Reward  -0.52 | Clip 0.014 | KL 0.1350 | V_loss 0.1288 | LR 0.000004
Episode   309 | Steps    112,640 | SPS      80 | Reward  -0.54 | Clip 0.014 | KL 0.0383 | V_loss 0.0359 | LR 0.000004
Episode   314 | Steps    114,688 | SPS      80 | Reward  -0.54 | Clip 0.014 | KL 0.1050 | V_loss 0.2062 | LR 0.000004
Episode   319 | Steps    116,736 | SPS      80 | Reward  -0.52 | Clip 0.014 | KL 0.1766 | V_loss 0.2243 | LR 0.000005
Episode   325 | Steps    118,784 | SPS      81 | Reward  -0.52 | Clip 0.014 | KL 0.0959 | V_loss 0.2090 | LR 0.000005
Episode   331 | Steps    120,832 | SPS      81 | Reward  -0.58 | Clip 0.014 | KL 0.1406 | V_loss 0.0304 | LR 0.000005
Episode   337 | Steps    122,880 | SPS      82 | Reward  -0.60 | Clip 0.014 | KL 0.0819 | V_loss 0.0214 | LR 0.000005
Episode   342 | Steps    124,928 | SPS      82 | Reward  -0.58 | Clip 0.014 | KL 0.1707 | V_loss 0.1747 | LR 0.000005
Episode   348 | Steps    126,976 | SPS      80 | Reward  -0.56 | Clip 0.014 | KL 0.1635 | V_loss 0.0572 | LR 0.000005
Checkpoint saved at checkpoints/step_126976
Eval vs random: fire_threshold=0.100 | win_rate=12.50% (2/16) | avg_material=741.1
Episode   353 | Steps    129,024 | SPS      77 | Reward  -0.54 | Clip 0.014 | KL 0.1901 | V_loss 0.0654 | LR 0.000005
Episode   358 | Steps    131,072 | SPS      77 | Reward  -0.52 | Clip 0.014 | KL 0.1518 | V_loss 0.1639 | LR 0.000005
Episode   364 | Steps    133,120 | SPS      78 | Reward  -0.54 | Clip 0.014 | KL 0.0646 | V_loss 0.0235 | LR 0.000005
Episode   370 | Steps    135,168 | SPS      78 | Reward  -0.54 | Clip 0.013 | KL 0.0504 | V_loss 0.0254 | LR 0.000005
Episode   375 | Steps    137,216 | SPS      78 | Reward  -0.52 | Clip 0.013 | KL 0.0856 | V_loss 0.0660 | LR 0.000005
Episode   381 | Steps    139,264 | SPS      79 | Reward  -0.54 | Clip 0.013 | KL 0.0661 | V_loss 0.0371 | LR 0.000005
Episode   386 | Steps    141,312 | SPS      79 | Reward  -0.56 | Clip 0.013 | KL 0.1075 | V_loss 0.0242 | LR 0.000006
Episode   391 | Steps    143,360 | SPS      79 | Reward  -0.52 | Clip 0.013 | KL 0.1308 | V_loss 0.1220 | LR 0.000006
Episode   397 | Steps    145,408 | SPS      80 | Reward  -0.52 | Clip 0.013 | KL 0.0700 | V_loss 0.0422 | LR 0.000006
Episode   402 | Steps    147,456 | SPS      80 | Reward  -0.48 | Clip 0.013 | KL 0.1077 | V_loss 0.1277 | LR 0.000006
Episode   407 | Steps    149,504 | SPS      80 | Reward  -0.48 | Clip 0.013 | KL 0.1157 | V_loss 0.1271 | LR 0.000006
Episode   412 | Steps    151,552 | SPS      81 | Reward  -0.46 | Clip 0.013 | KL 0.0812 | V_loss 0.1095 | LR 0.000006
Episode   417 | Steps    153,600 | SPS      81 | Reward  -0.50 | Clip 0.013 | KL 0.1052 | V_loss 0.2223 | LR 0.000006
Episode   422 | Steps    155,648 | SPS      81 | Reward  -0.48 | Clip 0.013 | KL 0.1002 | V_loss 0.1244 | LR 0.000006
Episode   427 | Steps    157,696 | SPS      81 | Reward  -0.48 | Clip 0.013 | KL 0.0890 | V_loss 0.0697 | LR 0.000006
Episode   432 | Steps    159,744 | SPS      82 | Reward  -0.44 | Clip 0.013 | KL 0.0972 | V_loss 0.0887 | LR 0.000006
Episode   438 | Steps    161,792 | SPS      82 | Reward  -0.44 | Clip 0.012 | KL 0.1040 | V_loss 0.0578 | LR 0.000006
Episode   443 | Steps    163,840 | SPS      83 | Reward  -0.48 | Clip 0.012 | KL 0.1242 | V_loss 0.1699 | LR 0.000006
Episode   448 | Steps    165,888 | SPS      83 | Reward  -0.48 | Clip 0.012 | KL 0.1036 | V_loss 0.0966 | LR 0.000006
Episode   453 | Steps    167,936 | SPS      83 | Reward  -0.48 | Clip 0.012 | KL 0.1382 | V_loss 0.0990 | LR 0.000007
Episode   458 | Steps    169,984 | SPS      83 | Reward  -0.50 | Clip 0.012 | KL 0.1071 | V_loss 0.0392 | LR 0.000007
Episode   463 | Steps    172,032 | SPS      83 | Reward  -0.48 | Clip 0.012 | KL 0.0683 | V_loss 0.0568 | LR 0.000007
Episode   470 | Steps    174,080 | SPS      84 | Reward  -0.48 | Clip 0.012 | KL 0.0250 | V_loss 0.0290 | LR 0.000007
Episode   476 | Steps    176,128 | SPS      84 | Reward  -0.50 | Clip 0.012 | KL 0.0621 | V_loss 0.0367 | LR 0.000007
Episode   482 | Steps    178,176 | SPS      84 | Reward  -0.48 | Clip 0.012 | KL 0.0694 | V_loss 0.0316 | LR 0.000007
Episode   487 | Steps    180,224 | SPS      84 | Reward  -0.44 | Clip 0.012 | KL 0.1031 | V_loss 0.1080 | LR 0.000007
Episode   493 | Steps    182,272 | SPS      84 | Reward  -0.46 | Clip 0.012 | KL 0.0704 | V_loss 0.0509 | LR 0.000007
Episode   498 | Steps    184,320 | SPS      84 | Reward  -0.46 | Clip 0.012 | KL 0.0685 | V_loss 0.0484 | LR 0.000007
Episode   504 | Steps    186,368 | SPS      84 | Reward  -0.48 | Clip 0.012 | KL 0.0564 | V_loss 0.2434 | LR 0.000007
Episode   509 | Steps    188,416 | SPS      85 | Reward  -0.50 | Clip 0.011 | KL 0.0784 | V_loss 0.0980 | LR 0.000007
Episode   514 | Steps    190,464 | SPS      85 | Reward  -0.52 | Clip 0.011 | KL 0.0436 | V_loss 0.1181 | LR 0.000007
Episode   520 | Steps    192,512 | SPS      85 | Reward  -0.52 | Clip 0.011 | KL 0.0499 | V_loss 0.0882 | LR 0.000008
Episode   526 | Steps    194,560 | SPS      85 | Reward  -0.54 | Clip 0.011 | KL 0.0808 | V_loss 0.1493 | LR 0.000008
Episode   532 | Steps    196,608 | SPS      85 | Reward  -0.56 | Clip 0.011 | KL 0.0652 | V_loss 0.0852 | LR 0.000008
Episode   537 | Steps    198,656 | SPS      85 | Reward  -0.54 | Clip 0.011 | KL 0.1129 | V_loss 0.0231 | LR 0.000008
Episode   543 | Steps    200,704 | SPS      85 | Reward  -0.52 | Clip 0.011 | KL 0.0760 | V_loss 0.1709 | LR 0.000008
Episode   548 | Steps    202,752 | SPS      85 | Reward  -0.50 | Clip 0.011 | KL 0.0472 | V_loss 0.0703 | LR 0.000008
Episode   554 | Steps    204,800 | SPS      85 | Reward  -0.46 | Clip 0.011 | KL 0.0936 | V_loss 0.0843 | LR 0.000008
Episode   559 | Steps    206,848 | SPS      85 | Reward  -0.44 | Clip 0.011 | KL 0.0410 | V_loss 0.0392 | LR 0.000008
Episode   566 | Steps    208,896 | SPS      85 | Reward  -0.44 | Clip 0.011 | KL 0.0277 | V_loss 0.0615 | LR 0.000008
Episode   572 | Steps    210,944 | SPS      85 | Reward  -0.40 | Clip 0.010 | KL 0.0433 | V_loss 0.0822 | LR 0.000008
Episode   578 | Steps    212,992 | SPS      85 | Reward  -0.38 | Clip 0.010 | KL 0.1171 | V_loss 0.0917 | LR 0.000008
Episode   584 | Steps    215,040 | SPS      85 | Reward  -0.42 | Clip 0.010 | KL 0.0921 | V_loss 0.0373 | LR 0.000008
Episode   589 | Steps    217,088 | SPS      86 | Reward  -0.42 | Clip 0.010 | KL 0.0507 | V_loss 0.0505 | LR 0.000008
Episode   595 | Steps    219,136 | SPS      86 | Reward  -0.40 | Clip 0.010 | KL 0.0796 | V_loss 0.1039 | LR 0.000009
Episode   601 | Steps    221,184 | SPS      86 | Reward  -0.36 | Clip 0.010 | KL 0.0559 | V_loss 0.1356 | LR 0.000009
Episode   606 | Steps    223,232 | SPS      86 | Reward  -0.38 | Clip 0.010 | KL 0.0826 | V_loss 0.0874 | LR 0.000009
Episode   612 | Steps    225,280 | SPS      86 | Reward  -0.34 | Clip 0.010 | KL 0.0623 | V_loss 0.0730 | LR 0.000009
Episode   618 | Steps    227,328 | SPS      86 | Reward  -0.36 | Clip 0.009 | KL 0.0494 | V_loss 0.0276 | LR 0.000009
Episode   624 | Steps    229,376 | SPS      86 | Reward  -0.36 | Clip 0.009 | KL 0.0623 | V_loss 0.0277 | LR 0.000009
Episode   629 | Steps    231,424 | SPS      86 | Reward  -0.36 | Clip 0.009 | KL 0.0481 | V_loss 0.0586 | LR 0.000009
Episode   634 | Steps    233,472 | SPS      86 | Reward  -0.36 | Clip 0.009 | KL 0.0280 | V_loss 0.0303 | LR 0.000009
Episode   639 | Steps    235,520 | SPS      87 | Reward  -0.34 | Clip 0.009 | KL 0.1862 | V_loss 0.2233 | LR 0.000009
Episode   644 | Steps    237,568 | SPS      87 | Reward  -0.34 | Clip 0.009 | KL 0.0999 | V_loss 0.2111 | LR 0.000009
Episode   650 | Steps    239,616 | SPS      87 | Reward  -0.36 | Clip 0.009 | KL 0.0793 | V_loss 0.1582 | LR 0.000009
Episode   656 | Steps    241,664 | SPS      87 | Reward  -0.40 | Clip 0.009 | KL 0.0302 | V_loss 0.0857 | LR 0.000009
Episode   661 | Steps    243,712 | SPS      87 | Reward  -0.36 | Clip 0.008 | KL 0.0278 | V_loss 0.1234 | LR 0.000010
Episode   666 | Steps    245,760 | SPS      87 | Reward  -0.36 | Clip 0.008 | KL 0.0171 | V_loss 0.1766 | LR 0.000010
Episode   672 | Steps    247,808 | SPS      88 | Reward  -0.38 | Clip 0.008 | KL 0.0663 | V_loss 0.0320 | LR 0.000010
Episode   678 | Steps    249,856 | SPS      88 | Reward  -0.40 | Clip 0.008 | KL 0.0559 | V_loss 0.0532 | LR 0.000010
Episode   684 | Steps    251,904 | SPS      88 | Reward  -0.40 | Clip 0.008 | KL 0.0499 | V_loss 0.0473 | LR 0.000010
Checkpoint saved at checkpoints/step_251904

Training complete! Total steps: 251,904
